[  540.986970][    C2] syz.4.20: page allocation failure: order:0, mode:0x40820(GFP_ATOMIC|__GFP_COMP), nodemask=(null)
[  540.986981][    C3] SLUB: Unable to allocate memory on CPU 3 (of node 0) on node -1, gfp=0x820(GFP_ATOMIC)
[  540.986981][    C1] SLUB: Unable to allocate memory on CPU 1 (of node 0) on node -1, gfp=0x920(GFP_ATOMIC|__GFP_ZERO)
[  540.987192][    C3]   cache: skbuff_head_cache, object size: 232, buffer size: 320, default order: 1, min order: 0
[  540.987275][    C3]   node 0: slabs: 5628, objs: 133810, free: 0
[  540.987987][    C3] SLUB: Unable to allocate memory on CPU 3 (of node 0) on node -1, gfp=0x920(GFP_ATOMIC|__GFP_ZERO)
[  540.988049][    C3]   cache: kmalloc-1k, object size: 1024, buffer size: 2048, default order: 3, min order: 0
[  540.988101][    C3]   node 0: slabs: 4417, objs: 45010, free: 0
[  540.988212][    C3] SLUB: Unable to allocate memory on CPU 3 (of node 0) on node -1, gfp=0x920(GFP_ATOMIC|__GFP_ZERO)
[  540.988271][    C3]   cache: kmalloc-1k, object size: 1024, buffer size: 2048, default order: 3, min order: 0
[  540.988399][    C3]   node 0: slabs: 4417, objs: 45010, free: 0
[  540.988562][    C3] SLUB: Unable to allocate memory on CPU 3 (of node 0) on node -1, gfp=0x920(GFP_ATOMIC|__GFP_ZERO)
[  540.988622][    C3]   cache: kmalloc-1k, object size: 1024, buffer size: 2048, default order: 3, min order: 0
[  540.988673][    C3]   node 0: slabs: 4417, objs: 45010, free: 0
[  540.988771][    C3] SLUB: Unable to allocate memory on CPU 3 (of node 0) on node -1, gfp=0x920(GFP_ATOMIC|__GFP_ZERO)
[  540.988830][    C3]   cache: kmalloc-1k, object size: 1024, buffer size: 2048, default order: 3, min order: 0
[  540.988881][    C3]   node 0: slabs: 4417, objs: 45010, free: 0
[  540.988979][    C3] SLUB: Unable to allocate memory on CPU 3 (of node 0) on node -1, gfp=0x920(GFP_ATOMIC|__GFP_ZERO)
[  540.989038][    C3]   cache: kmalloc-1k, object size: 1024, buffer size: 2048, default order: 3, min order: 0
[  540.989089][    C3]   node 0: slabs: 4417, objs: 45010, free: 0
[  540.989507][ T2009] SLUB: Unable to allocate memory on CPU 3 (of node 0) on node -1, gfp=0x820(GFP_ATOMIC)
[  540.989583][ T2009]   cache: skbuff_head_cache, object size: 232, buffer size: 320, default order: 1, min order: 0
[  540.989634][ T2009]   node 0: slabs: 5629, objs: 133835, free: 0
[  540.989679][ T2009] SLUB: Unable to allocate memory on CPU 3 (of node 0) on node -1, gfp=0x820(GFP_ATOMIC)
[  540.989730][ T2009]   cache: skbuff_head_cache, object size: 232, buffer size: 320, default order: 1, min order: 0
[  540.989780][ T2009]   node 0: slabs: 5629, objs: 133835, free: 0
[  540.989824][ T2009] SLUB: Unable to allocate memory on CPU 3 (of node 0) on node -1, gfp=0x820(GFP_ATOMIC)
[  540.989875][ T2009]   cache: skbuff_head_cache, object size: 232, buffer size: 320, default order: 1, min order: 0
[  540.989926][ T2009]   node 0: slabs: 5629, objs: 133835, free: 0
[  540.990587][    C1]   cache: kmalloc-1k, object size: 1024, buffer size: 2048, default order: 3, min order: 0
[  540.993582][    C2] ,cpuset=
[  540.996842][    C1]   node 0: slabs: 4417, objs: 45010, free: 0
[  541.000247][    C2] /,mems_allowed=0
[  541.070814][    C2] CPU: 2 UID: 0 PID: 2003 Comm: syz.4.20 Not tainted 6.13.0-rc7 #1
[  541.071752][    C2] Hardware name: QEMU Standard PC (i440FX + PIIX, 1996), BIOS 1.13.0-1ubuntu1.1 04/01/2014
[  541.071752][    C2] Call Trace:
[  541.071752][    C2]  <IRQ>
[  541.071752][    C2]  dump_stack_lvl+0x180/0x1b0
[  541.071752][    C2]  warn_alloc+0x1a8/0x2e0
[  541.071752][    C2]  ? mark_lock+0xfe/0x12d0
[  541.071752][    C2]  ? __pfx_warn_alloc+0x10/0x10
[  541.071752][    C2]  ? mark_lock+0xfe/0x12d0
[  541.071752][    C2]  ? srso_alias_return_thunk+0x5/0xfbef5
[  541.071752][    C2]  ? __pfx_get_page_from_freelist+0x10/0x10
[  541.071752][    C2]  ? srso_alias_return_thunk+0x5/0xfbef5
[  541.071752][    C2]  ? wake_all_kswapds+0x136/0x2f0
[  541.071752][    C2]  __alloc_pages_slowpath.constprop.0+0x1434/0x2170
[  541.071752][    C2]  ? __pfx_mark_lock+0x10/0x10
[  541.071752][    C2]  ? hlock_class+0x4e/0x130
[  541.071752][    C2]  ? srso_alias_return_thunk+0x5/0xfbef5
[  541.071752][    C2]  ? __pfx___alloc_pages_slowpath.constprop.0+0x10/0x10
[  541.071752][    C2]  ? __pfx_get_page_from_freelist+0x10/0x10
[  541.071752][    C2]  ? srso_alias_return_thunk+0x5/0xfbef5
[  541.071752][    C2]  ? __lock_acquire+0x1748/0x4a10
[  541.071752][    C2]  ? srso_alias_return_thunk+0x5/0xfbef5
[  541.071752][    C2]  ? srso_alias_return_thunk+0x5/0xfbef5
[  541.071752][    C2]  ? __sanitizer_cov_trace_pc+0x20/0x60
[  541.071752][    C2]  __alloc_pages_noprof+0x564/0x660
[  541.071752][    C2]  ? mark_lock+0xfe/0x12d0
[  541.071752][    C2]  ? __pfx___alloc_pages_noprof+0x10/0x10
[  541.071752][    C2]  ? __pfx___lock_acquire+0x10/0x10
[  541.071752][    C2]  ? srso_alias_return_thunk+0x5/0xfbef5
[  541.071752][    C2]  ? srso_alias_return_thunk+0x5/0xfbef5
[  541.071752][    C2]  ? __sanitizer_cov_trace_switch+0x54/0x90
[  541.071752][    C2]  ? srso_alias_return_thunk+0x5/0xfbef5
[  541.071752][    C2]  ? __sanitizer_cov_trace_pc+0x20/0x60
[  541.071752][    C2]  ? srso_alias_return_thunk+0x5/0xfbef5
[  541.071752][    C2]  ? policy_nodemask+0xeb/0x4e0
[  541.071752][    C2]  alloc_pages_mpol_noprof+0xf2/0x400
[  541.071752][    C2]  ? __pfx_alloc_pages_mpol_noprof+0x10/0x10
[  541.071752][    C2]  ? srso_alias_return_thunk+0x5/0xfbef5
[  541.071752][    C2]  ? write_comp_data+0x29/0x90
[  541.071752][    C2]  ? srso_alias_return_thunk+0x5/0xfbef5
[  541.071752][    C2]  ? __sanitizer_cov_trace_pc+0x20/0x60
[  541.071752][    C2]  new_slab+0x2df/0x3f0
[  541.071752][    C2]  ? __sanitizer_cov_trace_pc+0x20/0x60
[  541.071752][    C2]  ___slab_alloc+0xdde/0x16d0
[  541.071752][    C2]  ? ieee802_11_parse_elems_full+0xdf/0x1580
[  541.071752][    C2]  ? ___slab_alloc+0x46/0x16d0
[  541.071752][    C2]  ? srso_alias_return_thunk+0x5/0xfbef5
[  541.071752][    C2]  ? stack_trace_save+0x8f/0xc0
[  541.071752][    C2]  ? srso_alias_return_thunk+0x5/0xfbef5
[  541.071752][    C2]  ? ieee802_11_parse_elems_full+0xdf/0x1580
[  541.071752][    C2]  ? __slab_alloc.isra.0+0x56/0xb0
[  541.071752][    C2]  ? srso_alias_return_thunk+0x5/0xfbef5
[  541.071752][    C2]  __slab_alloc.isra.0+0x56/0xb0
[  541.071752][    C2]  ? ieee802_11_parse_elems_full+0xdf/0x1580
[  541.071752][    C2]  __kmalloc_noprof+0x2a0/0x570
[  541.071752][    C2]  ? cfg80211_inform_single_bss_data+0x740/0x20e0
[  541.071752][    C2]  ? ieee80211_scan_rx+0x474/0xac0
[  541.071752][    C2]  ? ieee80211_rx_list+0x1f00/0x2a80
[  541.071752][    C2]  ? ieee802_11_parse_elems_full+0xdf/0x1580
[  541.071752][    C2]  ieee802_11_parse_elems_full+0xdf/0x1580
[  541.071752][    C2]  ? srso_alias_return_thunk+0x5/0xfbef5
[  541.071752][    C2]  ? mark_lock+0xfe/0x12d0
[  541.071752][    C2]  ? __walk_page_range+0x162/0x870
[  541.071752][    C2]  ? walk_page_range_mm+0x422/0x900
[  541.071752][    C2]  ? __pfx_mark_lock+0x10/0x10
[  541.071752][    C2]  ? srso_alias_return_thunk+0x5/0xfbef5
[  541.071752][    C2]  ? __pfx_lock_acquire+0x10/0x10
[  541.071752][    C2]  ? srso_alias_return_thunk+0x5/0xfbef5
[  541.071752][    C2]  ? __pfx_ieee802_11_parse_elems_full+0x10/0x10
[  541.071752][    C2]  ? cfg80211_update_known_bss+0x412/0x1260
[  541.071752][    C2]  ? srso_alias_return_thunk+0x5/0xfbef5
[  541.071752][    C2]  ? srso_alias_return_thunk+0x5/0xfbef5
[  541.071752][    C2]  ? mark_held_locks+0x9e/0xe0
[  541.071752][    C2]  ? _raw_spin_unlock_irqrestore+0x58/0x70
[  541.071752][    C2]  ? _raw_spin_unlock_irqrestore+0x58/0x70
[  541.071752][    C2]  ieee80211_inform_bss+0xf3/0x10c0
[  541.071752][    C2]  ? srso_alias_return_thunk+0x5/0xfbef5
[  541.071752][    C2]  ? write_comp_data+0x29/0x90
[  541.071752][    C2]  ? srso_alias_return_thunk+0x5/0xfbef5
[  541.071752][    C2]  ? __sanitizer_cov_trace_pc+0x20/0x60
[  541.071752][    C2]  ? __pfx_ieee80211_inform_bss+0x10/0x10
[  541.071752][    C2]  ? write_comp_data+0x29/0x90
[  541.071752][    C2]  cfg80211_inform_single_bss_data+0x8a4/0x20e0
[  541.071752][    C2]  ? __pfx_ieee80211_inform_bss+0x10/0x10
[  541.071752][    C2]  ? __pfx_cfg80211_inform_single_bss_data+0x10/0x10
[  541.071752][    C2]  ? srso_alias_return_thunk+0x5/0xfbef5
[  541.071752][    C2]  ? __kernel_text_address+0xd/0x40
[  541.071752][    C2]  ? cfg80211_inform_bss_data+0x1d7/0x480
[  541.071752][    C2]  ? srso_alias_return_thunk+0x5/0xfbef5
[  541.071752][    C2]  cfg80211_inform_bss_data+0x1d7/0x480
[  541.071752][    C2]  ? __pfx_cfg80211_inform_bss_data+0x10/0x10
[  541.071752][    C2]  ? ieee80211_bss_info_update+0x2c1/0xb00
[  541.071752][    C2]  ? srso_alias_return_thunk+0x5/0xfbef5
[  541.071752][    C2]  cfg80211_inform_bss_frame_data+0x26a/0x6e0
[  541.071752][    C2]  ieee80211_bss_info_update+0x303/0xb00
[  541.071752][    C2]  ? srso_alias_return_thunk+0x5/0xfbef5
[  541.071752][    C2]  ? __pfx_ieee80211_bss_info_update+0x10/0x10
[  541.071752][    C2]  ? kcov_remote_start+0x341/0x680
[  541.071752][    C2]  ? srso_alias_return_thunk+0x5/0xfbef5
[  541.071752][    C2]  ? srso_alias_return_thunk+0x5/0xfbef5
[  541.071752][    C2]  ? __sanitizer_cov_trace_pc+0x20/0x60
[  541.071752][    C2]  ? srso_alias_return_thunk+0x5/0xfbef5
[  541.071752][    C2]  ? ieee80211_get_channel_khz+0x163/0x210
[  541.071752][    C2]  ieee80211_scan_rx+0x474/0xac0
[  541.071752][    C2]  ? write_comp_data+0x29/0x90
[  541.071752][    C2]  ? srso_alias_return_thunk+0x5/0xfbef5
[  541.071752][    C2]  ? srso_alias_return_thunk+0x5/0xfbef5
[  541.071752][    C2]  ieee80211_rx_list+0x1f62/0x2a80
[  541.071752][    C2]  ? srso_alias_return_thunk+0x5/0xfbef5
[  541.071752][    C2]  ? __pfx_ieee80211_rx_list+0x10/0x10
[  541.071752][    C2]  ? srso_alias_return_thunk+0x5/0xfbef5
[  541.071752][    C2]  ieee80211_rx_napi+0xe2/0x410
[  541.071752][    C2]  ? __pfx_ieee80211_rx_napi+0x10/0x10
[  541.071752][    C2]  ? write_comp_data+0x29/0x90
[  541.071752][    C2]  ieee80211_handle_queued_frames+0xd9/0x130
[  541.071752][    C2]  tasklet_action_common+0x279/0x810
[  541.071752][    C2]  handle_softirqs+0x1ad/0x870
[  541.071752][    C2]  irq_exit_rcu+0xee/0x140
[  541.071752][    C2]  sysvec_apic_timer_interrupt+0x94/0xb0
[  541.071752][    C2]  </IRQ>
[  541.071752][    C2]  <TASK>
[  541.071752][    C2]  asm_sysvec_apic_timer_interrupt+0x1a/0x20
[  541.071752][    C2] RIP: 0010:__sanitizer_cov_trace_const_cmp4+0x8/0x20
[  541.071752][    C2] Code: bf 03 00 00 00 e9 58 fe ff ff 0f 1f 84 00 00 00 00 00 90 90 90 90 90 90 90 90 90 90 90 90 90 90 90 90 f3 0f 1e fa 48 8b 0c 24 <89> f2 89 fe bf 05 00 00 00 e9 2a fe ff ff 66 2e 0f 1f 84 00 00 00
[  541.071752][    C2] RSP: 0018:ffa000000c6a74d0 EFLAGS: 00000246
[  541.071752][    C2] RAX: 0000000000000001 RBX: 00007fd47eced000 RCX: ffffffff9cd71473
[  541.071752][    C2] RDX: 1fe2200004660a17 RSI: 0000000000000001 RDI: 0000000000000000
[  541.071752][    C2] RBP: ffa000000c6a7550 R08: 0000000000000028 R09: fffffbfff5d9f0d5
[  541.071752][    C2] R10: fffffbfff5d9f0d4 R11: ffffffffaecf86a7 R12: 0000000000000001
[  541.071752][    C2] R13: 0000000000000040 R14: ff1100002431efb0 R15: 00007fd47eced000
[  541.071752][    C2]  ? ___pte_offset_map+0x53/0x340
[  541.071752][    C2]  ___pte_offset_map+0x53/0x340
[  541.071752][    C2]  ? ___pte_offset_map+0x31/0x340
[  541.071752][    C2]  __pte_offset_map_lock+0x93/0x330
[  541.071752][    C2]  ? __pfx___pte_offset_map_lock+0x10/0x10
[  541.071752][    C2]  ? srso_alias_return_thunk+0x5/0xfbef5
[  541.071752][    C2]  ? write_comp_data+0x29/0x90
[  541.071752][    C2]  ? srso_alias_return_thunk+0x5/0xfbef5
[  541.071752][    C2]  ? write_comp_data+0x29/0x90
[  541.071752][    C2]  madvise_cold_or_pageout_pte_range+0x174f/0x1fb0
[  541.071752][    C2]  ? __pfx_madvise_cold_or_pageout_pte_range+0x10/0x10
[  541.071752][    C2]  ? find_held_lock+0x2c/0x110
[  541.071752][    C2]  ? __pfx_madvise_cold_or_pageout_pte_range+0x10/0x10
[  541.071752][    C2]  walk_pgd_range+0xbfd/0x1c60
[  541.071752][    C2]  ? __pfx_walk_pgd_range+0x10/0x10
[  541.071752][    C2]  __walk_page_range+0x162/0x870
[  541.071752][    C2]  ? srso_alias_return_thunk+0x5/0xfbef5
[  541.071752][    C2]  ? find_vma+0xc0/0x140
[  541.071752][    C2]  ? srso_alias_return_thunk+0x5/0xfbef5
[  541.071752][    C2]  ? write_comp_data+0x29/0x90
[  541.071752][    C2]  ? srso_alias_return_thunk+0x5/0xfbef5
[  541.071752][    C2]  ? __sanitizer_cov_trace_pc+0x20/0x60
[  541.071752][    C2]  ? srso_alias_return_thunk+0x5/0xfbef5
[  541.071752][    C2]  ? srso_alias_return_thunk+0x5/0xfbef5
[  541.071752][    C2]  walk_page_range_mm+0x422/0x900
[  541.071752][    C2]  ? __pfx_walk_page_range_mm+0x10/0x10
[  541.071752][    C2]  ? write_comp_data+0x29/0x90
[  541.071752][    C2]  ? srso_alias_return_thunk+0x5/0xfbef5
[  541.071752][    C2]  ? lru_add_drain_cpu+0x478/0x850
[  541.071752][    C2]  walk_page_range+0x65/0x90
[  541.071752][    C2]  madvise_pageout+0x310/0x7e0
[  541.071752][    C2]  ? __pfx_madvise_pageout+0x10/0x10
[  541.071752][    C2]  ? srso_alias_return_thunk+0x5/0xfbef5
[  541.071752][    C2]  ? find_held_lock+0x2c/0x110
[  541.071752][    C2]  ? __pfx_lock_release+0x10/0x10
[  541.071752][    C2]  ? srso_alias_return_thunk+0x5/0xfbef5
[  541.071752][    C2]  ? write_comp_data+0x29/0x90
[  541.071752][    C2]  ? srso_alias_return_thunk+0x5/0xfbef5
[  541.071752][    C2]  ? write_comp_data+0x29/0x90
[  541.071752][    C2]  madvise_vma_behavior+0x1386/0x2320
[  541.071752][    C2]  ? mt_find+0x811/0xa80
[  541.071752][    C2]  ? __pfx_madvise_vma_behavior+0x10/0x10
[  541.071752][    C2]  ? srso_alias_return_thunk+0x5/0xfbef5
[  541.071752][    C2]  ? srso_alias_return_thunk+0x5/0xfbef5
[  541.071752][    C2]  ? srso_alias_return_thunk+0x5/0xfbef5
[  541.071752][    C2]  ? find_vma+0xc0/0x140
[  541.071752][    C2]  ? __pfx_find_vma+0x10/0x10
[  541.071752][    C2]  ? srso_alias_return_thunk+0x5/0xfbef5
[  541.071752][    C2]  ? srso_alias_return_thunk+0x5/0xfbef5
[  541.071752][    C2]  do_madvise+0x5f6/0x9c0
[  541.071752][    C2]  ? __pfx_do_madvise+0x10/0x10
[  541.071752][    C2]  ? srso_alias_return_thunk+0x5/0xfbef5
[  541.071752][    C2]  ? put_timespec64+0xcf/0x130
[  541.071752][    C2]  ? __pfx_put_timespec64+0x10/0x10
[  541.071752][    C2]  ? syscall_exit_to_user_mode+0xd0/0x270
[  541.071752][    C2]  __x64_sys_madvise+0xa9/0x110
[  541.071752][    C2]  ? srso_alias_return_thunk+0x5/0xfbef5
[  541.071752][    C2]  ? lockdep_hardirqs_on+0x7c/0x110
[  541.071752][    C2]  do_syscall_64+0xc3/0x1d0
[  541.071752][    C2]  entry_SYSCALL_64_after_hwframe+0x77/0x7f
[  541.071752][    C2] RIP: 0033:0x7fd47f2dfadd
[  541.071752][    C2] Code: Unable to access opcode bytes at 0x7fd47f2dfab3.
[  541.071752][    C2] RSP: 002b:00007fd47ed31ba8 EFLAGS: 00000246 ORIG_RAX: 000000000000001c
[  541.071752][    C2] RAX: ffffffffffffffda RBX: 00007fd47f4d8fa0 RCX: 00007fd47f2dfadd
[  541.071752][    C2] RDX: 0000000000000015 RSI: 7fffffffffffffff RDI: 0000000020000000
[  541.071752][    C2] RBP: 00007fd47f35db8f R08: 0000000000000000 R09: 0000000000000000
[  541.071752][    C2] R10: 0000000000000000 R11: 0000000000000246 R12: 0000000000000000
[  541.071752][    C2] R13: 00007fd47f4d8fac R14: 00007fd47f4d9038 R15: 00007fd47ed31d40
[  541.071752][    C2]  </TASK>
[  541.421663][    C2] Mem-Info:
[  541.422734][    C2] active_anon:345 inactive_anon:36597 isolated_anon:72
[  541.422734][    C2]  active_file:971 inactive_file:996 isolated_file:0
[  541.422734][    C2]  unevictable:1536 dirty:452 writeback:17
[  541.422734][    C2]  slab_reclaimable:9389 slab_unreclaimable:267885
[  541.422734][    C2]  mapped:1739 shmem:2041 pagetables:714
[  541.422734][    C2]  sec_pagetables:0 bounce:0
[  541.422734][    C2]  kernel_misc_reclaimable:0
[  541.422734][    C2]  free:366 free_pcp:808 free_cma:0
[  541.435592][    C2] Node 0 active_anon:1380kB inactive_anon:146388kB active_file:3884kB inactive_file:3856kB unevictable:6144kB isolated(anon):288kB isolated(file):128kB mapped:6832kB dirty:1808kB writeback:68kB shmem:8164kB writeback_tmp:0kB kernel_stack:9376kB pagetables:2856kB sec_pagetables:0kB all_unreclaimable? no
[  541.443874][    C2] Node 0 DMA free:8kB boost:0kB min:52kB low:64kB high:76kB reserved_highatomic:0KB active_anon:0kB inactive_anon:0kB active_file:0kB inactive_file:0kB unevictable:0kB writepending:0kB present:15992kB managed:15360kB mlocked:0kB bounce:0kB free_pcp:0kB local_pcp:0kB free_cma:0kB
[  541.451635][    C2] lowmem_reserve[]: 0 1301 0 0
[  541.453341][    C2] Node 0 DMA32 free:3568kB boost:10876kB min:15464kB low:16796kB high:18128kB reserved_highatomic:12288KB active_anon:1380kB inactive_anon:146388kB active_file:3884kB inactive_file:3856kB unevictable:6144kB writepending:1876kB present:2080640kB managed:1356848kB mlocked:0kB bounce:0kB free_pcp:1460kB local_pcp:0kB free_cma:0kB
[  541.462376][    C2] lowmem_reserve[]: 0 0 0 0
[  541.463906][    C2] Node 0 DMA: 2*4kB (U) 0*8kB 0*16kB 0*32kB 0*64kB 0*128kB 0*256kB 0*512kB 0*1024kB 0*2048kB 0*4096kB = 8kB
[  541.467716][    C2] Node 0 DMA32: 736*4kB (UMH) 1*8kB (U) 5*16kB (U) 4*32kB (U) 3*64kB (U) 0*128kB 0*256kB 0*512kB 0*1024kB 0*2048kB 0*4096kB = 3352kB
[  541.472228][    C2] Node 0 hugepages_total=0 hugepages_free=0 hugepages_surp=0 hugepages_size=2048kB
[  541.475243][    C2] 3989 total pagecache pages
[  541.476695][    C2] 11 pages in swap cache
[  541.478039][    C2] Free swap  = 123964kB
[  541.479412][    C2] Total swap = 124996kB
[  541.480900][    C2] 524158 pages RAM
[  541.482167][    C2] 0 pages HighMem/MovableOnly
[  541.483730][    C2] 181106 pages reserved
[  542.905507][    C1] ICMPv6: ndisc: ndisc_alloc_skb failed to allocate an skb
[  542.905527][    C2] ICMPv6: ndisc: ndisc_alloc_skb failed to allocate an skb
[  542.905601][    C1] ICMPv6: ndisc: ndisc_alloc_skb failed to allocate an skb
[  542.906353][    C3] ICMPv6: ndisc: ndisc_alloc_skb failed to allocate an skb
[  542.907976][    C2] ICMPv6: ndisc: ndisc_alloc_skb failed to allocate an skb
[  542.910251][    C1] ICMPv6: ndisc: ndisc_alloc_skb failed to allocate an skb
[  542.912382][    C2] ICMPv6: ndisc: ndisc_alloc_skb failed to allocate an skb
[  542.914700][    C1] ICMPv6: ndisc: ndisc_alloc_skb failed to allocate an skb
[  542.916807][    C2] ICMPv6: ndisc: ndisc_alloc_skb failed to allocate an skb
[  542.925682][    C2] ICMPv6: ndisc: ndisc_alloc_skb failed to allocate an skb
[  545.993618][   T37] slab_out_of_memory: 6334 callbacks suppressed
[  545.993653][   T37] SLUB: Unable to allocate memory on CPU 0 (of node 0) on node -1, gfp=0x820(GFP_ATOMIC)
[  545.999085][   T37]   cache: skbuff_head_cache, object size: 232, buffer size: 320, default order: 1, min order: 0
[  546.002422][   T37]   node 0: slabs: 5785, objs: 135811, free: 0
[  546.004046][    C3] SLUB: Unable to allocate memory on CPU 3 (of node 0) on node -1, gfp=0x20820(GFP_ATOMIC|__GFP_MEMALLOC)
[  546.004393][   T37] SLUB: Unable to allocate memory on CPU 0 (of node 0) on node -1, gfp=0x820(GFP_ATOMIC)
[  546.005364][    C2] SLUB: Unable to allocate memory on CPU 2 (of node 0) on node -1, gfp=0x920(GFP_ATOMIC|__GFP_ZERO)
[  546.005368][    C1] SLUB: Unable to allocate memory on CPU 1 (of node 0) on node -1, gfp=0x920(GFP_ATOMIC|__GFP_ZERO)
[  546.005439][    C1]   cache: kmalloc-96, object size: 96, buffer size: 128, default order: 0, min order: 0
[  546.005440][    C2]   cache: kmalloc-96, object size: 96, buffer size: 128, default order: 0, min order: 0
[  546.005492][    C1]   node 0: slabs: 1270, objs: 40640, free: 0
[  546.005496][    C2]   node 0: slabs: 1270, objs: 40640, free: 0
[  546.005592][    C2] SLUB: Unable to allocate memory on CPU 2 (of node 0) on node -1, gfp=0x920(GFP_ATOMIC|__GFP_ZERO)
[  546.005596][    C1] SLUB: Unable to allocate memory on CPU 1 (of node 0) on node -1, gfp=0x920(GFP_ATOMIC|__GFP_ZERO)
[  546.005652][    C2]   cache: kmalloc-96, object size: 96, buffer size: 128, default order: 0, min order: 0
[  546.005656][    C1]   cache: kmalloc-96, object size: 96, buffer size: 128, default order: 0, min order: 0
[  546.005704][    C2]   node 0: slabs: 1270, objs: 40640, free: 0
[  546.005707][    C1]   node 0: slabs: 1270, objs: 40640, free: 0
[  546.005789][    C1] SLUB: Unable to allocate memory on CPU 1 (of node 0) on node -1, gfp=0x920(GFP_ATOMIC|__GFP_ZERO)
[  546.005847][    C1]   cache: kmalloc-96, object size: 96, buffer size: 128, default order: 0, min order: 0
[  546.005898][    C1]   node 0: slabs: 1270, objs: 40640, free: 0
[  546.008040][    C3]   cache: skbuff_head_cache, object size: 232, buffer size: 320, default order: 1, min order: 0
[  546.010977][   T37]   cache: skbuff_head_cache, object size: 232, buffer size: 320, default order: 1, min order: 0
[  546.014170][    C3]   node 0: slabs: 5786, objs: 135823, free: 0
[  546.016556][  T400] SLUB: Unable to allocate memory on CPU 2 (of node 0) on node -1, gfp=0x920(GFP_ATOMIC|__GFP_ZERO)
[  546.016645][  T400]   cache: kmalloc-1k, object size: 1024, buffer size: 2048, default order: 3, min order: 0
[  546.016695][  T400]   node 0: slabs: 4479, objs: 45134, free: 0
[  546.016784][  T400] SLUB: Unable to allocate memory on CPU 2 (of node 0) on node -1, gfp=0x920(GFP_ATOMIC|__GFP_ZERO)
[  546.016840][  T400]   cache: kmalloc-1k, object size: 1024, buffer size: 2048, default order: 3, min order: 0
[  546.016888][  T400]   node 0: slabs: 4479, objs: 45134, free: 0
[  546.017399][   T37]   node 0: slabs: 5786, objs: 135823, free: 0
[  551.021984][    C2] warn_alloc: 11946 callbacks suppressed
[  551.022027][    C1] slab_out_of_memory: 5594 callbacks suppressed
[  551.022037][    C2] syz.4.20: page allocation failure: order:0, mode:0x40820(GFP_ATOMIC|__GFP_COMP), nodemask=(null)
[  551.022064][    C1] SLUB: Unable to allocate memory on CPU 1 (of node 0) on node -1, gfp=0x920(GFP_ATOMIC|__GFP_ZERO)
[  551.022128][    C1]   cache: kmalloc-96, object size: 96, buffer size: 128, default order: 0, min order: 0
[  551.022846][    C3] SLUB: Unable to allocate memory on CPU 3 (of node 0) on node -1, gfp=0x920(GFP_ATOMIC|__GFP_ZERO)
[  551.022911][    C3]   cache: kmalloc-96, object size: 96, buffer size: 128, default order: 0, min order: 0
[  551.022962][    C3]   node 0: slabs: 1270, objs: 40640, free: 0
[  551.023105][    C3] SLUB: Unable to allocate memory on CPU 3 (of node 0) on node -1, gfp=0x920(GFP_ATOMIC|__GFP_ZERO)
[  551.023165][    C3]   cache: kmalloc-96, object size: 96, buffer size: 128, default order: 0, min order: 0
[  551.023243][    C3]   node 0: slabs: 1270, objs: 40640, free: 0
[  551.023391][    C3] SLUB: Unable to allocate memory on CPU 3 (of node 0) on node -1, gfp=0x920(GFP_ATOMIC|__GFP_ZERO)
[  551.023451][    C3]   cache: kmalloc-96, object size: 96, buffer size: 128, default order: 0, min order: 0
[  551.023502][    C3]   node 0: slabs: 1270, objs: 40640, free: 0
[  551.023581][    C3] SLUB: Unable to allocate memory on CPU 3 (of node 0) on node -1, gfp=0x920(GFP_ATOMIC|__GFP_ZERO)
[  551.023639][    C3]   cache: kmalloc-96, object size: 96, buffer size: 128, default order: 0, min order: 0
[  551.023690][    C3]   node 0: slabs: 1270, objs: 40640, free: 0
[  551.023768][    C3] SLUB: Unable to allocate memory on CPU 3 (of node 0) on node -1, gfp=0x920(GFP_ATOMIC|__GFP_ZERO)
[  551.023827][    C3]   cache: kmalloc-96, object size: 96, buffer size: 128, default order: 0, min order: 0
[  551.023878][    C3]   node 0: slabs: 1270, objs: 40640, free: 0
[  551.023968][    C2] ,cpuset=
[  551.023956][    C3] SLUB: Unable to allocate memory on CPU 3 (of node 0) on node -1, gfp=0x920(GFP_ATOMIC|__GFP_ZERO)
[  551.024027][    C3]   cache: kmalloc-96, object size: 96, buffer size: 128, default order: 0, min order: 0
[  551.024077][    C3]   node 0: slabs: 1270, objs: 40640, free: 0
[  551.024179][ T2008] SLUB: Unable to allocate memory on CPU 3 (of node 0) on node -1, gfp=0x920(GFP_ATOMIC|__GFP_ZERO)
[  551.024236][ T2008]   cache: kmalloc-1k, object size: 1024, buffer size: 2048, default order: 3, min order: 0
[  551.024354][ T2008]   node 0: slabs: 4480, objs: 45136, free: 0
[  551.024441][ T2008] SLUB: Unable to allocate memory on CPU 3 (of node 0) on node -1, gfp=0x920(GFP_ATOMIC|__GFP_ZERO)
[  551.024497][ T2008]   cache: kmalloc-1k, object size: 1024, buffer size: 2048, default order: 3, min order: 0
[  551.024545][ T2008]   node 0: slabs: 4480, objs: 45136, free: 0
[  551.024620][ T2008] SLUB: Unable to allocate memory on CPU 3 (of node 0) on node -1, gfp=0x920(GFP_ATOMIC|__GFP_ZERO)
[  551.024675][ T2008]   cache: kmalloc-1k, object size: 1024, buffer size: 2048, default order: 3, min order: 0
[  551.024779][ T2008]   node 0: slabs: 4480, objs: 45136, free: 0
[  551.025927][    C1]   node 0: slabs: 1270, objs: 40640, free: 0
[  551.029025][    C2] /
[  551.097371][    C0] net_ratelimit: 51 callbacks suppressed
[  551.097409][    C0] ICMPv6: ndisc: ndisc_alloc_skb failed to allocate an skb
[  551.097422][    C3] ICMPv6: ndisc: ndisc_alloc_skb failed to allocate an skb
[  551.097489][    C3] ICMPv6: ndisc: ndisc_alloc_skb failed to allocate an skb
[  551.097548][    C3] ICMPv6: ndisc: ndisc_alloc_skb failed to allocate an skb
[  551.098377][    C1] ICMPv6: ndisc: ndisc_alloc_skb failed to allocate an skb
[  551.098443][    C1] ICMPv6: ndisc: ndisc_alloc_skb failed to allocate an skb
[  551.098512][    C1] ICMPv6: ndisc: ndisc_alloc_skb failed to allocate an skb
[  551.098562][    C1] ICMPv6: ndisc: ndisc_alloc_skb failed to allocate an skb
[  551.098615][    C1] ICMPv6: ndisc: ndisc_alloc_skb failed to allocate an skb
[  551.099879][    C2] ,mems_allowed=0
[  551.103023][    C0] ICMPv6: ndisc: ndisc_alloc_skb failed to allocate an skb
[  551.104759][    C2] 
[  551.104778][    C2] CPU: 2 UID: 0 PID: 2003 Comm: syz.4.20 Not tainted 6.13.0-rc7 #1
[  551.105730][    C2] Hardware name: QEMU Standard PC (i440FX + PIIX, 1996), BIOS 1.13.0-1ubuntu1.1 04/01/2014
[  551.105730][    C2] Call Trace:
[  551.105730][    C2]  <IRQ>
[  551.105730][    C2]  dump_stack_lvl+0x180/0x1b0
[  551.105730][    C2]  warn_alloc+0x1a8/0x2e0
[  551.105730][    C2]  ? __pfx_warn_alloc+0x10/0x10
[  551.105730][    C2]  ? srso_alias_return_thunk+0x5/0xfbef5
[  551.105730][    C2]  ? __pfx_get_page_from_freelist+0x10/0x10
[  551.105730][    C2]  ? srso_alias_return_thunk+0x5/0xfbef5
[  551.105730][    C2]  ? wake_all_kswapds+0x136/0x2f0
[  551.105730][    C2]  __alloc_pages_slowpath.constprop.0+0x1434/0x2170
[  551.105730][    C2]  ? __pfx_mark_lock+0x10/0x10
[  551.105730][    C2]  ? __pfx___alloc_pages_slowpath.constprop.0+0x10/0x10
[  551.105730][    C2]  ? __pfx_get_page_from_freelist+0x10/0x10
[  551.105730][    C2]  ? hlock_class+0x4e/0x130
[  551.105730][    C2]  ? srso_alias_return_thunk+0x5/0xfbef5
[  551.105730][    C2]  ? __lock_acquire+0xdf4/0x4a10
[  551.105730][    C2]  ? srso_alias_return_thunk+0x5/0xfbef5
[  551.105730][    C2]  ? srso_alias_return_thunk+0x5/0xfbef5
[  551.105730][    C2]  ? __sanitizer_cov_trace_pc+0x20/0x60
[  551.105730][    C2]  __alloc_pages_noprof+0x564/0x660
[  551.105730][    C2]  ? __pfx_mark_lock+0x10/0x10
[  551.105730][    C2]  ? __pfx___alloc_pages_noprof+0x10/0x10
[  551.105730][    C2]  ? srso_alias_return_thunk+0x5/0xfbef5
[  551.105730][    C2]  ? srso_alias_return_thunk+0x5/0xfbef5
[  551.105730][    C2]  ? __sanitizer_cov_trace_switch+0x54/0x90
[  551.105730][    C2]  ? srso_alias_return_thunk+0x5/0xfbef5
[  551.105730][    C2]  ? __sanitizer_cov_trace_pc+0x20/0x60
[  551.105730][    C2]  ? srso_alias_return_thunk+0x5/0xfbef5
[  551.105730][    C2]  ? policy_nodemask+0xeb/0x4e0
[  551.105730][    C2]  alloc_pages_mpol_noprof+0xf2/0x400
[  551.105730][    C2]  ? __pfx_alloc_pages_mpol_noprof+0x10/0x10
[  551.105730][    C2]  ? srso_alias_return_thunk+0x5/0xfbef5
[  551.105730][    C2]  ? write_comp_data+0x29/0x90
[  551.105730][    C2]  ? srso_alias_return_thunk+0x5/0xfbef5
[  551.105730][    C2]  ? __sanitizer_cov_trace_pc+0x20/0x60
[  551.105730][    C2]  new_slab+0x2df/0x3f0
[  551.105730][    C2]  ? __sanitizer_cov_trace_pc+0x20/0x60
[  551.105730][    C2]  ___slab_alloc+0xdde/0x16d0
[  551.105730][    C2]  ? cfg80211_inform_single_bss_data+0x53a/0x20e0
[  551.105730][    C2]  ? ___slab_alloc+0x46/0x16d0
[  551.105730][    C2]  ? __pfx___lock_acquire+0x10/0x10
[  551.105730][    C2]  ? srso_alias_return_thunk+0x5/0xfbef5
[  551.105730][    C2]  ? write_comp_data+0x29/0x90
[  551.105730][    C2]  ? srso_alias_return_thunk+0x5/0xfbef5
[  551.105730][    C2]  ? __sanitizer_cov_trace_pc+0x20/0x60
[  551.105730][    C2]  ? cfg80211_inform_single_bss_data+0x53a/0x20e0
[  551.105730][    C2]  ? __slab_alloc.isra.0+0x56/0xb0
[  551.105730][    C2]  ? srso_alias_return_thunk+0x5/0xfbef5
[  551.105730][    C2]  __slab_alloc.isra.0+0x56/0xb0
[  551.105730][    C2]  ? cfg80211_inform_single_bss_data+0x53a/0x20e0
[  551.105730][    C2]  __kmalloc_noprof+0x2a0/0x570
[  551.105730][    C2]  ? srso_alias_return_thunk+0x5/0xfbef5
[  551.105730][    C2]  ? write_comp_data+0x29/0x90
[  551.105730][    C2]  ? cfg80211_inform_single_bss_data+0x53a/0x20e0
[  551.105730][    C2]  ? srso_alias_return_thunk+0x5/0xfbef5
[  551.105730][    C2]  cfg80211_inform_single_bss_data+0x53a/0x20e0
[  551.105730][    C2]  ? __pfx_cfg80211_inform_single_bss_data+0x10/0x10
[  551.105730][    C2]  ? srso_alias_return_thunk+0x5/0xfbef5
[  551.105730][    C2]  ? __kernel_text_address+0xd/0x40
[  551.105730][    C2]  ? cfg80211_inform_bss_data+0x1d7/0x480
[  551.105730][    C2]  ? srso_alias_return_thunk+0x5/0xfbef5
[  551.105730][    C2]  cfg80211_inform_bss_data+0x1d7/0x480
[  551.105730][    C2]  ? __pfx_cfg80211_inform_bss_data+0x10/0x10
[  551.105730][    C2]  ? ieee80211_bss_info_update+0x2c1/0xb00
[  551.105730][    C2]  ? srso_alias_return_thunk+0x5/0xfbef5
[  551.105730][    C2]  cfg80211_inform_bss_frame_data+0x26a/0x6e0
[  551.105730][    C2]  ieee80211_bss_info_update+0x303/0xb00
[  551.105730][    C2]  ? srso_alias_return_thunk+0x5/0xfbef5
[  551.105730][    C2]  ? __pfx_ieee80211_bss_info_update+0x10/0x10
[  551.105730][    C2]  ? kcov_remote_start+0x341/0x680
[  551.105730][    C2]  ? srso_alias_return_thunk+0x5/0xfbef5
[  551.105730][    C2]  ? srso_alias_return_thunk+0x5/0xfbef5
[  551.105730][    C2]  ? __sanitizer_cov_trace_pc+0x20/0x60
[  551.105730][    C2]  ? srso_alias_return_thunk+0x5/0xfbef5
[  551.105730][    C2]  ? ieee80211_get_channel_khz+0x163/0x210
[  551.105730][    C2]  ieee80211_scan_rx+0x474/0xac0
[  551.105730][    C2]  ? write_comp_data+0x29/0x90
[  551.105730][    C2]  ? srso_alias_return_thunk+0x5/0xfbef5
[  551.105730][    C2]  ? srso_alias_return_thunk+0x5/0xfbef5
[  551.105730][    C2]  ieee80211_rx_list+0x1f62/0x2a80
[  551.105730][    C2]  ? srso_alias_return_thunk+0x5/0xfbef5
[  551.105730][    C2]  ? __pfx_ieee80211_rx_list+0x10/0x10
[  551.105730][    C2]  ? srso_alias_return_thunk+0x5/0xfbef5
[  551.105730][    C2]  ieee80211_rx_napi+0xe2/0x410
[  551.105730][    C2]  ? __pfx_ieee80211_rx_napi+0x10/0x10
[  551.105730][    C2]  ? write_comp_data+0x29/0x90
[  551.105730][    C2]  ieee80211_handle_queued_frames+0xd9/0x130
[  551.105730][    C2]  tasklet_action_common+0x279/0x810
[  551.105730][    C2]  handle_softirqs+0x1ad/0x870
[  551.105730][    C2]  irq_exit_rcu+0xee/0x140
[  551.105730][    C2]  sysvec_apic_timer_interrupt+0x94/0xb0
[  551.105730][    C2]  </IRQ>
[  551.105730][    C2]  <TASK>
[  551.105730][    C2]  asm_sysvec_apic_timer_interrupt+0x1a/0x20
[  551.105730][    C2] RIP: 0010:madvise_cold_or_pageout_pte_range+0x1025/0x1fb0
[  551.105730][    C2] Code: 00 4d 8b 24 24 31 ff 49 c1 ec 06 41 83 e4 01 44 89 e6 e8 ce a9 ca ff 45 84 e4 0f 84 fd 04 00 00 e8 f0 a7 ca ff 48 8b 44 24 10 <48> ba 00 00 00 00 00 fc ff df 4c 8d 60 30 4c 89 e0 48 c1 e8 03 0f
[  551.105730][    C2] RSP: 0018:ffa000000c6a75c8 EFLAGS: 00000246
[  551.105730][    C2] RAX: ffd4000000872000 RBX: 0000000000000025 RCX: ffffffff9cdef402
[  551.105730][    C2] RDX: 0000000000000001 RSI: ff11000023304680 RDI: 0000000000000002
[  551.105730][    C2] RBP: 0000000000000025 R08: fff3fc00018d4e00 R09: fffa7c000010e401
[  551.105730][    C2] R10: fffa7c000010e400 R11: ffd4000000872007 R12: 0000000000000001
[  551.105730][    C2] R13: ff11000021b76890 R14: 00007fd47eced000 R15: ff11000021b76768
[  551.105730][    C2]  ? madvise_cold_or_pageout_pte_range+0x1012/0x1fb0
[  551.105730][    C2]  ? madvise_cold_or_pageout_pte_range+0x1020/0x1fb0
[  551.105730][    C2]  ? __pfx_madvise_cold_or_pageout_pte_range+0x10/0x10
[  551.105730][    C2]  ? find_held_lock+0x2c/0x110
[  551.105730][    C2]  ? __pfx_madvise_cold_or_pageout_pte_range+0x10/0x10
[  551.105730][    C2]  walk_pgd_range+0xbfd/0x1c60
[  551.105730][    C2]  ? __pfx_walk_pgd_range+0x10/0x10
[  551.105730][    C2]  __walk_page_range+0x162/0x870
[  551.105730][    C2]  ? srso_alias_return_thunk+0x5/0xfbef5
[  551.105730][    C2]  ? find_vma+0xc0/0x140
[  551.105730][    C2]  ? srso_alias_return_thunk+0x5/0xfbef5
[  551.105730][    C2]  ? write_comp_data+0x29/0x90
[  551.105730][    C2]  ? srso_alias_return_thunk+0x5/0xfbef5
[  551.105730][    C2]  ? __sanitizer_cov_trace_pc+0x20/0x60
[  551.105730][    C2]  ? srso_alias_return_thunk+0x5/0xfbef5
[  551.105730][    C2]  ? srso_alias_return_thunk+0x5/0xfbef5
[  551.105730][    C2]  walk_page_range_mm+0x422/0x900
[  551.105730][    C2]  ? __pfx_walk_page_range_mm+0x10/0x10
[  551.105730][    C2]  ? write_comp_data+0x29/0x90
[  551.105730][    C2]  ? srso_alias_return_thunk+0x5/0xfbef5
[  551.105730][    C2]  ? lru_add_drain_cpu+0x478/0x850
[  551.105730][    C2]  walk_page_range+0x65/0x90
[  551.105730][    C2]  madvise_pageout+0x310/0x7e0
[  551.105730][    C2]  ? __pfx_madvise_pageout+0x10/0x10
[  551.105730][    C2]  ? srso_alias_return_thunk+0x5/0xfbef5
[  551.105730][    C2]  ? find_held_lock+0x2c/0x110
[  551.105730][    C2]  ? __pfx_lock_release+0x10/0x10
[  551.105730][    C2]  ? srso_alias_return_thunk+0x5/0xfbef5
[  551.105730][    C2]  ? write_comp_data+0x29/0x90
[  551.105730][    C2]  ? srso_alias_return_thunk+0x5/0xfbef5
[  551.105730][    C2]  ? write_comp_data+0x29/0x90
[  551.105730][    C2]  madvise_vma_behavior+0x1386/0x2320
[  551.105730][    C2]  ? mt_find+0x811/0xa80
[  551.105730][    C2]  ? __pfx_madvise_vma_behavior+0x10/0x10
[  551.105730][    C2]  ? srso_alias_return_thunk+0x5/0xfbef5
[  551.105730][    C2]  ? srso_alias_return_thunk+0x5/0xfbef5
[  551.105730][    C2]  ? srso_alias_return_thunk+0x5/0xfbef5
[  551.105730][    C2]  ? find_vma+0xc0/0x140
[  551.105730][    C2]  ? __pfx_find_vma+0x10/0x10
[  551.105730][    C2]  ? srso_alias_return_thunk+0x5/0xfbef5
[  551.105730][    C2]  ? srso_alias_return_thunk+0x5/0xfbef5
[  551.105730][    C2]  do_madvise+0x5f6/0x9c0
[  551.105730][    C2]  ? __pfx_do_madvise+0x10/0x10
[  551.105730][    C2]  ? srso_alias_return_thunk+0x5/0xfbef5
[  551.105730][    C2]  ? put_timespec64+0xcf/0x130
[  551.105730][    C2]  ? __pfx_put_timespec64+0x10/0x10
[  551.105730][    C2]  ? syscall_exit_to_user_mode+0xd0/0x270
[  551.105730][    C2]  __x64_sys_madvise+0xa9/0x110
[  551.105730][    C2]  ? srso_alias_return_thunk+0x5/0xfbef5
[  551.105730][    C2]  ? lockdep_hardirqs_on+0x7c/0x110
[  551.105730][    C2]  do_syscall_64+0xc3/0x1d0
[  551.105730][    C2]  entry_SYSCALL_64_after_hwframe+0x77/0x7f
[  551.105730][    C2] RIP: 0033:0x7fd47f2dfadd
[  551.105730][    C2] Code: Unable to access opcode bytes at 0x7fd47f2dfab3.
[  551.105730][    C2] RSP: 002b:00007fd47ed31ba8 EFLAGS: 00000246 ORIG_RAX: 000000000000001c
[  551.105730][    C2] RAX: ffffffffffffffda RBX: 00007fd47f4d8fa0 RCX: 00007fd47f2dfadd
[  551.105730][    C2] RDX: 0000000000000015 RSI: 7fffffffffffffff RDI: 0000000020000000
[  551.105730][    C2] RBP: 00007fd47f35db8f R08: 0000000000000000 R09: 0000000000000000
[  551.105730][    C2] R10: 0000000000000000 R11: 0000000000000246 R12: 0000000000000000
[  551.105730][    C2] R13: 00007fd47f4d8fac R14: 00007fd47f4d9038 R15: 00007fd47ed31d40
[  551.105730][    C2]  </TASK>
[  551.415415][    C2] Mem-Info:
[  551.416429][    C2] active_anon:345 inactive_anon:36565 isolated_anon:104
[  551.416429][    C2]  active_file:812 inactive_file:836 isolated_file:0
[  551.416429][    C2]  unevictable:1536 dirty:452 writeback:21
[  551.416429][    C2]  slab_reclaimable:9389 slab_unreclaimable:268775
[  551.416429][    C2]  mapped:1421 shmem:2041 pagetables:714
[  551.416429][    C2]  sec_pagetables:0 bounce:0
[  551.416429][    C2]  kernel_misc_reclaimable:0
[  551.416429][    C2]  free:310 free_pcp:349 free_cma:0
[  551.429041][    C2] Node 0 active_anon:1380kB inactive_anon:146260kB active_file:3248kB inactive_file:3344kB unevictable:6144kB isolated(anon):416kB isolated(file):0kB mapped:5684kB dirty:1808kB writeback:84kB shmem:8164kB writeback_tmp:0kB kernel_stack:9376kB pagetables:2856kB sec_pagetables:0kB all_unreclaimable? no
[  551.437248][    C2] Node 0 DMA free:0kB boost:0kB min:52kB low:64kB high:76kB reserved_highatomic:0KB active_anon:0kB inactive_anon:0kB active_file:0kB inactive_file:0kB unevictable:0kB writepending:0kB present:15992kB managed:15360kB mlocked:0kB bounce:0kB free_pcp:0kB local_pcp:0kB free_cma:0kB
[  551.444905][    C2] lowmem_reserve[]: 0 1301 0 0
[  551.446525][    C2] Node 0 DMA32 free:1240kB boost:10876kB min:15464kB low:16796kB high:18128kB reserved_highatomic:10240KB active_anon:1380kB inactive_anon:146260kB active_file:3248kB inactive_file:3344kB unevictable:6144kB writepending:1892kB present:2080640kB managed:1356848kB mlocked:0kB bounce:0kB free_pcp:1368kB local_pcp:0kB free_cma:0kB
[  551.455279][    C2] lowmem_reserve[]: 0 0 0 0
[  551.456854][    C2] Node 0 DMA: 0*4kB 0*8kB 0*16kB 0*32kB 0*64kB 0*128kB 0*256kB 0*512kB 0*1024kB 0*2048kB 0*4096kB = 0kB
[  551.460465][    C2] Node 0 DMA32: 267*4kB (M) 0*8kB 0*16kB 0*32kB 0*64kB 0*128kB 0*256kB 0*512kB 0*1024kB 0*2048kB 0*4096kB = 1068kB
[  551.464434][    C2] Node 0 hugepages_total=0 hugepages_free=0 hugepages_surp=0 hugepages_size=2048kB
[  551.467193][    C2] 3706 total pagecache pages
[  551.468616][    C2] 15 pages in swap cache
[  551.469942][    C2] Free swap  = 123964kB
[  551.471267][    C2] Total swap = 124996kB
[  551.472613][    C2] 524158 pages RAM
[  551.473783][    C2] 0 pages HighMem/MovableOnly
[  551.475239][    C2] 181106 pages reserved
[  563.386543][    C2] net_ratelimit: 25 callbacks suppressed
[  563.386579][    C2] ICMPv6: ndisc: ndisc_alloc_skb failed to allocate an skb
[  563.386767][    C1] warn_alloc: 2963 callbacks suppressed
[  563.386802][    C1] syz.0.16: page allocation failure: order:0, mode:0x40820(GFP_ATOMIC|__GFP_COMP), nodemask=(null)
[  563.388623][    C2] ICMPv6: ndisc: ndisc_alloc_skb failed to allocate an skb
[  563.390915][    C1] ,cpuset=
[  563.392654][    C2] ICMPv6: ndisc: ndisc_alloc_skb failed to allocate an skb
[  563.395892][    C1] /
[  563.398046][    C2] slab_out_of_memory: 2955 callbacks suppressed
[  563.398079][    C2] SLUB: Unable to allocate memory on CPU 2 (of node 0) on node -1, gfp=0x820(GFP_ATOMIC)
[  563.399059][    C1] ,mems_allowed=0
[  563.401205][    C2]   cache: skbuff_head_cache, object size: 232, buffer size: 320, default order: 1, min order: 0
[  563.402024][    C1] 
[  563.402042][    C1] CPU: 1 UID: 0 PID: 1954 Comm: syz.0.16 Not tainted 6.13.0-rc7 #1
[  563.403918][    C2]   node 0: slabs: 6265, objs: 142689, free: 0
[  563.402995][    C1] Hardware name: QEMU Standard PC (i440FX + PIIX, 1996), BIOS 1.13.0-1ubuntu1.1 04/01/2014
[  563.402995][    C1] Call Trace:
[  563.402995][    C1]  <IRQ>
[  563.407921][    C2] ICMPv6: ndisc: ndisc_alloc_skb failed to allocate an skb
[  563.402995][    C1]  dump_stack_lvl+0x180/0x1b0
[  563.402995][    C1]  warn_alloc+0x1a8/0x2e0
[  563.411543][   T40] SLUB: Unable to allocate memory on CPU 3 (of node 0) on node -1, gfp=0x820(GFP_ATOMIC)
[  563.411617][   T40]   cache: skbuff_head_cache, object size: 232, buffer size: 320, default order: 1, min order: 0
[  563.411668][   T40]   node 0: slabs: 6265, objs: 142689, free: 0
[  563.411713][   T40] SLUB: Unable to allocate memory on CPU 3 (of node 0) on node -1, gfp=0x820(GFP_ATOMIC)
[  563.411760][    C2] SLUB: Unable to allocate memory on CPU 2 (of node 0) on node -1, gfp=0x820(GFP_ATOMIC)
[  563.411817][    C2]   cache: skbuff_head_cache, object size: 232, buffer size: 320, default order: 1, min order: 0
[  563.411884][    C2]   node 0: slabs: 6265, objs: 142689, free: 0
[  563.411926][    C2] ICMPv6: ndisc: ndisc_alloc_skb failed to allocate an skb
[  563.411973][    C2] SLUB: Unable to allocate memory on CPU 2 (of node 0) on node -1, gfp=0x820(GFP_ATOMIC)
[  563.412075][    C2]   cache: skbuff_head_cache, object size: 232, buffer size: 320, default order: 1, min order: 0
[  563.412128][    C2]   node 0: slabs: 6265, objs: 142689, free: 0
[  563.412170][    C2] ICMPv6: ndisc: ndisc_alloc_skb failed to allocate an skb
[  563.412216][    C2] SLUB: Unable to allocate memory on CPU 2 (of node 0) on node -1, gfp=0x820(GFP_ATOMIC)
[  563.412270][    C2]   cache: skbuff_head_cache, object size: 232, buffer size: 320, default order: 1, min order: 0
[  563.412387][    C2]   node 0: slabs: 6265, objs: 142689, free: 0
[  563.412430][    C2] ICMPv6: ndisc: ndisc_alloc_skb failed to allocate an skb
[  563.412476][    C2] SLUB: Unable to allocate memory on CPU 2 (of node 0) on node -1, gfp=0x820(GFP_ATOMIC)
[  563.412530][    C2]   cache: skbuff_head_cache, object size: 232, buffer size: 320, default order: 1, min order: 0
[  563.412582][    C2]   node 0: slabs: 6265, objs: 142689, free: 0
[  563.412624][    C2] ICMPv6: ndisc: ndisc_alloc_skb failed to allocate an skb
[  563.412667][    C2] SLUB: Unable to allocate memory on CPU 2 (of node 0) on node -1, gfp=0x820(GFP_ATOMIC)
[  563.412721][    C2]   cache: skbuff_head_cache, object size: 232, buffer size: 320, default order: 1, min order: 0
[  563.412802][    C2]   node 0: slabs: 6265, objs: 142689, free: 0
[  563.412844][    C2] ICMPv6: ndisc: ndisc_alloc_skb failed to allocate an skb
[  563.412894][    C2] SLUB: Unable to allocate memory on CPU 2 (of node 0) on node -1, gfp=0x820(GFP_ATOMIC)
[  563.412948][    C2]   cache: skbuff_head_cache, object size: 232, buffer size: 320, default order: 1, min order: 0
[  563.413000][    C2]   node 0: slabs: 6265, objs: 142689, free: 0
[  563.413042][    C2] ICMPv6: ndisc: ndisc_alloc_skb failed to allocate an skb
[  563.413086][    C2] SLUB: Unable to allocate memory on CPU 2 (of node 0) on node -1, gfp=0x820(GFP_ATOMIC)
[  563.413140][    C2]   cache: skbuff_head_cache, object size: 232, buffer size: 320, default order: 1, min order: 0
[  563.413192][    C2]   node 0: slabs: 6265, objs: 142689, free: 0
[  563.402995][    C1]  ? __pfx_warn_alloc+0x10/0x10
[  563.402995][    C1]  ? srso_alias_return_thunk+0x5/0xfbef5
[  563.402995][    C1]  ? __pfx_get_page_from_freelist+0x10/0x10
[  563.402995][    C1]  ? srso_alias_return_thunk+0x5/0xfbef5
[  563.402995][    C1]  ? wake_all_kswapds+0x136/0x2f0
[  563.402995][    C1]  __alloc_pages_slowpath.constprop.0+0x1434/0x2170
[  563.402995][    C1]  ? __pfx_mark_lock+0x10/0x10
[  563.402995][    C1]  ? mark_lock+0xfe/0x12d0
[  563.402995][    C1]  ? __pfx___alloc_pages_slowpath.constprop.0+0x10/0x10
[  563.402995][    C1]  ? __pfx_mark_lock+0x10/0x10
[  563.417527][   T40]   cache: skbuff_head_cache, object size: 232, buffer size: 320, default order: 1, min order: 0
[  563.402995][    C1]  ? __pfx_get_page_from_freelist+0x10/0x10
[  563.421073][   T40]   node 0: slabs: 6267, objs: 142726, free: 0
[  563.402995][    C1]  ? srso_alias_return_thunk+0x5/0xfbef5
[  563.402995][    C1]  ? __lock_acquire+0x1748/0x4a10
[  563.402995][    C1]  ? srso_alias_return_thunk+0x5/0xfbef5
[  563.402995][    C1]  ? srso_alias_return_thunk+0x5/0xfbef5
[  563.402995][    C1]  ? __sanitizer_cov_trace_pc+0x20/0x60
[  563.402995][    C1]  __alloc_pages_noprof+0x564/0x660
[  563.402995][    C1]  ? mark_lock+0xfe/0x12d0
[  563.402995][    C1]  ? __pfx___alloc_pages_noprof+0x10/0x10
[  563.402995][    C1]  ? __pfx___lock_acquire+0x10/0x10
[  563.402995][    C1]  ? srso_alias_return_thunk+0x5/0xfbef5
[  563.402995][    C1]  ? srso_alias_return_thunk+0x5/0xfbef5
[  563.402995][    C1]  ? __sanitizer_cov_trace_switch+0x54/0x90
[  563.402995][    C1]  ? srso_alias_return_thunk+0x5/0xfbef5
[  563.402995][    C1]  ? __sanitizer_cov_trace_pc+0x20/0x60
[  563.402995][    C1]  ? srso_alias_return_thunk+0x5/0xfbef5
[  563.402995][    C1]  ? policy_nodemask+0xeb/0x4e0
[  563.402995][    C1]  alloc_pages_mpol_noprof+0xf2/0x400
[  563.402995][    C1]  ? __pfx_alloc_pages_mpol_noprof+0x10/0x10
[  563.402995][    C1]  ? srso_alias_return_thunk+0x5/0xfbef5
[  563.402995][    C1]  ? write_comp_data+0x29/0x90
[  563.402995][    C1]  ? srso_alias_return_thunk+0x5/0xfbef5
[  563.402995][    C1]  ? __sanitizer_cov_trace_pc+0x20/0x60
[  563.402995][    C1]  new_slab+0x2df/0x3f0
[  563.402995][    C1]  ? __sanitizer_cov_trace_pc+0x20/0x60
[  563.402995][    C1]  ___slab_alloc+0xdde/0x16d0
[  563.402995][    C1]  ? ___neigh_create+0xf87/0x2990
[  563.402995][    C1]  ? ___slab_alloc+0x46/0x16d0
[  563.402995][    C1]  ? ___neigh_create+0xf87/0x2990
[  563.402995][    C1]  ? __slab_alloc.isra.0+0x56/0xb0
[  563.402995][    C1]  ? srso_alias_return_thunk+0x5/0xfbef5
[  563.402995][    C1]  __slab_alloc.isra.0+0x56/0xb0
[  563.402995][    C1]  ? ___neigh_create+0xf87/0x2990
[  563.402995][    C1]  __kmalloc_noprof+0x2a0/0x570
[  563.402995][    C1]  ? ___neigh_create+0xf87/0x2990
[  563.402995][    C1]  ___neigh_create+0xf87/0x2990
[  563.402995][    C1]  ? rcu_read_lock_held+0xa4/0xb0
[  563.402995][    C1]  ? srso_alias_return_thunk+0x5/0xfbef5
[  563.402995][    C1]  ? write_comp_data+0x29/0x90
[  563.402995][    C1]  ? srso_alias_return_thunk+0x5/0xfbef5
[  563.402995][    C1]  ip6_finish_output2+0xce9/0x21a0
[  563.402995][    C1]  ? srso_alias_return_thunk+0x5/0xfbef5
[  563.402995][    C1]  ? __pfx_ip6_finish_output2+0x10/0x10
[  563.402995][    C1]  ? srso_alias_return_thunk+0x5/0xfbef5
[  563.402995][    C1]  ? __pfx_rcu_read_lock_held+0x10/0x10
[  563.402995][    C1]  ? srso_alias_return_thunk+0x5/0xfbef5
[  563.402995][    C1]  ? srso_alias_return_thunk+0x5/0xfbef5
[  563.402995][    C1]  ip6_finish_output+0x423/0xdf0
[  563.402995][    C1]  ip6_output+0x24b/0x8d0
[  563.402995][    C1]  ? __pfx_ip6_output+0x10/0x10
[  563.402995][    C1]  ? srso_alias_return_thunk+0x5/0xfbef5
[  563.402995][    C1]  ? __pfx_ip6_finish_output+0x10/0x10
[  563.402995][    C1]  ? rcu_read_lock_held+0xa4/0xb0
[  563.402995][    C1]  ? __pfx_rcu_read_lock_held+0x10/0x10
[  563.402995][    C1]  ? srso_alias_return_thunk+0x5/0xfbef5
[  563.402995][    C1]  ? write_comp_data+0x29/0x90
[  563.402995][    C1]  ? __pfx_ip6_output+0x10/0x10
[  563.402995][    C1]  ndisc_send_skb+0xc89/0x18f0
[  563.402995][    C1]  ? __pfx_ndisc_send_skb+0x10/0x10
[  563.402995][    C1]  ? skb_set_owner_w+0x326/0x720
[  563.402995][    C1]  ? srso_alias_return_thunk+0x5/0xfbef5
[  563.402995][    C1]  ? srso_alias_return_thunk+0x5/0xfbef5
[  563.402995][    C1]  ? write_comp_data+0x29/0x90
[  563.402995][    C1]  ndisc_send_rs+0x12d/0x540
[  563.402995][    C1]  addrconf_rs_timer+0x3f7/0x750
[  563.402995][    C1]  ? __pfx_lock_acquire+0x10/0x10
[  563.402995][    C1]  ? __pfx_addrconf_rs_timer+0x10/0x10
[  563.402995][    C1]  ? srso_alias_return_thunk+0x5/0xfbef5
[  563.402995][    C1]  call_timer_fn+0x1be/0x690
[  563.402995][    C1]  ? __pfx_addrconf_rs_timer+0x10/0x10
[  563.402995][    C1]  ? __pfx_call_timer_fn+0x10/0x10
[  563.402995][    C1]  ? __pfx_do_raw_spin_lock+0x10/0x10
[  563.402995][    C1]  ? _raw_spin_unlock_irq+0x23/0x50
[  563.402995][    C1]  ? _raw_spin_unlock_irq+0x23/0x50
[  563.402995][    C1]  ? __pfx_addrconf_rs_timer+0x10/0x10
[  563.402995][    C1]  __run_timers+0x713/0xb50
[  563.402995][    C1]  ? __pfx___run_timers+0x10/0x10
[  563.402995][    C1]  ? __pfx_lock_acquire+0x10/0x10
[  563.402995][    C1]  ? srso_alias_return_thunk+0x5/0xfbef5
[  563.402995][    C1]  ? srso_alias_return_thunk+0x5/0xfbef5
[  563.402995][    C1]  ? srso_alias_return_thunk+0x5/0xfbef5
[  563.402995][    C1]  ? do_raw_spin_lock+0x124/0x290
[  563.402995][    C1]  ? __pfx_do_raw_spin_lock+0x10/0x10
[  563.402995][    C1]  ? _raw_spin_lock_irq+0x45/0x50
[  563.402995][    C1]  run_timer_base+0xc5/0x120
[  563.402995][    C1]  run_timer_softirq+0x1a/0x40
[  563.402995][    C1]  handle_softirqs+0x1ad/0x870
[  563.402995][    C1]  irq_exit_rcu+0xee/0x140
[  563.402995][    C1]  sysvec_apic_timer_interrupt+0x94/0xb0
[  563.402995][    C1]  </IRQ>
[  563.402995][    C1]  <TASK>
[  563.402995][    C1]  asm_sysvec_apic_timer_interrupt+0x1a/0x20
[  563.402995][    C1] RIP: 0010:__sanitizer_cov_trace_pc+0x0/0x60
[  563.402995][    C1] Code: 48 8b 05 a3 15 5a 63 48 8b 80 f0 14 00 00 e9 22 a5 e6 07 0f 1f 80 00 00 00 00 90 90 90 90 90 90 90 90 90 90 90 90 90 90 90 90 <f3> 0f 1e fa 55 bf 02 00 00 00 53 48 8b 6c 24 10 65 48 8b 1d 68 15
[  563.402995][    C1] RSP: 0018:ffa00000055d75a0 EFLAGS: 00000246
[  563.402995][    C1] RAX: 0000000000abae00 RBX: 0000000000000001 RCX: ffffffff9cd219f7
[  563.402995][    C1] RDX: 0000000000000000 RSI: ff11000022aa2340 RDI: 0000000000000002
[  563.402995][    C1] RBP: 0000000000000000 R08: fff3fc0000abae00 R09: fff3fc0000abae95
[  563.402995][    C1] R10: fff3fc0000abae94 R11: 0000000000000003 R12: ffd400000061f000
[  563.402995][    C1] R13: 0000000000000000 R14: 00007fbe74832000 R15: ff11000024ee2190
[  563.402995][    C1]  ? vm_normal_folio+0x67/0x160
[  563.402995][    C1]  vm_normal_folio+0x81/0x160
[  563.402995][    C1]  madvise_cold_or_pageout_pte_range+0x334/0x1fb0
[  563.402995][    C1]  ? __pfx_madvise_cold_or_pageout_pte_range+0x10/0x10
[  563.402995][    C1]  ? find_held_lock+0x2c/0x110
[  563.402995][    C1]  ? __pfx_madvise_cold_or_pageout_pte_range+0x10/0x10
[  563.402995][    C1]  walk_pgd_range+0xbfd/0x1c60
[  563.402995][    C1]  ? __pfx_walk_pgd_range+0x10/0x10
[  563.402995][    C1]  __walk_page_range+0x162/0x870
[  563.402995][    C1]  ? srso_alias_return_thunk+0x5/0xfbef5
[  563.402995][    C1]  ? find_vma+0xc0/0x140
[  563.402995][    C1]  ? srso_alias_return_thunk+0x5/0xfbef5
[  563.402995][    C1]  ? write_comp_data+0x29/0x90
[  563.402995][    C1]  ? srso_alias_return_thunk+0x5/0xfbef5
[  563.402995][    C1]  ? __sanitizer_cov_trace_pc+0x20/0x60
[  563.402995][    C1]  ? srso_alias_return_thunk+0x5/0xfbef5
[  563.402995][    C1]  ? srso_alias_return_thunk+0x5/0xfbef5
[  563.402995][    C1]  walk_page_range_mm+0x422/0x900
[  563.402995][    C1]  ? __pfx_walk_page_range_mm+0x10/0x10
[  563.402995][    C1]  ? write_comp_data+0x29/0x90
[  563.402995][    C1]  ? srso_alias_return_thunk+0x5/0xfbef5
[  563.402995][    C1]  ? lru_add_drain_cpu+0x478/0x850
[  563.402995][    C1]  walk_page_range+0x65/0x90
[  563.402995][    C1]  madvise_pageout+0x310/0x7e0
[  563.402995][    C1]  ? __pfx_madvise_pageout+0x10/0x10
[  563.402995][    C1]  ? srso_alias_return_thunk+0x5/0xfbef5
[  563.402995][    C1]  ? find_held_lock+0x2c/0x110
[  563.402995][    C1]  ? __pfx_lock_release+0x10/0x10
[  563.402995][    C1]  ? srso_alias_return_thunk+0x5/0xfbef5
[  563.402995][    C1]  ? write_comp_data+0x29/0x90
[  563.402995][    C1]  ? srso_alias_return_thunk+0x5/0xfbef5
[  563.402995][    C1]  ? write_comp_data+0x29/0x90
[  563.402995][    C1]  madvise_vma_behavior+0x1386/0x2320
[  563.402995][    C1]  ? mt_find+0x811/0xa80
[  563.402995][    C1]  ? __pfx_madvise_vma_behavior+0x10/0x10
[  563.402995][    C1]  ? srso_alias_return_thunk+0x5/0xfbef5
[  563.402995][    C1]  ? srso_alias_return_thunk+0x5/0xfbef5
[  563.402995][    C1]  ? srso_alias_return_thunk+0x5/0xfbef5
[  563.402995][    C1]  ? find_vma+0xc0/0x140
[  563.402995][    C1]  ? __pfx_find_vma+0x10/0x10
[  563.402995][    C1]  ? srso_alias_return_thunk+0x5/0xfbef5
[  563.402995][    C1]  ? srso_alias_return_thunk+0x5/0xfbef5
[  563.402995][    C1]  do_madvise+0x5f6/0x9c0
[  563.402995][    C1]  ? __pfx_do_madvise+0x10/0x10
[  563.402995][    C1]  ? srso_alias_return_thunk+0x5/0xfbef5
[  563.402995][    C1]  ? put_timespec64+0xcf/0x130
[  563.402995][    C1]  ? __pfx_put_timespec64+0x10/0x10
[  563.402995][    C1]  ? syscall_exit_to_user_mode+0xd0/0x270
[  563.402995][    C1]  __x64_sys_madvise+0xa9/0x110
[  563.402995][    C1]  ? srso_alias_return_thunk+0x5/0xfbef5
[  563.402995][    C1]  ? lockdep_hardirqs_on+0x7c/0x110
[  563.402995][    C1]  do_syscall_64+0xc3/0x1d0
[  563.402995][    C1]  entry_SYSCALL_64_after_hwframe+0x77/0x7f
[  563.402995][    C1] RIP: 0033:0x7fbe74e24add
[  563.402995][    C1] Code: Unable to access opcode bytes at 0x7fbe74e24ab3.
[  563.402995][    C1] RSP: 002b:00007fbe74876ba8 EFLAGS: 00000246 ORIG_RAX: 000000000000001c
[  563.402995][    C1] RAX: ffffffffffffffda RBX: 00007fbe7501dfa0 RCX: 00007fbe74e24add
[  563.402995][    C1] RDX: 0000000000000015 RSI: 7fffffffffffffff RDI: 0000000020000000
[  563.402995][    C1] RBP: 00007fbe74ea2b8f R08: 0000000000000000 R09: 0000000000000000
[  563.402995][    C1] R10: 0000000000000000 R11: 0000000000000246 R12: 0000000000000000
[  563.402995][    C1] R13: 00007fbe7501dfac R14: 00007fbe7501e038 R15: 00007fbe74876d40
[  563.402995][    C1]  </TASK>
[  563.825853][    C1] Mem-Info:
[  563.826957][    C1] active_anon:345 inactive_anon:36565 isolated_anon:104
[  563.826957][    C1]  active_file:716 inactive_file:709 isolated_file:0
[  563.826957][    C1]  unevictable:1533 dirty:452 writeback:21
[  563.826957][    C1]  slab_reclaimable:9389 slab_unreclaimable:268431
[  563.826957][    C1]  mapped:1229 shmem:2041 pagetables:714
[  563.826957][    C1]  sec_pagetables:0 bounce:0
[  563.826957][    C1]  kernel_misc_reclaimable:0
[  563.826957][    C1]  free:400 free_pcp:791 free_cma:0
[  563.840857][    C1] Node 0 active_anon:1380kB inactive_anon:146260kB active_file:2864kB inactive_file:2836kB unevictable:6132kB isolated(anon):416kB isolated(file):0kB mapped:4916kB dirty:1808kB writeback:84kB shmem:8164kB writeback_tmp:0kB kernel_stack:9408kB pagetables:2856kB sec_pagetables:0kB all_unreclaimable? no
[  563.849725][    C1] Node 0 DMA free:0kB boost:0kB min:52kB low:64kB high:76kB reserved_highatomic:0KB active_anon:0kB inactive_anon:0kB active_file:0kB inactive_file:0kB unevictable:0kB writepending:0kB present:15992kB managed:15360kB mlocked:0kB bounce:0kB free_pcp:0kB local_pcp:0kB free_cma:0kB
[  563.858031][    C1] lowmem_reserve[]: 0 1301 0 0
[  563.859770][    C1] Node 0 DMA32 free:1600kB boost:10876kB min:15464kB low:16796kB high:18128kB reserved_highatomic:12288KB active_anon:1380kB inactive_anon:146260kB active_file:2864kB inactive_file:2836kB unevictable:6132kB writepending:1892kB present:2080640kB managed:1356848kB mlocked:0kB bounce:0kB free_pcp:3164kB local_pcp:1136kB free_cma:0kB
[  563.869424][    C1] lowmem_reserve[]: 0 0 0 0
[  563.871088][    C1] Node 0 DMA: 0*4kB 0*8kB 0*16kB 0*32kB 0*64kB 0*128kB 0*256kB 0*512kB 0*1024kB 0*2048kB 0*4096kB = 0kB
[  563.875117][    C1] Node 0 DMA32: 183*4kB (M) 0*8kB 0*16kB 1*32kB (H) 1*64kB (H) 2*128kB (H) 1*256kB (H) 0*512kB 0*1024kB 0*2048kB 0*4096kB = 1340kB
[  563.879947][    C1] Node 0 hugepages_total=0 hugepages_free=0 hugepages_surp=0 hugepages_size=2048kB
[  563.882963][    C1] 3514 total pagecache pages
[  563.884500][    C1] 15 pages in swap cache
[  563.885948][    C1] Free swap  = 123964kB
[  563.887365][    C1] Total swap = 124996kB
[  563.888759][    C1] 524158 pages RAM
[  563.890046][    C1] 0 pages HighMem/MovableOnly
[  563.891620][    C1] 181106 pages reserved
[  568.401569][ T2009] slab_out_of_memory: 617 callbacks suppressed
[  568.401604][ T2009] SLUB: Unable to allocate memory on CPU 3 (of node 0) on node -1, gfp=0x820(GFP_ATOMIC)
[  568.406991][ T2009]   cache: skbuff_head_cache, object size: 232, buffer size: 320, default order: 1, min order: 0
[  568.410418][ T2009]   node 0: slabs: 6573, objs: 147282, free: 0
[  568.412481][ T2009] SLUB: Unable to allocate memory on CPU 3 (of node 0) on node -1, gfp=0x820(GFP_ATOMIC)
[  568.415627][ T2009]   cache: skbuff_head_cache, object size: 232, buffer size: 320, default order: 1, min order: 0
[  568.419087][ T2009]   node 0: slabs: 6573, objs: 147282, free: 0
[  568.421140][ T2009] SLUB: Unable to allocate memory on CPU 3 (of node 0) on node -1, gfp=0x820(GFP_ATOMIC)
[  568.424354][ T2009]   cache: skbuff_head_cache, object size: 232, buffer size: 320, default order: 1, min order: 0
[  568.427742][ T2009]   node 0: slabs: 6573, objs: 147282, free: 0
[  568.430008][    C2] SLUB: Unable to allocate memory on CPU 2 (of node 0) on node -1, gfp=0x920(GFP_ATOMIC|__GFP_ZERO)
[  568.430025][    C1] SLUB: Unable to allocate memory on CPU 1 (of node 0) on node -1, gfp=0x920(GFP_ATOMIC|__GFP_ZERO)
[  568.430080][    C2]   cache: kmalloc-1k, object size: 1024, buffer size: 2048, default order: 3, min order: 0
[  568.430088][    C1]   cache: kmalloc-96, object size: 96, buffer size: 128, default order: 0, min order: 0
[  568.430133][    C2]   node 0: slabs: 5496, objs: 47588, free: 0
[  568.430139][    C1]   node 0: slabs: 1323, objs: 42336, free: 0
[  568.430240][    C1] SLUB: Unable to allocate memory on CPU 1 (of node 0) on node -1, gfp=0x920(GFP_ATOMIC|__GFP_ZERO)
[  568.430262][    C2] SLUB: Unable to allocate memory on CPU 2 (of node 0) on node -1, gfp=0x920(GFP_ATOMIC|__GFP_ZERO)
[  568.430373][    C1]   cache: kmalloc-96, object size: 96, buffer size: 128, default order: 0, min order: 0
[  568.430409][    C2]   cache: kmalloc-1k, object size: 1024, buffer size: 2048, default order: 3, min order: 0
[  568.430425][    C1]   node 0: slabs: 1323, objs: 42336, free: 0
[  568.430462][    C2]   node 0: slabs: 5496, objs: 47588, free: 0
[  568.430511][    C1] SLUB: Unable to allocate memory on CPU 1 (of node 0) on node -1, gfp=0x920(GFP_ATOMIC|__GFP_ZERO)
[  568.430571][    C1]   cache: kmalloc-96, object size: 96, buffer size: 128, default order: 0, min order: 0
[  568.430622][    C1]   node 0: slabs: 1323, objs: 42336, free: 0
[  568.430921][  T400] SLUB: Unable to allocate memory on CPU 2 (of node 0) on node -1, gfp=0x920(GFP_ATOMIC|__GFP_ZERO)
[  568.430981][  T400]   cache: kmalloc-1k, object size: 1024, buffer size: 2048, default order: 3, min order: 0
[  568.431030][  T400]   node 0: slabs: 5496, objs: 47588, free: 0
[  568.431114][  T400] SLUB: Unable to allocate memory on CPU 2 (of node 0) on node -1, gfp=0x920(GFP_ATOMIC|__GFP_ZERO)
[  568.431170][  T400]   cache: kmalloc-1k, object size: 1024, buffer size: 2048, default order: 3, min order: 0
[  568.431218][  T400]   node 0: slabs: 5496, objs: 47588, free: 0
[  571.577367][    C3] net_ratelimit: 34 callbacks suppressed
[  571.577404][    C3] ICMPv6: ndisc: ndisc_alloc_skb failed to allocate an skb
[  571.577423][    C0] ICMPv6: ndisc: ndisc_alloc_skb failed to allocate an skb
[  571.577439][    C2] ICMPv6: ndisc: ndisc_alloc_skb failed to allocate an skb
[  571.577477][    C0] ICMPv6: ndisc: ndisc_alloc_skb failed to allocate an skb
[  571.577523][    C0] ICMPv6: ndisc: ndisc_alloc_skb failed to allocate an skb
[  571.577568][    C0] ICMPv6: ndisc: ndisc_alloc_skb failed to allocate an skb
[  571.577612][    C0] ICMPv6: ndisc: ndisc_alloc_skb failed to allocate an skb
[  571.577656][    C0] ICMPv6: ndisc: ndisc_alloc_skb failed to allocate an skb
[  571.577700][    C0] ICMPv6: ndisc: ndisc_alloc_skb failed to allocate an skb
[  571.578361][    C1] ICMPv6: ndisc: ndisc_alloc_skb failed to allocate an skb
[  573.427532][   T40] warn_alloc: 6448 callbacks suppressed
[  573.427567][   T40] kworker/u20:0: page allocation failure: order:0, mode:0x40820(GFP_ATOMIC|__GFP_COMP), nodemask=(null),cpuset=/,mems_allowed=0
[  573.431915][ T2008] slab_out_of_memory: 5812 callbacks suppressed
[  573.431951][ T2008] SLUB: Unable to allocate memory on CPU 2 (of node 0) on node -1, gfp=0x820(GFP_ATOMIC)
[  573.433777][   T40] CPU: 3 UID: 0 PID: 40 Comm: kworker/u20:0 Not tainted 6.13.0-rc7 #1
[  573.435661][ T2008]   cache: skbuff_head_cache, object size: 232, buffer size: 320, default order: 1, min order: 0
[  573.434684][   T40] Hardware name: QEMU Standard PC (i440FX + PIIX, 1996), BIOS 1.13.0-1ubuntu1.1 04/01/2014
[  573.434684][   T40] Workqueue: events_unbound nsim_dev_trap_report_work
[  573.441262][ T2008]   node 0: slabs: 6743, objs: 150245, free: 0
[  573.434684][   T40] 
[  573.434684][   T40] Call Trace:
[  573.434684][   T40]  <TASK>
[  573.434684][   T40]  dump_stack_lvl+0x180/0x1b0
[  573.447423][    C1] SLUB: Unable to allocate memory on CPU 1 (of node 0) on node -1, gfp=0x820(GFP_ATOMIC)
[  573.447484][    C1]   cache: skbuff_head_cache, object size: 232, buffer size: 320, default order: 1, min order: 0
[  573.447537][    C1]   node 0: slabs: 6743, objs: 150245, free: 0
[  573.447815][    C1] SLUB: Unable to allocate memory on CPU 1 (of node 0) on node -1, gfp=0x920(GFP_ATOMIC|__GFP_ZERO)
[  573.448373][    C2] SLUB: Unable to allocate memory on CPU 2 (of node 0) on node -1, gfp=0x920(GFP_ATOMIC|__GFP_ZERO)
[  573.448438][    C2]   cache: kmalloc-96, object size: 96, buffer size: 128, default order: 0, min order: 0
[  573.448516][    C2]   node 0: slabs: 1326, objs: 42432, free: 0
[  573.448621][    C2] SLUB: Unable to allocate memory on CPU 2 (of node 0) on node -1, gfp=0x920(GFP_ATOMIC|__GFP_ZERO)
[  573.448680][    C2]   cache: kmalloc-96, object size: 96, buffer size: 128, default order: 0, min order: 0
[  573.448744][    C2]   node 0: slabs: 1326, objs: 42432, free: 0
[  573.434684][   T40]  warn_alloc+0x1a8/0x2e0
[  573.451938][    C1]   cache: kmalloc-96, object size: 96, buffer size: 128, default order: 0, min order: 0
[  573.434684][   T40]  ? srso_alias_return_thunk+0x5/0xfbef5
[  573.434684][   T40]  ? __pfx_warn_alloc+0x10/0x10
[  573.453826][    C1]   node 0: slabs: 1326, objs: 42432, free: 0
[  573.454554][  T494] SLUB: Unable to allocate memory on CPU 2 (of node 0) on node -1, gfp=0x920(GFP_ATOMIC|__GFP_ZERO)
[  573.454616][  T494]   cache: kmalloc-1k, object size: 1024, buffer size: 2048, default order: 3, min order: 0
[  573.454665][  T494]   node 0: slabs: 5547, objs: 47690, free: 0
[  573.434684][   T40]  ? srso_alias_return_thunk+0x5/0xfbef5
[  573.454789][  T494] SLUB: Unable to allocate memory on CPU 2 (of node 0) on node -1, gfp=0x920(GFP_ATOMIC|__GFP_ZERO)
[  573.454846][  T494]   cache: kmalloc-1k, object size: 1024, buffer size: 2048, default order: 3, min order: 0
[  573.454894][  T494]   node 0: slabs: 5547, objs: 47690, free: 0
[  573.456414][    C1] SLUB: Unable to allocate memory on CPU 1 (of node 0) on node -1, gfp=0x920(GFP_ATOMIC|__GFP_ZERO)
[  573.434684][   T40]  ? __pfx_get_page_from_freelist+0x10/0x10
[  573.462642][    C1]   cache: kmalloc-96, object size: 96, buffer size: 128, default order: 0, min order: 0
[  573.463761][ T2008] SLUB: Unable to allocate memory on CPU 2 (of node 0) on node -1, gfp=0x820(GFP_ATOMIC)
[  573.463850][ T2008]   cache: skbuff_head_cache, object size: 232, buffer size: 320, default order: 1, min order: 0
[  573.463900][ T2008]   node 0: slabs: 6745, objs: 150295, free: 0
[  573.463947][ T2008] SLUB: Unable to allocate memory on CPU 2 (of node 0) on node -1, gfp=0x820(GFP_ATOMIC)
[  573.463998][ T2008]   cache: skbuff_head_cache, object size: 232, buffer size: 320, default order: 1, min order: 0
[  573.464050][ T2008]   node 0: slabs: 6745, objs: 150295, free: 0
[  573.434684][   T40]  ? srso_alias_return_thunk+0x5/0xfbef5
[  573.434684][   T40]  ? wake_all_kswapds+0x136/0x2f0
[  573.468008][    C1]   node 0: slabs: 1326, objs: 42432, free: 0
[  573.434684][   T40]  __alloc_pages_slowpath.constprop.0+0x1434/0x2170
[  573.434684][   T40]  ? __pfx_mark_lock+0x10/0x10
[  573.434684][   T40]  ? __pfx___alloc_pages_slowpath.constprop.0+0x10/0x10
[  573.434684][   T40]  ? mark_lock+0xfe/0x12d0
[  573.434684][   T40]  ? srso_alias_return_thunk+0x5/0xfbef5
[  573.434684][   T40]  ? __pfx_get_page_from_freelist+0x10/0x10
[  573.434684][   T40]  ? srso_alias_return_thunk+0x5/0xfbef5
[  573.434684][   T40]  ? srso_alias_return_thunk+0x5/0xfbef5
[  573.434684][   T40]  ? __sanitizer_cov_trace_pc+0x20/0x60
[  573.434684][   T40]  __alloc_pages_noprof+0x564/0x660
[  573.434684][   T40]  ? __pfx___alloc_pages_noprof+0x10/0x10
[  573.434684][   T40]  ? srso_alias_return_thunk+0x5/0xfbef5
[  573.434684][   T40]  ? srso_alias_return_thunk+0x5/0xfbef5
[  573.434684][   T40]  ? write_comp_data+0x29/0x90
[  573.434684][   T40]  ? srso_alias_return_thunk+0x5/0xfbef5
[  573.434684][   T40]  ? __sanitizer_cov_trace_pc+0x20/0x60
[  573.434684][   T40]  ? srso_alias_return_thunk+0x5/0xfbef5
[  573.434684][   T40]  ? policy_nodemask+0xeb/0x4e0
[  573.434684][   T40]  alloc_pages_mpol_noprof+0xf2/0x400
[  573.434684][   T40]  ? __pfx_alloc_pages_mpol_noprof+0x10/0x10
[  573.434684][   T40]  ? srso_alias_return_thunk+0x5/0xfbef5
[  573.434684][   T40]  ? srso_alias_return_thunk+0x5/0xfbef5
[  573.434684][   T40]  ? __sanitizer_cov_trace_pc+0x20/0x60
[  573.434684][   T40]  ? srso_alias_return_thunk+0x5/0xfbef5
[  573.434684][   T40]  ? __sanitizer_cov_trace_pc+0x20/0x60
[  573.434684][   T40]  new_slab+0x2df/0x3f0
[  573.434684][   T40]  ? __sanitizer_cov_trace_pc+0x20/0x60
[  573.434684][   T40]  ___slab_alloc+0xdde/0x16d0
[  573.434684][   T40]  ? __alloc_skb+0x2ad/0x370
[  573.434684][   T40]  ? ___slab_alloc+0x46/0x16d0
[  573.434684][   T40]  ? __entry_text_end+0x102146/0x102149
[  573.434684][   T40]  ? srso_alias_return_thunk+0x5/0xfbef5
[  573.434684][   T40]  ? mark_held_locks+0x9e/0xe0
[  573.434684][   T40]  ? __alloc_skb+0x2ad/0x370
[  573.434684][   T40]  ? __slab_alloc.isra.0+0x56/0xb0
[  573.434684][   T40]  ? srso_alias_return_thunk+0x5/0xfbef5
[  573.434684][   T40]  __slab_alloc.isra.0+0x56/0xb0
[  573.434684][   T40]  kmem_cache_alloc_node_noprof+0x202/0x430
[  573.434684][   T40]  ? __entry_text_end+0x102145/0x102149
[  573.434684][   T40]  ? __alloc_skb+0x2ad/0x370
[  573.434684][   T40]  ? srso_alias_return_thunk+0x5/0xfbef5
[  573.434684][   T40]  __alloc_skb+0x2ad/0x370
[  573.434684][   T40]  ? __pfx___alloc_skb+0x10/0x10
[  573.434684][   T40]  ? do_raw_spin_lock+0x124/0x290
[  573.434684][   T40]  ? __pfx_do_raw_spin_lock+0x10/0x10
[  573.434684][   T40]  nsim_dev_trap_report_work+0x358/0xd20
[  573.434684][   T40]  process_scheduled_works+0x5ee/0x1ba0
[  573.434684][   T40]  ? __pfx_process_scheduled_works+0x10/0x10
[  573.434684][   T40]  ? __sanitizer_cov_trace_pc+0x20/0x60
[  573.434684][   T40]  ? srso_alias_return_thunk+0x5/0xfbef5
[  573.434684][   T40]  ? srso_alias_return_thunk+0x5/0xfbef5
[  573.434684][   T40]  ? __sanitizer_cov_trace_pc+0x20/0x60
[  573.434684][   T40]  ? srso_alias_return_thunk+0x5/0xfbef5
[  573.434684][   T40]  ? assign_work+0x195/0x240
[  573.434684][   T40]  worker_thread+0x59f/0xcf0
[  573.434684][   T40]  ? __pfx_worker_thread+0x10/0x10
[  573.434684][   T40]  kthread+0x345/0x450
[  573.434684][   T40]  ? __pfx_kthread+0x10/0x10
[  573.434684][   T40]  ret_from_fork+0x48/0x80
[  573.434684][   T40]  ? __pfx_kthread+0x10/0x10
[  573.434684][   T40]  ret_from_fork_asm+0x1a/0x30
[  573.434684][   T40]  </TASK>
[  573.652468][   T40] Mem-Info:
[  573.654279][   T40] active_anon:345 inactive_anon:36580 isolated_anon:88
[  573.654279][   T40]  active_file:494 inactive_file:506 isolated_file:0
[  573.654279][   T40]  unevictable:1533 dirty:452 writeback:23
[  573.654279][   T40]  slab_reclaimable:9389 slab_unreclaimable:269225
[  573.654279][   T40]  mapped:771 shmem:2041 pagetables:714
[  573.654279][   T40]  sec_pagetables:0 bounce:0
[  573.654279][   T40]  kernel_misc_reclaimable:0
[  573.654279][   T40]  free:196 free_pcp:579 free_cma:0
[  573.668272][   T40] Node 0 active_anon:1380kB inactive_anon:146320kB active_file:1976kB inactive_file:2024kB unevictable:6132kB isolated(anon):352kB isolated(file):0kB mapped:3084kB dirty:1808kB writeback:92kB shmem:8164kB writeback_tmp:0kB kernel_stack:9408kB pagetables:2856kB sec_pagetables:0kB all_unreclaimable? no
[  573.676784][   T40] Node 0 DMA free:0kB boost:0kB min:52kB low:64kB high:76kB reserved_highatomic:0KB active_anon:0kB inactive_anon:0kB active_file:0kB inactive_file:0kB unevictable:0kB writepending:0kB present:15992kB managed:15360kB mlocked:0kB bounce:0kB free_pcp:0kB local_pcp:0kB free_cma:0kB
[  573.684656][   T40] lowmem_reserve[]: 0 1301 0 0
[  573.686347][   T40] Node 0 DMA32 free:784kB boost:10876kB min:15464kB low:16796kB high:18128kB reserved_highatomic:6144KB active_anon:1380kB inactive_anon:146320kB active_file:1976kB inactive_file:2024kB unevictable:6132kB writepending:1900kB present:2080640kB managed:1356848kB mlocked:0kB bounce:0kB free_pcp:2316kB local_pcp:524kB free_cma:0kB
[  573.695515][   T40] lowmem_reserve[]: 0 0 0 0
[  573.697079][   T40] Node 0 DMA: 0*4kB 0*8kB 0*16kB 0*32kB 0*64kB 0*128kB 0*256kB 0*512kB 0*1024kB 0*2048kB 0*4096kB = 0kB
[  573.700875][   T40] Node 0 DMA32: 196*4kB (UM) 1*8kB (U) 1*16kB (U) 0*32kB 0*64kB 0*128kB 0*256kB 0*512kB 0*1024kB 0*2048kB 0*4096kB = 808kB
[  573.705235][   T40] Node 0 hugepages_total=0 hugepages_free=0 hugepages_surp=0 hugepages_size=2048kB
[  573.708157][   T40] 3058 total pagecache pages
[  573.709618][   T40] 17 pages in swap cache
[  573.710987][   T40] Free swap  = 123964kB
[  573.712354][   T40] Total swap = 124996kB
[  573.713708][   T40] 524158 pages RAM
[  573.714971][   T40] 0 pages HighMem/MovableOnly
[  573.716509][   T40] 181106 pages reserved
[  578.449769][ T2008] slab_out_of_memory: 5218 callbacks suppressed
[  578.449804][ T2008] SLUB: Unable to allocate memory on CPU 3 (of node 0) on node -1, gfp=0x820(GFP_ATOMIC)
[  578.454854][ T2008]   cache: skbuff_head_cache, object size: 232, buffer size: 320, default order: 1, min order: 0
[  578.457706][  T802] SLUB: Unable to allocate memory on CPU 0 (of node 0) on node -1, gfp=0x820(GFP_ATOMIC)
[  578.458035][ T2008]   node 0: slabs: 6902, objs: 153232, free: 0
[  578.461109][  T802]   cache: skbuff_head_cache, object size: 232, buffer size: 320, default order: 1, min order: 0
[  578.465209][    C1] SLUB: Unable to allocate memory on CPU 1 (of node 0) on node -1, gfp=0x920(GFP_ATOMIC|__GFP_ZERO)
[  578.465223][    C2] SLUB: Unable to allocate memory on CPU 2 (of node 0) on node -1, gfp=0x920(GFP_ATOMIC|__GFP_ZERO)
[  578.465366][    C2]   cache: kmalloc-1k, object size: 1024, buffer size: 2048, default order: 3, min order: 0
[  578.465420][    C2]   node 0: slabs: 5637, objs: 47814, free: 0
[  578.465558][    C2] SLUB: Unable to allocate memory on CPU 2 (of node 0) on node -1, gfp=0x920(GFP_ATOMIC|__GFP_ZERO)
[  578.465618][    C2]   cache: kmalloc-1k, object size: 1024, buffer size: 2048, default order: 3, min order: 0
[  578.465711][    C2]   node 0: slabs: 5637, objs: 47814, free: 0
[  578.465735][    C3] SLUB: Unable to allocate memory on CPU 3 (of node 0) on node -1, gfp=0x920(GFP_ATOMIC|__GFP_ZERO)
[  578.465800][    C3]   cache: kmalloc-96, object size: 96, buffer size: 128, default order: 0, min order: 0
[  578.465852][    C3]   node 0: slabs: 1336, objs: 42752, free: 0
[  578.465892][  T484] SLUB: Unable to allocate memory on CPU 2 (of node 0) on node -1, gfp=0x920(GFP_ATOMIC|__GFP_ZERO)
[  578.465950][  T484]   cache: kmalloc-1k, object size: 1024, buffer size: 2048, default order: 3, min order: 0
[  578.465955][    C3] SLUB: Unable to allocate memory on CPU 3 (of node 0) on node -1, gfp=0x920(GFP_ATOMIC|__GFP_ZERO)
[  578.465999][  T484]   node 0: slabs: 5637, objs: 47814, free: 0
[  578.466016][    C3]   cache: kmalloc-96, object size: 96, buffer size: 128, default order: 0, min order: 0
[  578.466067][    C3]   node 0: slabs: 1336, objs: 42752, free: 0
[  578.466091][  T484] SLUB: Unable to allocate memory on CPU 2 (of node 0) on node -1, gfp=0x920(GFP_ATOMIC|__GFP_ZERO)
[  578.466147][  T484]   cache: kmalloc-1k, object size: 1024, buffer size: 2048, default order: 3, min order: 0
[  578.466149][    C3] SLUB: Unable to allocate memory on CPU 3 (of node 0) on node -1, gfp=0x920(GFP_ATOMIC|__GFP_ZERO)
[  578.466196][  T484]   node 0: slabs: 5637, objs: 47814, free: 0
[  578.466209][    C3]   cache: kmalloc-96, object size: 96, buffer size: 128, default order: 0, min order: 0
[  578.466217][  T802]   node 0: slabs: 6904, objs: 153282, free: 0
[  578.466262][    C3]   node 0: slabs: 1336, objs: 42752, free: 0
[  578.469475][    C1]   cache: kmalloc-96, object size: 96, buffer size: 128, default order: 0, min order: 0
[  578.531800][    C1]   node 0: slabs: 1336, objs: 42752, free: 0
[  579.769796][    C0] net_ratelimit: 37 callbacks suppressed
[  579.769830][    C0] ICMPv6: ndisc: ndisc_alloc_skb failed to allocate an skb
[  583.465660][  T802] warn_alloc: 11129 callbacks suppressed
[  583.465695][  T802] kworker/u17:4: page allocation failure: order:0, mode:0x40820(GFP_ATOMIC|__GFP_COMP), nodemask=(null),cpuset=/,mems_allowed=0
[  583.472063][  T802] CPU: 0 UID: 0 PID: 802 Comm: kworker/u17:4 Not tainted 6.13.0-rc7 #1
[  583.472997][  T802] Hardware name: QEMU Standard PC (i440FX + PIIX, 1996), BIOS 1.13.0-1ubuntu1.1 04/01/2014
[  583.477611][  T494] slab_out_of_memory: 5892 callbacks suppressed
[  583.477647][  T494] SLUB: Unable to allocate memory on CPU 2 (of node 0) on node -1, gfp=0x820(GFP_ATOMIC)
[  583.472997][  T802] Workqueue: events_unbound nsim_dev_trap_report_work
[  583.479987][  T494]   cache: skbuff_head_cache, object size: 232, buffer size: 320, default order: 1, min order: 0
[  583.482878][    C1] SLUB: Unable to allocate memory on CPU 1 (of node 0) on node -1, gfp=0x920(GFP_ATOMIC|__GFP_ZERO)
[  583.482949][    C1]   cache: kmalloc-96, object size: 96, buffer size: 128, default order: 0, min order: 0
[  583.472997][  T802] 
[  583.483001][    C1]   node 0: slabs: 1344, objs: 43008, free: 0
[  583.472997][  T802] Call Trace:
[  583.472997][  T802]  <TASK>
[  583.472997][  T802]  dump_stack_lvl+0x180/0x1b0
[  583.483109][    C1] SLUB: Unable to allocate memory on CPU 1 (of node 0) on node -1, gfp=0x920(GFP_ATOMIC|__GFP_ZERO)
[  583.472997][  T802]  warn_alloc+0x1a8/0x2e0
[  583.483169][    C1]   cache: kmalloc-96, object size: 96, buffer size: 128, default order: 0, min order: 0
[  583.472997][  T802]  ? srso_alias_return_thunk+0x5/0xfbef5
[  583.483220][    C1]   node 0: slabs: 1344, objs: 43008, free: 0
[  583.472997][  T802]  ? __pfx_warn_alloc+0x10/0x10
[  583.472997][  T802]  ? srso_alias_return_thunk+0x5/0xfbef5
[  583.483384][    C1] SLUB: Unable to allocate memory on CPU 1 (of node 0) on node -1, gfp=0x920(GFP_ATOMIC|__GFP_ZERO)
[  583.483407][    C3] SLUB: Unable to allocate memory on CPU 3 (of node 0) on node -1, gfp=0x920(GFP_ATOMIC|__GFP_ZERO)
[  583.483448][    C1]   cache: kmalloc-96, object size: 96, buffer size: 128, default order: 0, min order: 0
[  583.483473][    C3]   cache: kmalloc-1k, object size: 1024, buffer size: 2048, default order: 3, min order: 0
[  583.483498][    C1]   node 0: slabs: 1344, objs: 43008, free: 0
[  583.483525][    C3]   node 0: slabs: 5671, objs: 47882, free: 0
[  583.483658][    C3] SLUB: Unable to allocate memory on CPU 3 (of node 0) on node -1, gfp=0x920(GFP_ATOMIC|__GFP_ZERO)
[  583.483718][    C3]   cache: kmalloc-1k, object size: 1024, buffer size: 2048, default order: 3, min order: 0
[  583.483797][    C3]   node 0: slabs: 5671, objs: 47882, free: 0
[  583.483904][    C3] SLUB: Unable to allocate memory on CPU 3 (of node 0) on node -1, gfp=0x920(GFP_ATOMIC|__GFP_ZERO)
[  583.483963][    C3]   cache: kmalloc-1k, object size: 1024, buffer size: 2048, default order: 3, min order: 0
[  583.484015][    C3]   node 0: slabs: 5671, objs: 47882, free: 0
[  583.484120][    C3] SLUB: Unable to allocate memory on CPU 3 (of node 0) on node -1, gfp=0x920(GFP_ATOMIC|__GFP_ZERO)
[  583.484179][    C3]   cache: kmalloc-1k, object size: 1024, buffer size: 2048, default order: 3, min order: 0
[  583.484231][    C3]   node 0: slabs: 5671, objs: 47882, free: 0
[  583.484404][    C3] SLUB: Unable to allocate memory on CPU 3 (of node 0) on node -1, gfp=0x920(GFP_ATOMIC|__GFP_ZERO)
[  583.484465][    C3]   cache: kmalloc-1k, object size: 1024, buffer size: 2048, default order: 3, min order: 0
[  583.484516][    C3]   node 0: slabs: 5671, objs: 47882, free: 0
[  583.484638][    C3] SLUB: Unable to allocate memory on CPU 3 (of node 0) on node -1, gfp=0x920(GFP_ATOMIC|__GFP_ZERO)
[  583.484697][    C3]   cache: kmalloc-1k, object size: 1024, buffer size: 2048, default order: 3, min order: 0
[  583.484748][    C3]   node 0: slabs: 5671, objs: 47882, free: 0
[  583.485675][  T494]   node 0: slabs: 7047, objs: 156337, free: 0
[  583.472997][  T802]  ? __pfx_get_page_from_freelist+0x10/0x10
[  583.472997][  T802]  ? srso_alias_return_thunk+0x5/0xfbef5
[  583.472997][  T802]  ? wake_all_kswapds+0x136/0x2f0
[  583.472997][  T802]  __alloc_pages_slowpath.constprop.0+0x1434/0x2170
[  583.472997][  T802]  ? srso_alias_return_thunk+0x5/0xfbef5
[  583.472997][  T802]  ? srso_alias_return_thunk+0x5/0xfbef5
[  583.472997][  T802]  ? __pfx___alloc_pages_slowpath.constprop.0+0x10/0x10
[  583.587356][  T802]  ? srso_alias_return_thunk+0x5/0xfbef5
[  583.587356][  T802]  ? __pfx_get_page_from_freelist+0x10/0x10
[  583.587356][  T802]  ? __pfx_mark_lock+0x10/0x10
[  583.587356][  T802]  ? __pfx_mark_lock+0x10/0x10
[  583.587356][  T802]  ? srso_alias_return_thunk+0x5/0xfbef5
[  583.587356][  T802]  ? srso_alias_return_thunk+0x5/0xfbef5
[  583.587356][  T802]  ? __sanitizer_cov_trace_pc+0x20/0x60
[  583.587356][  T802]  __alloc_pages_noprof+0x564/0x660
[  583.587356][  T802]  ? mark_lock+0xfe/0x12d0
[  583.587356][  T802]  ? srso_alias_return_thunk+0x5/0xfbef5
[  583.587356][  T802]  ? mark_lock+0xfe/0x12d0
[  583.587356][  T802]  ? __pfx___alloc_pages_noprof+0x10/0x10
[  583.587356][  T802]  ? mark_lock+0xfe/0x12d0
[  583.587356][  T802]  ? srso_alias_return_thunk+0x5/0xfbef5
[  583.587356][  T802]  ? srso_alias_return_thunk+0x5/0xfbef5
[  583.587356][  T802]  ? write_comp_data+0x29/0x90
[  583.587356][  T802]  ? srso_alias_return_thunk+0x5/0xfbef5
[  583.587356][  T802]  ? __sanitizer_cov_trace_pc+0x20/0x60
[  583.587356][  T802]  ? srso_alias_return_thunk+0x5/0xfbef5
[  583.587356][  T802]  ? policy_nodemask+0xeb/0x4e0
[  583.587356][  T802]  alloc_pages_mpol_noprof+0xf2/0x400
[  583.587356][  T802]  ? __pfx_alloc_pages_mpol_noprof+0x10/0x10
[  583.587356][  T802]  ? srso_alias_return_thunk+0x5/0xfbef5
[  583.587356][  T802]  ? srso_alias_return_thunk+0x5/0xfbef5
[  583.587356][  T802]  ? __sanitizer_cov_trace_pc+0x20/0x60
[  583.587356][  T802]  ? srso_alias_return_thunk+0x5/0xfbef5
[  583.587356][  T802]  ? __sanitizer_cov_trace_pc+0x20/0x60
[  583.587356][  T802]  new_slab+0x2df/0x3f0
[  583.587356][  T802]  ? __sanitizer_cov_trace_pc+0x20/0x60
[  583.587356][  T802]  ___slab_alloc+0xdde/0x16d0
[  583.587356][  T802]  ? __alloc_skb+0x2ad/0x370
[  583.587356][  T802]  ? ___slab_alloc+0x46/0x16d0
[  583.587356][  T802]  ? is_dynamic_key+0x1a0/0x220
[  583.587356][  T802]  ? __alloc_skb+0x2ad/0x370
[  583.587356][  T802]  ? __slab_alloc.isra.0+0x56/0xb0
[  583.587356][  T802]  ? srso_alias_return_thunk+0x5/0xfbef5
[  583.652353][  T802]  __slab_alloc.isra.0+0x56/0xb0
[  583.652353][  T802]  kmem_cache_alloc_node_noprof+0x202/0x430
[  583.652353][  T802]  ? srso_alias_return_thunk+0x5/0xfbef5
[  583.652353][  T802]  ? __alloc_skb+0x2ad/0x370
[  583.652353][  T802]  ? srso_alias_return_thunk+0x5/0xfbef5
[  583.652353][  T802]  __alloc_skb+0x2ad/0x370
[  583.652353][  T802]  ? __pfx___alloc_skb+0x10/0x10
[  583.663983][  T802]  ? do_raw_spin_lock+0x124/0x290
[  583.663983][  T802]  ? __pfx_do_raw_spin_lock+0x10/0x10
[  583.663983][  T802]  nsim_dev_trap_report_work+0x358/0xd20
[  583.663983][  T802]  process_scheduled_works+0x5ee/0x1ba0
[  583.663983][  T802]  ? __pfx_process_scheduled_works+0x10/0x10
[  583.663983][  T802]  ? __sanitizer_cov_trace_pc+0x20/0x60
[  583.663983][  T802]  ? srso_alias_return_thunk+0x5/0xfbef5
[  583.663983][  T802]  ? srso_alias_return_thunk+0x5/0xfbef5
[  583.663983][  T802]  ? __sanitizer_cov_trace_pc+0x20/0x60
[  583.663983][  T802]  ? srso_alias_return_thunk+0x5/0xfbef5
[  583.663983][  T802]  ? assign_work+0x195/0x240
[  583.663983][  T802]  worker_thread+0x59f/0xcf0
[  583.663983][  T802]  ? __pfx_worker_thread+0x10/0x10
[  583.663983][  T802]  kthread+0x345/0x450
[  583.663983][  T802]  ? __pfx_kthread+0x10/0x10
[  583.663983][  T802]  ret_from_fork+0x48/0x80
[  583.663983][  T802]  ? __pfx_kthread+0x10/0x10
[  583.663983][  T802]  ret_from_fork_asm+0x1a/0x30
[  583.663983][  T802]  </TASK>
[  583.696774][  T802] Mem-Info:
[  583.697906][  T802] active_anon:345 inactive_anon:36549 isolated_anon:120
[  583.697906][  T802]  active_file:340 inactive_file:241 isolated_file:0
[  583.697906][  T802]  unevictable:1533 dirty:452 writeback:23
[  583.697906][  T802]  slab_reclaimable:9389 slab_unreclaimable:269548
[  583.697906][  T802]  mapped:387 shmem:2041 pagetables:714
[  583.697906][  T802]  sec_pagetables:0 bounce:0
[  583.697906][  T802]  kernel_misc_reclaimable:0
[  583.697906][  T802]  free:268 free_pcp:680 free_cma:0
[  583.711848][  T802] Node 0 active_anon:1380kB inactive_anon:146196kB active_file:1360kB inactive_file:964kB unevictable:6132kB isolated(anon):480kB isolated(file):0kB mapped:1548kB dirty:1808kB writeback:92kB shmem:8164kB writeback_tmp:0kB kernel_stack:9408kB pagetables:2856kB sec_pagetables:0kB all_unreclaimable? no
[  583.720746][  T802] Node 0 DMA free:0kB boost:0kB min:52kB low:64kB high:76kB reserved_highatomic:0KB active_anon:0kB inactive_anon:0kB active_file:0kB inactive_file:0kB unevictable:0kB writepending:0kB present:15992kB managed:15360kB mlocked:0kB bounce:0kB free_pcp:0kB local_pcp:0kB free_cma:0kB
[  583.729049][  T802] lowmem_reserve[]: 0 1301 0 0
[  583.730837][  T802] Node 0 DMA32 free:1072kB boost:10876kB min:15464kB low:16796kB high:18128kB reserved_highatomic:6144KB active_anon:1380kB inactive_anon:146196kB active_file:1360kB inactive_file:964kB unevictable:6132kB writepending:1900kB present:2080640kB managed:1356848kB mlocked:0kB bounce:0kB free_pcp:2720kB local_pcp:0kB free_cma:0kB
[  583.740412][  T802] lowmem_reserve[]: 0 0 0 0
[  583.742054][  T802] Node 0 DMA: 0*4kB 0*8kB 0*16kB 0*32kB 0*64kB 0*128kB 0*256kB 0*512kB 0*1024kB 0*2048kB 0*4096kB = 0kB
[  583.746060][  T802] Node 0 DMA32: 170*4kB (UM) 13*8kB (M) 0*16kB 0*32kB 0*64kB 0*128kB 0*256kB 0*512kB 0*1024kB 0*2048kB 0*4096kB = 784kB
[  583.750537][  T802] Node 0 hugepages_total=0 hugepages_free=0 hugepages_surp=0 hugepages_size=2048kB
[  583.753563][  T802] 2666 total pagecache pages
[  583.755146][  T802] 17 pages in swap cache
[  583.756603][  T802] Free swap  = 123964kB
[  583.758024][  T802] Total swap = 124996kB
[  583.759454][  T802] 524158 pages RAM
[  583.760777][  T802] 0 pages HighMem/MovableOnly
[  583.762371][  T802] 181106 pages reserved
[  583.866366][    C2] ICMPv6: ndisc: ndisc_alloc_skb failed to allocate an skb
[  587.450457][   T45] INFO: task systemd-journal:223 blocked for more than 143 seconds.
[  587.453122][   T45]       Not tainted 6.13.0-rc7 #1
[  587.454820][   T45] "echo 0 > /proc/sys/kernel/hung_task_timeout_secs" disables this message.
[  587.457572][   T45] task:systemd-journal state:D stack:24448 pid:223   tgid:223   ppid:1      flags:0x00000000
[  587.460952][   T45] Call Trace:
[  587.462113][   T45]  <TASK>
[  587.463171][   T45]  __schedule+0xe60/0x4120
[  587.464731][   T45]  ? __pfx___schedule+0x10/0x10
[  587.466374][   T45]  ? schedule+0x19d/0x210
[  587.467867][   T45]  ? __pfx_lock_release+0x10/0x10
[  587.469603][   T45]  ? srso_alias_return_thunk+0x5/0xfbef5
[  587.471504][   T45]  schedule+0xd4/0x210
[  587.472930][   T45]  io_schedule+0x1a/0x70
[  587.474440][   T45]  bit_wait_io+0x15/0xe0
[  587.475938][   T45]  __wait_on_bit+0xc9/0x190
[  587.477825][   T45]  ? __pfx_bit_wait_io+0x10/0x10
[  587.479530][   T45]  out_of_line_wait_on_bit+0xd8/0x110
[  587.481368][   T45]  ? __pfx_out_of_line_wait_on_bit+0x10/0x10
[  587.483404][   T45]  ? __pfx_wake_bit_function+0x10/0x10
[  587.485252][   T45]  ? srso_alias_return_thunk+0x5/0xfbef5
[  587.487198][   T45]  ? srso_alias_return_thunk+0x5/0xfbef5
[  587.489061][   T45]  ? write_comp_data+0x29/0x90
[  587.490723][   T45]  ? srso_alias_return_thunk+0x5/0xfbef5
[  587.492631][   T45]  ? __sanitizer_cov_trace_pc+0x20/0x60
[  587.494470][   T45]  do_get_write_access+0x88d/0x10c0
[  587.496254][   T45]  jbd2_journal_get_write_access+0x1cc/0x250
[  587.498426][   T45]  __ext4_journal_get_write_access+0x6a/0x380
[  587.500473][   T45]  ext4_reserve_inode_write+0x18f/0x280
[  587.502369][   T45]  ? srso_alias_return_thunk+0x5/0xfbef5
[  587.504238][   T45]  ? __pfx_ext4_dirty_inode+0x10/0x10
[  587.506203][   T45]  __ext4_mark_inode_dirty+0x188/0x880
[  587.508128][   T45]  ? ext4_dirty_inode+0xdd/0x130
[  587.509822][   T45]  ? srso_alias_return_thunk+0x5/0xfbef5
[  587.511702][   T45]  ? kmem_cache_alloc_noprof+0x30d/0x420
[  587.513672][   T45]  ? __pfx___ext4_mark_inode_dirty+0x10/0x10
[  587.515725][   T45]  ? srso_alias_return_thunk+0x5/0xfbef5
[  587.517601][   T45]  ? write_comp_data+0x29/0x90
[  587.519234][   T45]  ? srso_alias_return_thunk+0x5/0xfbef5
[  587.521169][   T45]  ? jbd2__journal_start+0xf6/0x8a0
[  587.523034][   T45]  ? __sanitizer_cov_trace_pc+0x20/0x60
[  587.524896][   T45]  ? srso_alias_return_thunk+0x5/0xfbef5
[  587.526802][   T45]  ? __sanitizer_cov_trace_pc+0x20/0x60
[  587.528659][   T45]  ? srso_alias_return_thunk+0x5/0xfbef5
[  587.530536][   T45]  ? __ext4_journal_start_sb+0x203/0x6c0
[  587.532425][   T45]  ? ext4_dirty_inode+0xa5/0x130
[  587.534132][   T45]  ? srso_alias_return_thunk+0x5/0xfbef5
[  587.535971][   T45]  ? __pfx_ext4_dirty_inode+0x10/0x10
[  587.537778][   T45]  ext4_dirty_inode+0xdd/0x130
[  587.539417][   T45]  ? __sanitizer_cov_trace_pc+0x20/0x60
[  587.541337][   T45]  __mark_inode_dirty+0x1ee/0xdd0
[  587.543072][   T45]  ? srso_alias_return_thunk+0x5/0xfbef5
[  587.544965][   T45]  generic_update_time+0xcb/0xf0
[  587.546699][   T45]  inode_update_time+0x93/0xc0
[  587.548357][   T45]  __file_update_time+0x71/0x90
[  587.550036][   T45]  file_update_time+0xba/0xf0
[  587.551686][   T45]  ext4_page_mkwrite+0x342/0x1580
[  587.553437][   T45]  ? rcu_read_unlock+0x2d/0xb0
[  587.555091][   T45]  ? srso_alias_return_thunk+0x5/0xfbef5
[  587.557007][   T45]  ? __pfx_ext4_page_mkwrite+0x10/0x10
[  587.558874][   T45]  ? __pfx_lock_release+0x10/0x10
[  587.560602][   T45]  ? vm_normal_page+0x186/0x310
[  587.562343][   T45]  do_page_mkwrite+0x180/0x390
[  587.563972][   T45]  do_wp_page+0x40f/0x3860
[  587.565504][   T45]  ? srso_alias_return_thunk+0x5/0xfbef5
[  587.567376][   T45]  ? __pfx_lock_acquire+0x10/0x10
[  587.569093][   T45]  ? __pfx_do_wp_page+0x10/0x10
[  587.570808][   T45]  ? srso_alias_return_thunk+0x5/0xfbef5
[  587.572693][   T45]  ? __sanitizer_cov_trace_pc+0x20/0x60
[  587.574516][   T45]  ? srso_alias_return_thunk+0x5/0xfbef5
[  587.576385][   T45]  ? pte_shstk+0xa5/0xf0
[  587.577860][   T45]  ? __pfx_pte_shstk+0x10/0x10
[  587.579787][   T45]  ? write_comp_data+0x29/0x90
[  587.581438][   T45]  __handle_mm_fault+0x10f4/0x3130
[  587.583243][   T45]  ? __pfx___handle_mm_fault+0x10/0x10
[  587.585174][   T45]  ? srso_alias_return_thunk+0x5/0xfbef5
[  587.587069][   T45]  ? __sanitizer_cov_trace_pc+0x20/0x60
[  587.588966][   T45]  handle_mm_fault+0x2aa/0x660
[  587.590776][   T45]  do_user_addr_fault+0x6b7/0x18b0
[  587.592549][   T45]  ? srso_alias_return_thunk+0x5/0xfbef5
[  587.594483][   T45]  ? __sanitizer_cov_trace_pc+0x20/0x60
[  587.596369][   T45]  exc_page_fault+0x9c/0x1a0
[  587.597965][   T45]  asm_exc_page_fault+0x26/0x30
[  587.599662][   T45] RIP: 0033:0x7f20b9dc57d0
[  587.601157][   T45] RSP: 002b:00007ffd641c3ac0 EFLAGS: 00010293
[  587.603226][   T45] RAX: 0000000000000008 RBX: 0000000000000005 RCX: 00007f20b9e327e0
[  587.605804][   T45] RDX: 00007f20b9e3220c RSI: 00007ffd641c3a68 RDI: 00007f20b88878e8
[  587.608363][   T45] RBP: 000055d3c7b8f630 R08: 0000000000000058 R09: 00000000001b08e8
[  587.610942][   T45] R10: 0000000000000002 R11: 0000000000000293 R12: 00000000001b08e8
[  587.613503][   T45] R13: 00007ffd641c3ae8 R14: 00000000001d6bf8 R15: 00007f20b88878e8
[  587.616102][   T45]  </TASK>
[  587.779352][   T45] INFO: task rs:main Q:Reg:328 blocked for more than 143 seconds.
[  587.781915][   T45]       Not tainted 6.13.0-rc7 #1
[  587.783845][   T45] "echo 0 > /proc/sys/kernel/hung_task_timeout_secs" disables this message.
[  587.786676][   T45] task:rs:main Q:Reg   state:D stack:26424 pid:328   tgid:293   ppid:1      flags:0x00000000
[  587.790028][   T45] Call Trace:
[  587.791153][   T45]  <TASK>
[  587.792200][   T45]  __schedule+0xe60/0x4120
[  587.793756][   T45]  ? __pfx___schedule+0x10/0x10
[  587.795424][   T45]  ? schedule+0x19d/0x210
[  587.796914][   T45]  ? __pfx_lock_release+0x10/0x10
[  587.798660][   T45]  ? srso_alias_return_thunk+0x5/0xfbef5
[  587.800579][   T45]  schedule+0xd4/0x210
[  587.802019][   T45]  io_schedule+0x1a/0x70
[  587.803486][   T45]  bit_wait_io+0x15/0xe0
[  587.804940][   T45]  __wait_on_bit+0xc9/0x190
[  587.806494][   T45]  ? __pfx_bit_wait_io+0x10/0x10
[  587.808197][   T45]  out_of_line_wait_on_bit+0xd8/0x110
[  587.810002][   T45]  ? __pfx_out_of_line_wait_on_bit+0x10/0x10
[  587.812034][   T45]  ? __pfx_wake_bit_function+0x10/0x10
[  587.813868][   T45]  ? srso_alias_return_thunk+0x5/0xfbef5
[  587.815766][   T45]  ? srso_alias_return_thunk+0x5/0xfbef5
[  587.817664][   T45]  ? write_comp_data+0x29/0x90
[  587.819352][   T45]  ? srso_alias_return_thunk+0x5/0xfbef5
[  587.821222][   T45]  ? __sanitizer_cov_trace_pc+0x20/0x60
[  587.823148][   T45]  do_get_write_access+0x88d/0x10c0
[  587.824961][   T45]  jbd2_journal_get_write_access+0x1cc/0x250
[  587.826989][   T45]  __ext4_journal_get_write_access+0x6a/0x380
[  587.829027][   T45]  ext4_reserve_inode_write+0x18f/0x280
[  587.830893][   T45]  ? srso_alias_return_thunk+0x5/0xfbef5
[  587.832789][   T45]  ? __pfx_ext4_dirty_inode+0x10/0x10
[  587.834608][   T45]  __ext4_mark_inode_dirty+0x188/0x880
[  587.836496][   T45]  ? ext4_dirty_inode+0xdd/0x130
[  587.838169][   T45]  ? srso_alias_return_thunk+0x5/0xfbef5
[  587.840015][   T45]  ? __pfx___ext4_mark_inode_dirty+0x10/0x10
[  587.842030][   T45]  ? srso_alias_return_thunk+0x5/0xfbef5
[  587.843937][   T45]  ? write_comp_data+0x29/0x90
[  587.845567][   T45]  ? srso_alias_return_thunk+0x5/0xfbef5
[  587.847386][   T45]  ? jbd2__journal_start+0xf6/0x8a0
[  587.849172][   T45]  ? __sanitizer_cov_trace_pc+0x20/0x60
[  587.851101][   T45]  ? srso_alias_return_thunk+0x5/0xfbef5
[  587.852983][   T45]  ? __sanitizer_cov_trace_pc+0x20/0x60
[  587.854842][   T45]  ? srso_alias_return_thunk+0x5/0xfbef5
[  587.856741][   T45]  ? __ext4_journal_start_sb+0x203/0x6c0
[  587.858669][   T45]  ? ext4_dirty_inode+0xa5/0x130
[  587.860351][   T45]  ? srso_alias_return_thunk+0x5/0xfbef5
[  587.862220][   T45]  ? __pfx_ext4_dirty_inode+0x10/0x10
[  587.864109][   T45]  ext4_dirty_inode+0xdd/0x130
[  587.865762][   T45]  ? __sanitizer_cov_trace_pc+0x20/0x60
[  587.867645][   T45]  __mark_inode_dirty+0x1ee/0xdd0
[  587.869355][   T45]  ? srso_alias_return_thunk+0x5/0xfbef5
[  587.871242][   T45]  generic_update_time+0xcb/0xf0
[  587.872997][   T45]  inode_update_time+0x93/0xc0
[  587.874681][   T45]  __file_update_time+0x71/0x90
[  587.876379][   T45]  file_modified_flags+0x139/0x170
[  587.878143][   T45]  ext4_buffered_write_iter+0xf7/0x3c0
[  587.879972][   T45]  ? srso_alias_return_thunk+0x5/0xfbef5
[  587.881864][   T45]  ext4_file_write_iter+0x4e1/0x17f0
[  587.883627][   T45]  ? srso_alias_return_thunk+0x5/0xfbef5
[  587.885486][   T45]  ? srso_alias_return_thunk+0x5/0xfbef5
[  587.887689][   T45]  ? __pfx_ext4_file_write_iter+0x10/0x10
[  587.889611][   T45]  ? srso_alias_return_thunk+0x5/0xfbef5
[  587.891469][   T45]  ? rcu_read_lock_any_held+0xd5/0x100
[  587.893378][   T45]  ? __pfx_rcu_read_lock_any_held+0x10/0x10
[  587.895390][   T45]  ? srso_alias_return_thunk+0x5/0xfbef5
[  587.897337][   T45]  ? srso_alias_return_thunk+0x5/0xfbef5
[  587.899254][   T45]  vfs_write+0xb9b/0x10f0
[  587.900798][   T45]  ? __pfx_ext4_file_write_iter+0x10/0x10
[  587.902723][   T45]  ? __sanitizer_cov_trace_pc+0x20/0x60
[  587.904588][   T45]  ? __pfx_vfs_write+0x10/0x10
[  587.906348][   T45]  ? srso_alias_return_thunk+0x5/0xfbef5
[  587.908250][   T45]  ksys_write+0x122/0x240
[  587.909808][   T45]  ? __pfx_ksys_write+0x10/0x10
[  587.911464][   T45]  ? do_syscall_64+0x89/0x1d0
[  587.913078][   T45]  ? srso_alias_return_thunk+0x5/0xfbef5
[  587.914987][   T45]  do_syscall_64+0xc3/0x1d0
[  587.916582][   T45]  entry_SYSCALL_64_after_hwframe+0x77/0x7f
[  587.918580][   T45] RIP: 0033:0x7fb5fe5fcfef
[  587.920107][   T45] RSP: 002b:00007fb5fd7ab860 EFLAGS: 00000293 ORIG_RAX: 0000000000000001
[  587.922822][   T45] RAX: ffffffffffffffda RBX: 00007fb5f40061b0 RCX: 00007fb5fe5fcfef
[  587.925359][   T45] RDX: 0000000000000049 RSI: 00007fb5f4006450 RDI: 0000000000000007
[  587.927948][   T45] RBP: 0000000000000049 R08: 0000000000000000 R09: 0000000000000000
[  587.930500][   T45] R10: 0000000000000000 R11: 0000000000000293 R12: 00007fb5f4006450
[  587.933072][   T45] R13: 0000000000000000 R14: 0000000000000049 R15: 00007fb5f40061b0
[  587.935664][   T45]  </TASK>
[  587.961375][    C0] ICMPv6: ndisc: ndisc_alloc_skb failed to allocate an skb
[  587.962459][    C3] ICMPv6: ndisc: ndisc_alloc_skb failed to allocate an skb
[  587.999598][   T45] INFO: task kworker/u20:6:1952 blocked for more than 143 seconds.
[  588.002211][   T45]       Not tainted 6.13.0-rc7 #1
[  588.003976][   T45] "echo 0 > /proc/sys/kernel/hung_task_timeout_secs" disables this message.
[  588.006885][   T45] task:kworker/u20:6   state:D stack:26016 pid:1952  tgid:1952  ppid:2      flags:0x00004000
[  588.010357][   T45] Workqueue: writeback wb_workfn (flush-8:0)
[  588.012442][   T45] Call Trace:
[  588.013646][   T45]  <TASK>
[  588.014728][   T45]  __schedule+0xe60/0x4120
[  588.016274][   T45]  ? srso_alias_return_thunk+0x5/0xfbef5
[  588.018403][   T45]  ? __pfx___schedule+0x10/0x10
[  588.020085][   T45]  ? schedule+0x19d/0x210
[  588.021583][   T45]  ? srso_alias_return_thunk+0x5/0xfbef5
[  588.023527][   T45]  ? __pfx_lock_release+0x10/0x10
[  588.025359][   T45]  ? srso_alias_return_thunk+0x5/0xfbef5
[  588.027342][   T45]  ? srso_alias_return_thunk+0x5/0xfbef5
[  588.029249][   T45]  ? write_comp_data+0x29/0x90
[  588.030996][   T45]  schedule+0xd4/0x210
[  588.032416][   T45]  io_schedule+0x1a/0x70
[  588.033940][   T45]  blk_mq_get_tag+0x58d/0xac0
[  588.035606][   T45]  ? __pfx_blk_mq_get_tag+0x10/0x10
[  588.037370][   T45]  ? find_held_lock+0x2c/0x110
[  588.039052][   T45]  ? __pfx_autoremove_wake_function+0x10/0x10
[  588.041132][   T45]  ? srso_alias_return_thunk+0x5/0xfbef5
[  588.043053][   T45]  ? write_comp_data+0x29/0x90
[  588.044752][   T45]  ? srso_alias_return_thunk+0x5/0xfbef5
[  588.046712][   T45]  ? __sanitizer_cov_trace_pc+0x20/0x60
[  588.048617][   T45]  ? srso_alias_return_thunk+0x5/0xfbef5
[  588.050508][   T45]  __blk_mq_alloc_requests+0x787/0x1760
[  588.052400][   T45]  ? srso_alias_return_thunk+0x5/0xfbef5
[  588.054361][   T45]  ? __pfx_dd_bio_merge+0x10/0x10
[  588.056136][   T45]  ? __pfx___blk_mq_alloc_requests+0x10/0x10
[  588.058184][   T45]  ? __pfx_dd_bio_merge+0x10/0x10
[  588.059988][   T45]  ? srso_alias_return_thunk+0x5/0xfbef5
[  588.061911][   T45]  ? __sanitizer_cov_trace_pc+0x20/0x60
[  588.063807][   T45]  ? __pfx_dd_bio_merge+0x10/0x10
[  588.065550][   T45]  ? srso_alias_return_thunk+0x5/0xfbef5
[  588.067460][   T45]  ? blk_mq_sched_bio_merge+0x2c3/0x400
[  588.069395][   T45]  blk_mq_submit_bio+0x1613/0x1fe0
[  588.071155][   T45]  ? srso_alias_return_thunk+0x5/0xfbef5
[  588.073059][   T45]  ? __pfx_blk_mq_submit_bio+0x10/0x10
[  588.075040][   T45]  ? __pfx___lock_acquire+0x10/0x10
[  588.076867][   T45]  ? srso_alias_return_thunk+0x5/0xfbef5
[  588.078777][   T45]  __submit_bio+0x1ac/0xed0
[  588.080384][   T45]  ? __pfx___submit_bio+0x10/0x10
[  588.082109][   T45]  ? srso_alias_return_thunk+0x5/0xfbef5
[  588.084055][   T45]  ? mark_held_locks+0x9e/0xe0
[  588.085740][   T45]  ? ktime_get+0x224/0x2d0
[  588.087371][   T45]  ? srso_alias_return_thunk+0x5/0xfbef5
[  588.089353][   T45]  ? write_comp_data+0x29/0x90
[  588.091027][   T45]  ? srso_alias_return_thunk+0x5/0xfbef5
[  588.092926][   T45]  ? write_comp_data+0x29/0x90
[  588.094610][   T45]  ? srso_alias_return_thunk+0x5/0xfbef5
[  588.096523][   T45]  ? __sanitizer_cov_trace_pc+0x20/0x60
[  588.098447][   T45]  ? submit_bio_noacct_nocheck+0x67e/0xd40
[  588.100425][   T45]  ? srso_alias_return_thunk+0x5/0xfbef5
[  588.102375][   T45]  submit_bio_noacct_nocheck+0x67e/0xd40
[  588.104349][   T45]  ? srso_alias_return_thunk+0x5/0xfbef5
[  588.106242][   T45]  ? __pfx_submit_bio_noacct_nocheck+0x10/0x10
[  588.108394][   T45]  ? write_comp_data+0x29/0x90
[  588.110064][   T45]  ? srso_alias_return_thunk+0x5/0xfbef5
[  588.111940][   T45]  ? write_comp_data+0x29/0x90
[  588.113600][   T45]  ? srso_alias_return_thunk+0x5/0xfbef5
[  588.115560][   T45]  submit_bio_noacct+0x649/0x13a0
[  588.117267][   T45]  ext4_io_submit+0xa6/0x140
[  588.118961][   T45]  ext4_do_writepages+0x14b0/0x3440
[  588.120820][   T45]  ? __pfx_ext4_do_writepages+0x10/0x10
[  588.122749][   T45]  ? srso_alias_return_thunk+0x5/0xfbef5
[  588.124685][   T45]  ? srso_alias_return_thunk+0x5/0xfbef5
[  588.126577][   T45]  ? rcu_read_lock_any_held+0xd5/0x100
[  588.128507][   T45]  ? __pfx_rcu_read_lock_any_held+0x10/0x10
[  588.130574][   T45]  ? ext4_writepages+0x2fa/0x710
[  588.132336][   T45]  ? srso_alias_return_thunk+0x5/0xfbef5
[  588.134222][   T45]  ext4_writepages+0x2fa/0x710
[  588.136011][   T45]  ? __pfx_ext4_writepages+0x10/0x10
[  588.137831][   T45]  ? __pfx___lock_acquire+0x10/0x10
[  588.139649][   T45]  ? srso_alias_return_thunk+0x5/0xfbef5
[  588.141553][   T45]  ? __sanitizer_cov_trace_pc+0x20/0x60
[  588.143449][   T45]  ? __pfx_ext4_writepages+0x10/0x10
[  588.145357][   T45]  do_writepages+0x19d/0x7d0
[  588.147001][   T45]  ? reacquire_held_locks+0x22f/0x4e0
[  588.148854][   T45]  ? writeback_sb_inodes+0x3c6/0xf00
[  588.150714][   T45]  ? __pfx_do_writepages+0x10/0x10
[  588.152496][   T45]  ? srso_alias_return_thunk+0x5/0xfbef5
[  588.154388][   T45]  ? find_held_lock+0x2c/0x110
[  588.156113][   T45]  ? writeback_sb_inodes+0x4bb/0xf00
[  588.157909][   T45]  ? srso_alias_return_thunk+0x5/0xfbef5
[  588.159886][   T45]  ? __pfx_lock_release+0x10/0x10
[  588.161648][   T45]  ? srso_alias_return_thunk+0x5/0xfbef5
[  588.163563][   T45]  ? do_raw_spin_lock+0x124/0x290
[  588.165378][   T45]  ? srso_alias_return_thunk+0x5/0xfbef5
[  588.167234][   T45]  __writeback_single_inode+0x135/0x1010
[  588.169191][   T45]  writeback_sb_inodes+0x5ee/0xf00
[  588.171015][   T45]  ? __pfx_writeback_sb_inodes+0x10/0x10
[  588.172854][   T45]  ? srso_alias_return_thunk+0x5/0xfbef5
[  588.174860][   T45]  ? __pfx_move_expired_inodes+0x10/0x10
[  588.176806][   T45]  ? srso_alias_return_thunk+0x5/0xfbef5
[  588.178699][   T45]  ? write_comp_data+0x29/0x90
[  588.180375][   T45]  ? srso_alias_return_thunk+0x5/0xfbef5
[  588.182260][   T45]  ? __sanitizer_cov_trace_pc+0x20/0x60
[  588.184232][   T45]  __writeback_inodes_wb+0xbe/0x270
[  588.186141][   T45]  wb_writeback+0x72f/0xb50
[  588.187718][   T45]  ? __entry_text_end+0x102147/0x102149
[  588.189610][   T45]  ? __pfx_wb_writeback+0x10/0x10
[  588.191370][   T45]  ? srso_alias_return_thunk+0x5/0xfbef5
[  588.193276][   T45]  ? write_comp_data+0x29/0x90
[  588.194999][   T45]  ? srso_alias_return_thunk+0x5/0xfbef5
[  588.196925][   T45]  ? __sanitizer_cov_trace_pc+0x20/0x60
[  588.198827][   T45]  ? srso_alias_return_thunk+0x5/0xfbef5
[  588.200741][   T45]  ? srso_alias_return_thunk+0x5/0xfbef5
