[  190.682826][  T494] wlan0: Created IBSS using preconfigured BSSID 50:50:50:50:50:50
[  190.685435][  T494] wlan0: Creating new IBSS network, BSSID 50:50:50:50:50:50
[  190.853843][  T747] netdevsim netdevsim6 netdevsim0: set [1, 0] type 2 family 0 port 6081 - 0
[  190.856908][  T747] netdevsim netdevsim6 netdevsim1: set [1, 0] type 2 family 0 port 6081 - 0
[  190.859794][  T747] netdevsim netdevsim6 netdevsim2: set [1, 0] type 2 family 0 port 6081 - 0
[  190.862755][  T747] netdevsim netdevsim6 netdevsim3: set [1, 0] type 2 family 0 port 6081 - 0
[  190.905968][  T494] wlan1: Created IBSS using preconfigured BSSID 50:50:50:50:50:50
[  190.908681][  T494] wlan1: Creating new IBSS network, BSSID 50:50:50:50:50:50
[  190.934783][  T494] wlan0: Created IBSS using preconfigured BSSID 50:50:50:50:50:50
[  190.937423][  T494] wlan0: Creating new IBSS network, BSSID 50:50:50:50:50:50
[  191.147229][   T59] wlan1: Created IBSS using preconfigured BSSID 50:50:50:50:50:50
[  191.149934][   T59] wlan1: Creating new IBSS network, BSSID 50:50:50:50:50:50
[  191.414855][ T1166] wlan0: Created IBSS using preconfigured BSSID 50:50:50:50:50:50
[  191.417595][ T1166] wlan0: Creating new IBSS network, BSSID 50:50:50:50:50:50
[  191.611203][  T381] wlan1: Created IBSS using preconfigured BSSID 50:50:50:50:50:50
[  191.613841][  T381] wlan1: Creating new IBSS network, BSSID 50:50:50:50:50:50
[  301.196084][    C0] kworker/0:6: page allocation failure: order:0, mode:0x40820(GFP_ATOMIC|__GFP_COMP), nodemask=(null),cpuset=/,mems_allowed=0
[  301.200778][    C0] CPU: 0 UID: 0 PID: 1653 Comm: kworker/0:6 Not tainted 6.13.0-rc7 #1
[  301.201925][  T848] SLUB: Unable to allocate memory on CPU 1 (of node 0) on node -1, gfp=0x820(GFP_ATOMIC)
[  301.201711][    C0] Hardware name: QEMU Standard PC (i440FX + PIIX, 1996), BIOS 1.13.0-1ubuntu1.1 04/01/2014
[  301.201711][    C0] Workqueue: events_freezable_pwr_efficient disk_events_workfn
[  301.206540][  T848]   cache: skbuff_head_cache, object size: 232, buffer size: 320, default order: 1, min order: 0
[  301.201711][    C0] 
[  301.201711][    C0] Call Trace:
[  301.201711][    C0]  <IRQ>
[  301.201711][    C0]  dump_stack_lvl+0x180/0x1b0
[  301.201711][    C0]  warn_alloc+0x1a8/0x2e0
[  301.212029][  T848]   node 0: slabs: 5297, objs: 127966, free: 0
[  301.201711][    C0]  ? __pfx_warn_alloc+0x10/0x10
[  301.216022][  T848] SLUB: Unable to allocate memory on CPU 1 (of node 0) on node -1, gfp=0x820(GFP_ATOMIC)
[  301.201711][    C0]  ? srso_alias_return_thunk+0x5/0xfbef5
[  301.218039][  T848]   cache: skbuff_head_cache, object size: 232, buffer size: 320, default order: 1, min order: 0
[  301.201711][    C0]  ? __pfx_get_page_from_freelist+0x10/0x10
[  301.220874][  T848]   node 0: slabs: 5297, objs: 127966, free: 0
[  301.201711][    C0]  ? srso_alias_return_thunk+0x5/0xfbef5
[  301.224368][  T848] SLUB: Unable to allocate memory on CPU 1 (of node 0) on node -1, gfp=0x820(GFP_ATOMIC)
[  301.201711][    C0]  ? wake_all_kswapds+0x136/0x2f0
[  301.201711][    C0]  __alloc_pages_slowpath.constprop.0+0x1434/0x2170
[  301.229152][  T848]   cache: skbuff_head_cache, object size: 232, buffer size: 320, default order: 1, min order: 0
[  301.201711][    C0]  ? __pfx_mark_lock+0x10/0x10
[  301.234274][  T848]   node 0: slabs: 5297, objs: 127966, free: 0
[  301.201711][    C0]  ? __kasan_record_aux_stack+0xa6/0xc0
[  301.238020][   T92] SLUB: Unable to allocate memory on CPU 1 (of node 0) on node -1, gfp=0x820(GFP_ATOMIC)
[  301.201711][    C0]  ? __pfx___alloc_pages_slowpath.constprop.0+0x10/0x10
[  301.242652][   T92]   cache: skbuff_head_cache, object size: 232, buffer size: 320, default order: 1, min order: 0
[  301.201711][    C0]  ? __pfx_get_page_from_freelist+0x10/0x10
[  301.247916][   T92]   node 0: slabs: 5297, objs: 127966, free: 0
[  301.201711][    C0]  ? srso_alias_return_thunk+0x5/0xfbef5
[  301.251465][   T92] SLUB: Unable to allocate memory on CPU 1 (of node 0) on node -1, gfp=0x820(GFP_ATOMIC)
[  301.201711][    C0]  ? __lock_acquire+0x1748/0x4a10
[  301.256168][   T92]   cache: skbuff_head_cache, object size: 232, buffer size: 320, default order: 1, min order: 0
[  301.201711][    C0]  ? srso_alias_return_thunk+0x5/0xfbef5
[  301.201711][    C0]  ? srso_alias_return_thunk+0x5/0xfbef5
[  301.261652][   T92]   node 0: slabs: 5297, objs: 127966, free: 0
[  301.201711][    C0]  ? __sanitizer_cov_trace_pc+0x20/0x60
[  301.201711][    C0]  __alloc_pages_noprof+0x564/0x660
[  301.265446][   T92] SLUB: Unable to allocate memory on CPU 1 (of node 0) on node -1, gfp=0x820(GFP_ATOMIC)
[  301.201711][    C0]  ? mark_lock+0xfe/0x12d0
[  301.201711][    C0]  ? __pfx___alloc_pages_noprof+0x10/0x10
[  301.201711][    C0]  ? __pfx___lock_acquire+0x10/0x10
[  301.267344][    C2] SLUB: Unable to allocate memory on CPU 2 (of node 0) on node -1, gfp=0x920(GFP_ATOMIC|__GFP_ZERO)
[  301.267468][    C2]   cache: kmalloc-1k, object size: 1024, buffer size: 2048, default order: 3, min order: 0
[  301.267519][    C2]   node 0: slabs: 3726, objs: 43264, free: 0
[  301.267699][    C2] SLUB: Unable to allocate memory on CPU 2 (of node 0) on node -1, gfp=0x920(GFP_ATOMIC|__GFP_ZERO)
[  301.267721][    C3] SLUB: Unable to allocate memory on CPU 3 (of node 0) on node -1, gfp=0x920(GFP_ATOMIC|__GFP_ZERO)
[  301.267762][    C2]   cache: kmalloc-1k, object size: 1024, buffer size: 2048, default order: 3, min order: 0
[  301.267800][    C3]   cache: kmalloc-1k, object size: 1024, buffer size: 2048, default order: 3, min order: 0
[  301.267823][    C2]   node 0: slabs: 3726, objs: 43264, free: 0
[  301.267853][    C3]   node 0: slabs: 3726, objs: 43264, free: 0
[  301.267925][    C2] SLUB: Unable to allocate memory on CPU 2 (of node 0) on node -1, gfp=0x920(GFP_ATOMIC|__GFP_ZERO)
[  301.267985][    C2]   cache: kmalloc-1k, object size: 1024, buffer size: 2048, default order: 3, min order: 0
[  301.268037][    C2]   node 0: slabs: 3726, objs: 43264, free: 0
[  301.270546][   T92]   cache: skbuff_head_cache, object size: 232, buffer size: 320, default order: 1, min order: 0
[  301.201711][    C0]  ? srso_alias_return_thunk+0x5/0xfbef5
[  301.201711][    C0]  ? srso_alias_return_thunk+0x5/0xfbef5
[  301.275180][   T92]   node 0: slabs: 5299, objs: 128003, free: 0
[  301.201711][    C0]  ? __sanitizer_cov_trace_switch+0x54/0x90
[  301.201711][    C0]  ? srso_alias_return_thunk+0x5/0xfbef5
[  301.201711][    C0]  ? __sanitizer_cov_trace_pc+0x20/0x60
[  301.201711][    C0]  ? srso_alias_return_thunk+0x5/0xfbef5
[  301.201711][    C0]  ? policy_nodemask+0xeb/0x4e0
[  301.201711][    C0]  alloc_pages_mpol_noprof+0xf2/0x400
[  301.201711][    C0]  ? __pfx_alloc_pages_mpol_noprof+0x10/0x10
[  301.201711][    C0]  ? srso_alias_return_thunk+0x5/0xfbef5
[  301.201711][    C0]  ? write_comp_data+0x29/0x90
[  301.201711][    C0]  ? srso_alias_return_thunk+0x5/0xfbef5
[  301.201711][    C0]  ? __sanitizer_cov_trace_pc+0x20/0x60
[  301.201711][    C0]  new_slab+0x2df/0x3f0
[  301.201711][    C0]  ? __sanitizer_cov_trace_pc+0x20/0x60
[  301.201711][    C0]  ___slab_alloc+0xdde/0x16d0
[  301.201711][    C0]  ? ___neigh_create+0xf87/0x2990
[  301.201711][    C0]  ? ___slab_alloc+0x46/0x16d0
[  301.201711][    C0]  ? ___neigh_create+0xf87/0x2990
[  301.201711][    C0]  ? __slab_alloc.isra.0+0x56/0xb0
[  301.201711][    C0]  ? srso_alias_return_thunk+0x5/0xfbef5
[  301.201711][    C0]  __slab_alloc.isra.0+0x56/0xb0
[  301.201711][    C0]  ? ___neigh_create+0xf87/0x2990
[  301.201711][    C0]  __kmalloc_noprof+0x2a0/0x570
[  301.201711][    C0]  ? ___neigh_create+0xf87/0x2990
[  301.201711][    C0]  ___neigh_create+0xf87/0x2990
[  301.201711][    C0]  ? rcu_read_lock_held+0xa4/0xb0
[  301.201711][    C0]  ? srso_alias_return_thunk+0x5/0xfbef5
[  301.201711][    C0]  ? write_comp_data+0x29/0x90
[  301.201711][    C0]  ? srso_alias_return_thunk+0x5/0xfbef5
[  301.201711][    C0]  ip6_finish_output2+0xce9/0x21a0
[  301.201711][    C0]  ? srso_alias_return_thunk+0x5/0xfbef5
[  301.201711][    C0]  ? __pfx_ip6_finish_output2+0x10/0x10
[  301.201711][    C0]  ? srso_alias_return_thunk+0x5/0xfbef5
[  301.201711][    C0]  ? __pfx_rcu_read_lock_held+0x10/0x10
[  301.201711][    C0]  ? srso_alias_return_thunk+0x5/0xfbef5
[  301.201711][    C0]  ? srso_alias_return_thunk+0x5/0xfbef5
[  301.201711][    C0]  ip6_finish_output+0x423/0xdf0
[  301.201711][    C0]  ip6_output+0x24b/0x8d0
[  301.201711][    C0]  ? __pfx_ip6_output+0x10/0x10
[  301.201711][    C0]  ? srso_alias_return_thunk+0x5/0xfbef5
[  301.201711][    C0]  ? __pfx_ip6_finish_output+0x10/0x10
[  301.201711][    C0]  ? rcu_read_lock_held+0xa4/0xb0
[  301.201711][    C0]  ? __pfx_rcu_read_lock_held+0x10/0x10
[  301.201711][    C0]  ? srso_alias_return_thunk+0x5/0xfbef5
[  301.201711][    C0]  ? write_comp_data+0x29/0x90
[  301.201711][    C0]  ? __pfx_ip6_output+0x10/0x10
[  301.201711][    C0]  ndisc_send_skb+0xc89/0x18f0
[  301.201711][    C0]  ? __pfx_ndisc_send_skb+0x10/0x10
[  301.201711][    C0]  ? skb_set_owner_w+0x326/0x720
[  301.201711][    C0]  ? srso_alias_return_thunk+0x5/0xfbef5
[  301.201711][    C0]  ? srso_alias_return_thunk+0x5/0xfbef5
[  301.201711][    C0]  ? write_comp_data+0x29/0x90
[  301.201711][    C0]  ndisc_send_rs+0x12d/0x540
[  301.201711][    C0]  addrconf_rs_timer+0x3f7/0x750
[  301.201711][    C0]  ? __pfx_lock_acquire+0x10/0x10
[  301.201711][    C0]  ? __pfx_addrconf_rs_timer+0x10/0x10
[  301.201711][    C0]  ? srso_alias_return_thunk+0x5/0xfbef5
[  301.201711][    C0]  call_timer_fn+0x1be/0x690
[  301.201711][    C0]  ? __pfx_addrconf_rs_timer+0x10/0x10
[  301.201711][    C0]  ? __pfx_call_timer_fn+0x10/0x10
[  301.201711][    C0]  ? __pfx_do_raw_spin_lock+0x10/0x10
[  301.201711][    C0]  ? _raw_spin_unlock_irq+0x23/0x50
[  301.201711][    C0]  ? _raw_spin_unlock_irq+0x23/0x50
[  301.201711][    C0]  ? __pfx_addrconf_rs_timer+0x10/0x10
[  301.201711][    C0]  __run_timers+0x713/0xb50
[  301.201711][    C0]  ? __pfx___run_timers+0x10/0x10
[  301.201711][    C0]  ? __pfx_lock_acquire+0x10/0x10
[  301.201711][    C0]  ? srso_alias_return_thunk+0x5/0xfbef5
[  301.201711][    C0]  ? srso_alias_return_thunk+0x5/0xfbef5
[  301.201711][    C0]  ? srso_alias_return_thunk+0x5/0xfbef5
[  301.201711][    C0]  ? do_raw_spin_lock+0x124/0x290
[  301.201711][    C0]  ? __pfx_do_raw_spin_lock+0x10/0x10
[  301.201711][    C0]  ? _raw_spin_lock_irq+0x45/0x50
[  301.201711][    C0]  run_timer_base+0xc5/0x120
[  301.201711][    C0]  run_timer_softirq+0x1a/0x40
[  301.201711][    C0]  handle_softirqs+0x1ad/0x870
[  301.201711][    C0]  irq_exit_rcu+0xee/0x140
[  301.201711][    C0]  sysvec_apic_timer_interrupt+0x94/0xb0
[  301.201711][    C0]  </IRQ>
[  301.201711][    C0]  <TASK>
[  301.201711][    C0]  asm_sysvec_apic_timer_interrupt+0x1a/0x20
[  301.201711][    C0] RIP: 0010:kasan_check_range+0x18/0x1b0
[  301.201711][    C0] Code: 1f 00 90 90 90 90 90 90 90 90 90 90 90 90 90 90 90 90 66 0f 1f 00 48 85 f6 0f 84 58 01 00 00 48 89 f8 41 54 0f b6 d2 48 01 f0 <55> 53 0f 82 d1 00 00 00 0f 1f 44 00 00 48 b8 00 00 00 00 00 00 00
[  301.201711][    C0] RSP: 0018:ffa0000004566998 EFLAGS: 00000286
[  301.201711][    C0] RAX: ffa00000045669e8 RBX: ffffffffad3be930 RCX: ffffffffa0e5d81d
[  301.201711][    C0] RDX: 0000000000000001 RSI: 0000000000000008 RDI: ffa00000045669e0
[  301.201711][    C0] RBP: ff11000010c79000 R08: 0000000000000000 R09: ffe21c000218f201
[  301.201711][    C0] R10: ffe21c000218f200 R11: ff11000010c79007 R12: 0000000000000001
[  301.201711][    C0] R13: 1ff40000008acd38 R14: ffa00000045669e0 R15: ff11000010c78ff8
[  301.201711][    C0]  ? __up_read+0x17d/0x770
[  301.201711][    C0]  __up_read+0x17d/0x770
[  301.201711][    C0]  ? __pfx___up_read+0x10/0x10
[  301.201711][    C0]  ? srso_alias_return_thunk+0x5/0xfbef5
[  301.201711][    C0]  ? write_comp_data+0x29/0x90
[  301.201711][    C0]  rmap_walk_anon+0x51a/0x760
[  301.201711][    C0]  ? __pfx___probestub_set_migration_pte+0x10/0x10
[  301.201711][    C0]  rmap_walk+0x54/0x80
[  301.201711][    C0]  folio_referenced+0x267/0x4f0
[  301.201711][    C0]  ? __pfx_folio_referenced+0x10/0x10
[  301.511712][    C0]  ? __pfx_folio_referenced_one+0x10/0x10
[  301.511712][    C0]  ? __pfx_folio_lock_anon_vma_read+0x10/0x10
[  301.511712][    C0]  ? __pfx_invalid_folio_referenced_vma+0x10/0x10
[  301.511712][    C0]  ? write_comp_data+0x29/0x90
[  301.511712][    C0]  ? srso_alias_return_thunk+0x5/0xfbef5
[  301.511712][    C0]  ? srso_alias_return_thunk+0x5/0xfbef5
[  301.511712][    C0]  ? write_comp_data+0x29/0x90
[  301.511712][    C0]  shrink_folio_list+0x1fd3/0x3b80
[  301.511712][    C0]  ? __pfx_shrink_folio_list+0x10/0x10
[  301.511712][    C0]  ? srso_alias_return_thunk+0x5/0xfbef5
[  301.511712][    C0]  ? find_held_lock+0x2c/0x110
[  301.511712][    C0]  ? isolate_lru_folios+0x83d/0x13d0
[  301.511712][    C0]  ? srso_alias_return_thunk+0x5/0xfbef5
[  301.511712][    C0]  ? srso_alias_return_thunk+0x5/0xfbef5
[  301.511712][    C0]  ? mark_lock+0xfe/0x12d0
[  301.511712][    C0]  ? srso_alias_return_thunk+0x5/0xfbef5
[  301.511712][    C0]  ? __sanitizer_cov_trace_pc+0x20/0x60
[  301.511712][    C0]  ? srso_alias_return_thunk+0x5/0xfbef5
[  301.511712][    C0]  ? isolate_lru_folios+0xc61/0x13d0
[  301.511712][    C0]  ? __pfx_mark_lock+0x10/0x10
[  301.511712][    C0]  ? srso_alias_return_thunk+0x5/0xfbef5
[  301.511712][    C0]  ? find_held_lock+0x2c/0x110
[  301.511712][    C0]  ? shrink_inactive_list+0x358/0xba0
[  301.511712][    C0]  ? srso_alias_return_thunk+0x5/0xfbef5
[  301.511712][    C0]  ? srso_alias_return_thunk+0x5/0xfbef5
[  301.511712][    C0]  ? mark_held_locks+0x9e/0xe0
[  301.511712][    C0]  ? _raw_spin_unlock_irq+0x23/0x50
[  301.511712][    C0]  ? _raw_spin_unlock_irq+0x23/0x50
[  301.511712][    C0]  shrink_inactive_list+0x3ec/0xba0
[  301.511712][    C0]  ? __pfx_shrink_inactive_list+0x10/0x10
[  301.511712][    C0]  ? srso_alias_return_thunk+0x5/0xfbef5
[  301.511712][    C0]  shrink_lruvec+0x5ee/0x1060
[  301.511712][    C0]  ? __pfx_shrink_lruvec+0x10/0x10
[  301.511712][    C0]  ? srso_alias_return_thunk+0x5/0xfbef5
[  301.511712][    C0]  ? find_held_lock+0x2c/0x110
[  301.511712][    C0]  ? srso_alias_return_thunk+0x5/0xfbef5
[  301.511712][    C0]  shrink_node+0x5f2/0x1790
[  301.511712][    C0]  ? do_try_to_free_pages+0x3df/0x12d0
[  301.511712][    C0]  ? srso_alias_return_thunk+0x5/0xfbef5
[  301.511712][    C0]  do_try_to_free_pages+0x2e8/0x12d0
[  301.511712][    C0]  ? srso_alias_return_thunk+0x5/0xfbef5
[  301.511712][    C0]  try_to_free_pages+0x2b1/0x6b0
[  301.511712][    C0]  ? __pfx_try_to_free_pages+0x10/0x10
[  301.511712][    C0]  ? fs_reclaim_acquire+0xae/0x150
[  301.511712][    C0]  __alloc_pages_slowpath.constprop.0+0x5b2/0x2170
[  301.511712][    C0]  ? find_held_lock+0x2c/0x110
[  301.511712][    C0]  ? __pfx___alloc_pages_slowpath.constprop.0+0x10/0x10
[  301.511712][    C0]  ? __pfx_get_page_from_freelist+0x10/0x10
[  301.511712][    C0]  ? srso_alias_return_thunk+0x5/0xfbef5
[  301.511712][    C0]  ? srso_alias_return_thunk+0x5/0xfbef5
[  301.511712][    C0]  ? __sanitizer_cov_trace_pc+0x20/0x60
[  301.511712][    C0]  __alloc_pages_noprof+0x564/0x660
[  301.511712][    C0]  ? __pfx___alloc_pages_noprof+0x10/0x10
[  301.511712][    C0]  ? srso_alias_return_thunk+0x5/0xfbef5
[  301.511712][    C0]  ? srso_alias_return_thunk+0x5/0xfbef5
[  301.511712][    C0]  ? srso_alias_return_thunk+0x5/0xfbef5
[  301.511712][    C0]  ? write_comp_data+0x29/0x90
[  301.511712][    C0]  ? srso_alias_return_thunk+0x5/0xfbef5
[  301.511712][    C0]  ? __sanitizer_cov_trace_pc+0x20/0x60
[  301.511712][    C0]  ? srso_alias_return_thunk+0x5/0xfbef5
[  301.511712][    C0]  ? policy_nodemask+0xeb/0x4e0
[  301.511712][    C0]  alloc_pages_mpol_noprof+0xf2/0x400
[  301.511712][    C0]  ? __pfx_alloc_pages_mpol_noprof+0x10/0x10
[  301.511712][    C0]  ? srso_alias_return_thunk+0x5/0xfbef5
[  301.511712][    C0]  ? srso_alias_return_thunk+0x5/0xfbef5
[  301.511712][    C0]  ? __sanitizer_cov_trace_pc+0x20/0x60
[  301.511712][    C0]  ? srso_alias_return_thunk+0x5/0xfbef5
[  301.511712][    C0]  ? __sanitizer_cov_trace_pc+0x20/0x60
[  301.511712][    C0]  blk_rq_map_kern+0x272/0x870
[  301.511712][    C0]  ? srso_alias_return_thunk+0x5/0xfbef5
[  301.511712][    C0]  scsi_execute_cmd+0xbfd/0xe30
[  301.511712][    C0]  ? __pfx_register_lock_class+0x10/0x10
[  301.511712][    C0]  ? __pfx___lock_acquire+0x10/0x10
[  301.511712][    C0]  ? __pfx_scsi_execute_cmd+0x10/0x10
[  301.511712][    C0]  ? srso_alias_return_thunk+0x5/0xfbef5
[  301.511712][    C0]  ? __lock_acquire+0x1748/0x4a10
[  301.511712][    C0]  sr_check_events+0x1be/0xb50
[  301.511712][    C0]  ? srso_alias_return_thunk+0x5/0xfbef5
[  301.511712][    C0]  ? __pfx_sr_check_events+0x10/0x10
[  301.511712][    C0]  ? __pfx___lock_acquire+0x10/0x10
[  301.511712][    C0]  ? srso_alias_return_thunk+0x5/0xfbef5
[  301.511712][    C0]  cdrom_check_events+0x68/0x110
[  301.511712][    C0]  ? srso_alias_return_thunk+0x5/0xfbef5
[  301.511712][    C0]  sr_block_check_events+0xc3/0x100
[  301.511712][    C0]  disk_check_events+0xc5/0x380
[  301.511712][    C0]  ? srso_alias_return_thunk+0x5/0xfbef5
[  301.511712][    C0]  process_scheduled_works+0x5ee/0x1ba0
[  301.511712][    C0]  ? __pfx_process_scheduled_works+0x10/0x10
[  301.511712][    C0]  ? __sanitizer_cov_trace_pc+0x20/0x60
[  301.511712][    C0]  ? srso_alias_return_thunk+0x5/0xfbef5
[  301.511712][    C0]  ? srso_alias_return_thunk+0x5/0xfbef5
[  301.511712][    C0]  ? __sanitizer_cov_trace_pc+0x20/0x60
[  301.511712][    C0]  ? srso_alias_return_thunk+0x5/0xfbef5
[  301.511712][    C0]  ? assign_work+0x195/0x240
[  301.511712][    C0]  worker_thread+0x59f/0xcf0
[  301.511712][    C0]  ? srso_alias_return_thunk+0x5/0xfbef5
[  301.511712][    C0]  ? __pfx_worker_thread+0x10/0x10
[  301.511712][    C0]  kthread+0x345/0x450
[  301.511712][    C0]  ? __pfx_kthread+0x10/0x10
[  301.511712][    C0]  ret_from_fork+0x48/0x80
[  301.511712][    C0]  ? __pfx_kthread+0x10/0x10
[  301.511712][    C0]  ret_from_fork_asm+0x1a/0x30
[  301.511712][    C0]  </TASK>
[  301.694969][    C0] Mem-Info:
[  301.696137][    C0] active_anon:224 inactive_anon:41015 isolated_anon:64
[  301.696137][    C0]  active_file:1052 inactive_file:1093 isolated_file:0
[  301.696137][    C0]  unevictable:1536 dirty:465 writeback:10
[  301.696137][    C0]  slab_reclaimable:9348 slab_unreclaimable:264755
[  301.696137][    C0]  mapped:3905 shmem:2041 pagetables:680
[  301.696137][    C0]  sec_pagetables:0 bounce:0
[  301.696137][    C0]  kernel_misc_reclaimable:0
[  301.696137][    C0]  free:367 free_pcp:808 free_cma:0
[  301.709955][    C0] Node 0 active_anon:896kB inactive_anon:164060kB active_file:4208kB inactive_file:4372kB unevictable:6144kB isolated(anon):256kB isolated(file):0kB mapped:15620kB dirty:1860kB writeback:40kB shmem:8164kB writeback_tmp:0kB kernel_stack:9280kB pagetables:2720kB sec_pagetables:0kB all_unreclaimable? no
[  301.718921][    C0] Node 0 DMA free:8kB boost:0kB min:52kB low:64kB high:76kB reserved_highatomic:0KB active_anon:0kB inactive_anon:0kB active_file:0kB inactive_file:0kB unevictable:0kB writepending:0kB present:15992kB managed:15360kB mlocked:0kB bounce:0kB free_pcp:0kB local_pcp:0kB free_cma:0kB
[  301.727250][    C0] lowmem_reserve[]: 0 1301 0 0
[  301.729007][    C0] Node 0 DMA32 free:1460kB boost:10876kB min:15464kB low:16796kB high:18128kB reserved_highatomic:14336KB active_anon:896kB inactive_anon:164060kB active_file:4208kB inactive_file:4372kB unevictable:6144kB writepending:1900kB present:2080640kB managed:1356844kB mlocked:0kB bounce:0kB free_pcp:3232kB local_pcp:1224kB free_cma:0kB
[  301.738715][    C0] lowmem_reserve[]: 0 0 0 0
[  301.740356][    C0] Node 0 DMA: 2*4kB (U) 0*8kB 0*16kB 0*32kB 0*64kB 0*128kB 0*256kB 0*512kB 0*1024kB 0*2048kB 0*4096kB = 8kB
[  301.744527][    C0] Node 0 DMA32: 362*4kB (MH) 0*8kB 0*16kB 0*32kB 0*64kB 0*128kB 0*256kB 0*512kB 0*1024kB 0*2048kB 0*4096kB = 1448kB
[  301.748865][    C0] Node 0 hugepages_total=0 hugepages_free=0 hugepages_surp=0 hugepages_size=2048kB
[  301.751849][    C0] 4196 total pagecache pages
[  301.753411][    C0] 10 pages in swap cache
[  301.754855][    C0] Free swap  = 124220kB
[  301.756272][    C0] Total swap = 124996kB
[  301.757689][    C0] 524158 pages RAM
[  301.758977][    C0] 0 pages HighMem/MovableOnly
[  301.760574][    C0] 181107 pages reserved
[  305.287883][    C0] ICMPv6: ndisc: ndisc_alloc_skb failed to allocate an skb
[  305.288701][    C3] ICMPv6: ndisc: ndisc_alloc_skb failed to allocate an skb
[  305.288889][    C2] ICMPv6: ndisc: ndisc_alloc_skb failed to allocate an skb
[  305.289078][    C1] ICMPv6: ndisc: ndisc_alloc_skb failed to allocate an skb
[  305.289141][    C1] ICMPv6: ndisc: ndisc_alloc_skb failed to allocate an skb
[  305.289199][    C1] ICMPv6: ndisc: ndisc_alloc_skb failed to allocate an skb
[  305.289280][    C1] ICMPv6: ndisc: ndisc_alloc_skb failed to allocate an skb
[  305.289341][    C1] ICMPv6: ndisc: ndisc_alloc_skb failed to allocate an skb
[  305.289386][    C1] ICMPv6: ndisc: ndisc_alloc_skb failed to allocate an skb
[  305.289430][    C1] ICMPv6: ndisc: ndisc_alloc_skb failed to allocate an skb
[  306.250494][  T733] slab_out_of_memory: 5974 callbacks suppressed
[  306.250529][  T733] SLUB: Unable to allocate memory on CPU 1 (of node 0) on node -1, gfp=0x820(GFP_ATOMIC)
[  306.255974][  T733]   cache: skbuff_head_cache, object size: 232, buffer size: 320, default order: 1, min order: 0
[  306.259253][  T733]   node 0: slabs: 5461, objs: 130480, free: 0
[  306.261276][  T733] SLUB: Unable to allocate memory on CPU 1 (of node 0) on node -1, gfp=0x820(GFP_ATOMIC)
[  306.264369][  T733]   cache: skbuff_head_cache, object size: 232, buffer size: 320, default order: 1, min order: 0
[  306.267691][  T733]   node 0: slabs: 5461, objs: 130480, free: 0
[  306.269699][  T733] SLUB: Unable to allocate memory on CPU 1 (of node 0) on node -1, gfp=0x820(GFP_ATOMIC)
[  306.272809][  T733]   cache: skbuff_head_cache, object size: 232, buffer size: 320, default order: 1, min order: 0
[  306.276173][  T733]   node 0: slabs: 5461, objs: 130480, free: 0
[  306.278198][  T733] SLUB: Unable to allocate memory on CPU 1 (of node 0) on node -1, gfp=0x820(GFP_ATOMIC)
[  306.281343][  T733]   cache: skbuff_head_cache, object size: 232, buffer size: 320, default order: 1, min order: 0
[  306.285719][    C3] SLUB: Unable to allocate memory on CPU 3 (of node 0) on node -1, gfp=0x920(GFP_ATOMIC|__GFP_ZERO)
[  306.285792][    C3]   cache: kmalloc-1k, object size: 1024, buffer size: 2048, default order: 3, min order: 0
[  306.285844][    C3]   node 0: slabs: 3736, objs: 43284, free: 0
[  306.285972][    C3] SLUB: Unable to allocate memory on CPU 3 (of node 0) on node -1, gfp=0x920(GFP_ATOMIC|__GFP_ZERO)
[  306.286031][    C3]   cache: kmalloc-1k, object size: 1024, buffer size: 2048, default order: 3, min order: 0
[  306.286083][    C3]   node 0: slabs: 3736, objs: 43284, free: 0
[  306.287697][    C0] SLUB: Unable to allocate memory on CPU 0 (of node 0) on node -1, gfp=0x920(GFP_ATOMIC|__GFP_ZERO)
[  306.287719][    C2] SLUB: Unable to allocate memory on CPU 2 (of node 0) on node -1, gfp=0x920(GFP_ATOMIC|__GFP_ZERO)
[  306.287805][    C2]   cache: kmalloc-96, object size: 96, buffer size: 128, default order: 0, min order: 0
[  306.287857][    C2]   node 0: slabs: 1232, objs: 39424, free: 0
[  306.287967][    C2] SLUB: Unable to allocate memory on CPU 2 (of node 0) on node -1, gfp=0x920(GFP_ATOMIC|__GFP_ZERO)
[  306.288026][    C2]   cache: kmalloc-96, object size: 96, buffer size: 128, default order: 0, min order: 0
[  306.288077][    C2]   node 0: slabs: 1232, objs: 39424, free: 0
[  306.288158][    C2] SLUB: Unable to allocate memory on CPU 2 (of node 0) on node -1, gfp=0x920(GFP_ATOMIC|__GFP_ZERO)
[  306.288217][    C2]   cache: kmalloc-96, object size: 96, buffer size: 128, default order: 0, min order: 0
[  306.288268][    C2]   node 0: slabs: 1232, objs: 39424, free: 0
[  306.290506][  T733]   node 0: slabs: 5464, objs: 130516, free: 0
[  306.293742][    C0]   cache: kmalloc-96, object size: 96, buffer size: 128, default order: 0, min order: 0
[  306.338318][    C0]   node 0: slabs: 1232, objs: 39424, free: 0
[  311.199593][    C2] warn_alloc: 12325 callbacks suppressed
[  311.201691][    C2] syz.4.20: page allocation failure: order:0, mode:0x60820(GFP_ATOMIC|__GFP_COMP|__GFP_MEMALLOC), nodemask=(null),cpuset=/,mems_allowed=0
[  311.206435][    C2] CPU: 2 UID: 0 PID: 1953 Comm: syz.4.20 Not tainted 6.13.0-rc7 #1
[  311.207360][    C2] Hardware name: QEMU Standard PC (i440FX + PIIX, 1996), BIOS 1.13.0-1ubuntu1.1 04/01/2014
[  311.207360][    C2] Call Trace:
[  311.207360][    C2]  <IRQ>
[  311.207360][    C2]  dump_stack_lvl+0x180/0x1b0
[  311.207360][    C2]  warn_alloc+0x1a8/0x2e0
[  311.207360][    C2]  ? __pfx_warn_alloc+0x10/0x10
[  311.207360][    C2]  ? __pfx_get_page_from_freelist+0x10/0x10
[  311.207360][    C2]  ? srso_alias_return_thunk+0x5/0xfbef5
[  311.207360][    C2]  ? wake_all_kswapds+0x136/0x2f0
[  311.207360][    C2]  __alloc_pages_slowpath.constprop.0+0x1434/0x2170
[  311.207360][    C2]  ? warn_alloc+0x10f/0x2e0
[  311.207360][    C2]  ? __pfx___alloc_pages_slowpath.constprop.0+0x10/0x10
[  311.207360][    C2]  ? __pfx_get_page_from_freelist+0x10/0x10
[  311.207360][    C2]  ? srso_alias_return_thunk+0x5/0xfbef5
[  311.207360][    C2]  ? mark_lock+0xfe/0x12d0
[  311.207360][    C2]  ? srso_alias_return_thunk+0x5/0xfbef5
[  311.207360][    C2]  ? srso_alias_return_thunk+0x5/0xfbef5
[  311.207360][    C2]  ? __sanitizer_cov_trace_pc+0x20/0x60
[  311.207360][    C2]  __alloc_pages_noprof+0x564/0x660
[  311.207360][    C2]  ? __pfx___alloc_pages_noprof+0x10/0x10
[  311.207360][    C2]  ? mark_lock+0xfe/0x12d0
[  311.207360][    C2]  ? srso_alias_return_thunk+0x5/0xfbef5
[  311.207360][    C2]  ? srso_alias_return_thunk+0x5/0xfbef5
[  311.207360][    C2]  ? __sanitizer_cov_trace_switch+0x54/0x90
[  311.207360][    C2]  ? srso_alias_return_thunk+0x5/0xfbef5
[  311.207360][    C2]  ? __sanitizer_cov_trace_pc+0x20/0x60
[  311.207360][    C2]  ? srso_alias_return_thunk+0x5/0xfbef5
[  311.207360][    C2]  ? policy_nodemask+0xeb/0x4e0
[  311.207360][    C2]  alloc_pages_mpol_noprof+0xf2/0x400
[  311.207360][    C2]  ? __pfx_alloc_pages_mpol_noprof+0x10/0x10
[  311.207360][    C2]  ? srso_alias_return_thunk+0x5/0xfbef5
[  311.207360][    C2]  ? write_comp_data+0x29/0x90
[  311.207360][    C2]  ? srso_alias_return_thunk+0x5/0xfbef5
[  311.207360][    C2]  ? __sanitizer_cov_trace_pc+0x20/0x60
[  311.207360][    C2]  new_slab+0x2df/0x3f0
[  311.207360][    C2]  ? __sanitizer_cov_trace_pc+0x20/0x60
[  311.207360][    C2]  ___slab_alloc+0xdde/0x16d0
[  311.207360][    C2]  ? __alloc_skb+0x2ad/0x370
[  311.207360][    C2]  ? ___slab_alloc+0x46/0x16d0
[  311.207360][    C2]  ? srso_alias_return_thunk+0x5/0xfbef5
[  311.207360][    C2]  ? __lock_acquire+0xdf4/0x4a10
[  311.207360][    C2]  ? __alloc_skb+0x2ad/0x370
[  311.282175][  T525] slab_out_of_memory: 6456 callbacks suppressed
[  311.282210][  T525] SLUB: Unable to allocate memory on CPU 1 (of node 0) on node -1, gfp=0x820(GFP_ATOMIC)
[  311.207360][    C2]  ? __slab_alloc.isra.0+0x56/0xb0
[  311.284874][  T525]   cache: skbuff_head_cache, object size: 232, buffer size: 320, default order: 1, min order: 0
[  311.207360][    C2]  ? srso_alias_return_thunk+0x5/0xfbef5
[  311.207360][    C2]  __slab_alloc.isra.0+0x56/0xb0
[  311.289553][  T525]   node 0: slabs: 5627, objs: 132563, free: 0
[  311.207360][    C2]  kmem_cache_alloc_node_noprof+0x202/0x430
[  311.294717][  T525] SLUB: Unable to allocate memory on CPU 1 (of node 0) on node -1, gfp=0x820(GFP_ATOMIC)
[  311.207360][    C2]  ? __lock_acquire+0x1748/0x4a10
[  311.298301][  T525]   cache: skbuff_head_cache, object size: 232, buffer size: 320, default order: 1, min order: 0
[  311.207360][    C2]  ? __alloc_skb+0x2ad/0x370
[  311.302561][    C0] SLUB: Unable to allocate memory on CPU 0 (of node 0) on node -1, gfp=0x920(GFP_ATOMIC|__GFP_ZERO)
[  311.302695][    C3] SLUB: Unable to allocate memory on CPU 3 (of node 0) on node -1, gfp=0x920(GFP_ATOMIC|__GFP_ZERO)
[  311.302719][    C0]   cache: kmalloc-96, object size: 96, buffer size: 128, default order: 0, min order: 0
[  311.302760][    C3]   cache: kmalloc-96, object size: 96, buffer size: 128, default order: 0, min order: 0
[  311.302773][    C0]   node 0: slabs: 1233, objs: 39456, free: 0
[  311.302813][    C3]   node 0: slabs: 1233, objs: 39456, free: 0
[  311.302884][    C0] SLUB: Unable to allocate memory on CPU 0 (of node 0) on node -1, gfp=0x920(GFP_ATOMIC|__GFP_ZERO)
[  311.302898][    C3] SLUB: Unable to allocate memory on CPU 3 (of node 0) on node -1, gfp=0x920(GFP_ATOMIC|__GFP_ZERO)
[  311.302944][    C0]   cache: kmalloc-96, object size: 96, buffer size: 128, default order: 0, min order: 0
[  311.302957][    C3]   cache: kmalloc-96, object size: 96, buffer size: 128, default order: 0, min order: 0
[  311.302996][    C0]   node 0: slabs: 1233, objs: 39456, free: 0
[  311.303009][    C3]   node 0: slabs: 1233, objs: 39456, free: 0
[  311.303079][    C0] SLUB: Unable to allocate memory on CPU 0 (of node 0) on node -1, gfp=0x920(GFP_ATOMIC|__GFP_ZERO)
[  311.303139][    C0]   cache: kmalloc-96, object size: 96, buffer size: 128, default order: 0, min order: 0
[  311.303190][    C0]   node 0: slabs: 1233, objs: 39456, free: 0
[  311.303271][    C0] SLUB: Unable to allocate memory on CPU 0 (of node 0) on node -1, gfp=0x920(GFP_ATOMIC|__GFP_ZERO)
[  311.303465][  T525]   node 0: slabs: 5630, objs: 132599, free: 0
[  311.303712][    C1] SLUB: Unable to allocate memory on CPU 1 (of node 0) on node -1, gfp=0x920(GFP_ATOMIC|__GFP_ZERO)
[  311.303773][    C1]   cache: kmalloc-96, object size: 96, buffer size: 128, default order: 0, min order: 0
[  311.303822][    C1]   node 0: slabs: 1233, objs: 39456, free: 0
[  311.207360][    C2]  ? srso_alias_return_thunk+0x5/0xfbef5
[  311.207360][    C2]  __alloc_skb+0x2ad/0x370
[  311.308352][    C0]   cache: kmalloc-96, object size: 96, buffer size: 128, default order: 0, min order: 0
[  311.207360][    C2]  ? __pfx___alloc_skb+0x10/0x10
[  311.207360][    C2]  __netdev_alloc_skb+0x78/0x940
[  311.313242][    C0]   node 0: slabs: 1233, objs: 39456, free: 0
[  311.314928][  T733] SLUB: Unable to allocate memory on CPU 1 (of node 0) on node -1, gfp=0x920(GFP_ATOMIC|__GFP_ZERO)
[  311.314991][  T733]   cache: kmalloc-1k, object size: 1024, buffer size: 2048, default order: 3, min order: 0
[  311.315041][  T733]   node 0: slabs: 3745, objs: 43302, free: 0
[  311.207360][    C2]  ? srso_alias_return_thunk+0x5/0xfbef5
[  311.207360][    C2]  __ieee80211_beacon_get+0x407/0xf80
[  311.207360][    C2]  ieee80211_beacon_get_tim+0xa7/0x280
[  311.207360][    C2]  ? __pfx_ieee80211_beacon_get_tim+0x10/0x10
[  311.207360][    C2]  ? srso_alias_return_thunk+0x5/0xfbef5
[  311.207360][    C2]  ? __pfx_rcu_read_lock_held+0x10/0x10
[  311.207360][    C2]  mac80211_hwsim_beacon_tx+0x4fd/0xa50
[  311.207360][    C2]  ? srso_alias_return_thunk+0x5/0xfbef5
[  311.207360][    C2]  ? write_comp_data+0x29/0x90
[  311.207360][    C2]  ? srso_alias_return_thunk+0x5/0xfbef5
[  311.207360][    C2]  __iterate_interfaces+0x16f/0x5b0
[  311.207360][    C2]  ? __pfx_mac80211_hwsim_beacon_tx+0x10/0x10
[  311.207360][    C2]  ? __pfx_mac80211_hwsim_beacon_tx+0x10/0x10
[  311.207360][    C2]  ieee80211_iterate_active_interfaces_atomic+0x71/0x1b0
[  311.207360][    C2]  mac80211_hwsim_beacon+0x105/0x200
[  311.207360][    C2]  __hrtimer_run_queues+0x1b5/0xca0
[  311.207360][    C2]  ? __pfx_mac80211_hwsim_beacon+0x10/0x10
[  311.207360][    C2]  ? __pfx___hrtimer_run_queues+0x10/0x10
[  311.207360][    C2]  ? srso_alias_return_thunk+0x5/0xfbef5
[  311.207360][    C2]  ? __sanitizer_cov_trace_pc+0x20/0x60
[  311.207360][    C2]  ? srso_alias_return_thunk+0x5/0xfbef5
[  311.207360][    C2]  hrtimer_run_softirq+0x17f/0x2e0
[  311.207360][    C2]  handle_softirqs+0x1ad/0x870
[  311.207360][    C2]  irq_exit_rcu+0xee/0x140
[  311.207360][    C2]  sysvec_apic_timer_interrupt+0x94/0xb0
[  311.207360][    C2]  </IRQ>
[  311.207360][    C2]  <TASK>
[  311.207360][    C2]  asm_sysvec_apic_timer_interrupt+0x1a/0x20
[  311.207360][    C2] RIP: 0010:__sanitizer_cov_trace_pc+0x4c/0x60
[  311.207360][    C2] Code: 74 27 48 8b 93 e0 14 00 00 8b 8b dc 14 00 00 48 8b 02 48 83 c0 01 48 39 c1 76 0e 48 89 02 48 81 ed 00 00 a0 1f 48 89 2c c2 5b <5d> e9 b9 a4 e6 07 66 66 2e 0f 1f 84 00 00 00 00 00 0f 1f 00 90 90
[  311.207360][    C2] RSP: 0018:ffa000000c81f5b8 EFLAGS: 00000246
[  311.207360][    C2] RAX: 0000000001903e00 RBX: 0000000000000001 RCX: ffffffffa13eea1e
[  311.207360][    C2] RDX: 0000000000000001 RSI: ff11000008c74680 RDI: 0000000000000002
[  311.207360][    C2] RBP: ffffffffa13eeb2b R08: fff3fc0001903e00 R09: fffa7c0000110001
[  311.207360][    C2] R10: fffa7c0000110000 R11: ffd4000000880007 R12: 0000000000000001
[  311.207360][    C2] R13: ff1100001edd66c8 R14: 00007f8a34465001 R15: 0000000000022200
[  311.207360][    C2]  ? madvise_cold_or_pageout_pte_range+0x73b/0x1fb0
[  311.207360][    C2]  ? madvise_cold_or_pageout_pte_range+0x62e/0x1fb0
[  311.207360][    C2]  madvise_cold_or_pageout_pte_range+0x73b/0x1fb0
[  311.207360][    C2]  ? __pfx_madvise_cold_or_pageout_pte_range+0x10/0x10
[  311.207360][    C2]  ? find_held_lock+0x2c/0x110
[  311.207360][    C2]  ? __pfx_madvise_cold_or_pageout_pte_range+0x10/0x10
[  311.207360][    C2]  walk_pgd_range+0xbfd/0x1c60
[  311.207360][    C2]  ? __pfx_walk_pgd_range+0x10/0x10
[  311.207360][    C2]  __walk_page_range+0x162/0x870
[  311.207360][    C2]  ? srso_alias_return_thunk+0x5/0xfbef5
[  311.207360][    C2]  ? find_vma+0xc0/0x140
[  311.207360][    C2]  ? srso_alias_return_thunk+0x5/0xfbef5
[  311.207360][    C2]  ? write_comp_data+0x29/0x90
[  311.207360][    C2]  ? srso_alias_return_thunk+0x5/0xfbef5
[  311.207360][    C2]  ? __sanitizer_cov_trace_pc+0x20/0x60
[  311.207360][    C2]  ? srso_alias_return_thunk+0x5/0xfbef5
[  311.207360][    C2]  ? srso_alias_return_thunk+0x5/0xfbef5
[  311.207360][    C2]  walk_page_range_mm+0x422/0x900
[  311.207360][    C2]  ? __pfx_walk_page_range_mm+0x10/0x10
[  311.207360][    C2]  ? write_comp_data+0x29/0x90
[  311.207360][    C2]  ? srso_alias_return_thunk+0x5/0xfbef5
[  311.207360][    C2]  ? lru_add_drain_cpu+0x478/0x850
[  311.207360][    C2]  walk_page_range+0x65/0x90
[  311.207360][    C2]  madvise_pageout+0x310/0x7e0
[  311.207360][    C2]  ? __pfx_madvise_pageout+0x10/0x10
[  311.207360][    C2]  ? srso_alias_return_thunk+0x5/0xfbef5
[  311.207360][    C2]  ? find_held_lock+0x2c/0x110
[  311.207360][    C2]  ? __pfx_lock_release+0x10/0x10
[  311.207360][    C2]  ? srso_alias_return_thunk+0x5/0xfbef5
[  311.207360][    C2]  ? write_comp_data+0x29/0x90
[  311.207360][    C2]  ? srso_alias_return_thunk+0x5/0xfbef5
[  311.207360][    C2]  ? write_comp_data+0x29/0x90
[  311.207360][    C2]  madvise_vma_behavior+0x1386/0x2320
[  311.207360][    C2]  ? mt_find+0x811/0xa80
[  311.207360][    C2]  ? __pfx_madvise_vma_behavior+0x10/0x10
[  311.207360][    C2]  ? srso_alias_return_thunk+0x5/0xfbef5
[  311.207360][    C2]  ? srso_alias_return_thunk+0x5/0xfbef5
[  311.207360][    C2]  ? srso_alias_return_thunk+0x5/0xfbef5
[  311.207360][    C2]  ? find_vma+0xc0/0x140
[  311.207360][    C2]  ? __pfx_find_vma+0x10/0x10
[  311.207360][    C2]  ? srso_alias_return_thunk+0x5/0xfbef5
[  311.207360][    C2]  ? srso_alias_return_thunk+0x5/0xfbef5
[  311.207360][    C2]  do_madvise+0x5f6/0x9c0
[  311.207360][    C2]  ? __pfx_do_madvise+0x10/0x10
[  311.207360][    C2]  ? srso_alias_return_thunk+0x5/0xfbef5
[  311.207360][    C2]  ? put_timespec64+0xcf/0x130
[  311.207360][    C2]  ? __pfx_put_timespec64+0x10/0x10
[  311.207360][    C2]  ? __x64_sys_futex+0x1d3/0x4d0
[  311.207360][    C2]  ? syscall_exit_to_user_mode+0xd0/0x270
[  311.207360][    C2]  __x64_sys_madvise+0xa9/0x110
[  311.207360][    C2]  ? srso_alias_return_thunk+0x5/0xfbef5
[  311.207360][    C2]  ? lockdep_hardirqs_on+0x7c/0x110
[  311.207360][    C2]  do_syscall_64+0xc3/0x1d0
[  311.207360][    C2]  entry_SYSCALL_64_after_hwframe+0x77/0x7f
[  311.207360][    C2] RIP: 0033:0x7f8a34b33add
[  311.207360][    C2] Code: 02 b8 ff ff ff ff c3 66 0f 1f 44 00 00 f3 0f 1e fa 48 89 f8 48 89 f7 48 89 d6 48 89 ca 4d 89 c2 4d 89 c8 4c 8b 4c 24 08 0f 05 <48> 3d 01 f0 ff ff 73 01 c3 48 c7 c1 b0 ff ff ff f7 d8 64 89 01 48
[  311.207360][    C2] RSP: 002b:00007f8a34585ba8 EFLAGS: 00000246 ORIG_RAX: 000000000000001c
[  311.207360][    C2] RAX: ffffffffffffffda RBX: 00007f8a34d2cfa0 RCX: 00007f8a34b33add
[  311.207360][    C2] RDX: 0000000000000015 RSI: 7fffffffffffffff RDI: 0000000020000000
[  311.207360][    C2] RBP: 00007f8a34bb1b8f R08: 0000000000000000 R09: 0000000000000000
[  311.207360][    C2] R10: 0000000000000000 R11: 0000000000000246 R12: 0000000000000000
[  311.207360][    C2] R13: 00007f8a34d2cfac R14: 00007f8a34d2d038 R15: 00007f8a34585d40
[  311.207360][    C2]  </TASK>
[  311.573381][    C2] Mem-Info:
[  311.574431][    C2] active_anon:224 inactive_anon:40965 isolated_anon:114
[  311.574431][    C2]  active_file:1097 inactive_file:742 isolated_file:0
[  311.574431][    C2]  unevictable:1536 dirty:465 writeback:15
[  311.574431][    C2]  slab_reclaimable:9348 slab_unreclaimable:265692
[  311.574431][    C2]  mapped:3399 shmem:2040 pagetables:680
[  311.574431][    C2]  sec_pagetables:0 bounce:0
[  311.574431][    C2]  kernel_misc_reclaimable:0
[  311.574431][    C2]  free:0 free_pcp:595 free_cma:0
[  311.587976][    C2] Node 0 active_anon:896kB inactive_anon:163860kB active_file:4388kB inactive_file:2968kB unevictable:6144kB isolated(anon):456kB isolated(file):0kB mapped:13596kB dirty:1860kB writeback:60kB shmem:8160kB writeback_tmp:0kB kernel_stack:9280kB pagetables:2720kB sec_pagetables:0kB all_unreclaimable? no
[  311.596585][    C2] Node 0 DMA free:0kB boost:0kB min:52kB low:64kB high:76kB reserved_highatomic:0KB active_anon:0kB inactive_anon:0kB active_file:0kB inactive_file:0kB unevictable:0kB writepending:0kB present:15992kB managed:15360kB mlocked:0kB bounce:0kB free_pcp:0kB local_pcp:0kB free_cma:0kB
[  311.604758][    C2] lowmem_reserve[]: 0 1301 0 0
[  311.606415][    C2] Node 0 DMA32 free:0kB boost:10876kB min:15464kB low:16796kB high:18128kB reserved_highatomic:12288KB active_anon:896kB inactive_anon:163860kB active_file:4388kB inactive_file:2968kB unevictable:6144kB writepending:1920kB present:2080640kB managed:1356844kB mlocked:0kB bounce:0kB free_pcp:2380kB local_pcp:0kB free_cma:0kB
[  311.615823][    C2] lowmem_reserve[]: 0 0 0 0
[  311.617434][    C2] Node 0 DMA: 0*4kB 0*8kB 0*16kB 0*32kB 0*64kB 0*128kB 0*256kB 0*512kB 0*1024kB 0*2048kB 0*4096kB = 0kB
[  311.621318][    C2] Node 0 DMA32: 0*4kB 0*8kB 0*16kB 0*32kB 0*64kB 0*128kB 0*256kB 0*512kB 0*1024kB 0*2048kB 0*4096kB = 0kB
[  311.625202][    C2] Node 0 hugepages_total=0 hugepages_free=0 hugepages_surp=0 hugepages_size=2048kB
[  311.628089][    C2] 3894 total pagecache pages
[  311.629593][    C2] 15 pages in swap cache
[  311.631027][    C2] Free swap  = 123964kB
[  311.632395][    C2] Total swap = 124996kB
[  311.633806][    C2] 524158 pages RAM
[  311.635057][    C2] 0 pages HighMem/MovableOnly
[  311.636601][    C2] 181107 pages reserved
[  313.479704][    C0] net_ratelimit: 69 callbacks suppressed
[  313.479739][    C0] ICMPv6: ndisc: ndisc_alloc_skb failed to allocate an skb
[  313.479756][    C2] ICMPv6: ndisc: ndisc_alloc_skb failed to allocate an skb
[  313.479810][    C2] ICMPv6: ndisc: ndisc_alloc_skb failed to allocate an skb
[  313.480100][    C1] ICMPv6: ndisc: ndisc_alloc_skb failed to allocate an skb
[  313.480166][    C1] ICMPv6: ndisc: ndisc_alloc_skb failed to allocate an skb
[  313.480224][    C1] ICMPv6: ndisc: ndisc_alloc_skb failed to allocate an skb
[  313.480282][    C1] ICMPv6: ndisc: ndisc_alloc_skb failed to allocate an skb
[  313.480340][    C1] ICMPv6: ndisc: ndisc_alloc_skb failed to allocate an skb
[  313.480385][    C1] ICMPv6: ndisc: ndisc_alloc_skb failed to allocate an skb
[  313.480429][    C1] ICMPv6: ndisc: ndisc_alloc_skb failed to allocate an skb
[  316.297317][  T480] slab_out_of_memory: 6471 callbacks suppressed
[  316.297353][  T480] SLUB: Unable to allocate memory on CPU 3 (of node 0) on node -1, gfp=0x920(GFP_ATOMIC|__GFP_ZERO)
[  316.302994][  T480]   cache: kmalloc-1k, object size: 1024, buffer size: 2048, default order: 3, min order: 0
[  316.306275][  T480]   node 0: slabs: 3745, objs: 43302, free: 0
[  316.317056][  T480] SLUB: Unable to allocate memory on CPU 3 (of node 0) on node -1, gfp=0x920(GFP_ATOMIC|__GFP_ZERO)
[  316.319588][    C1] SLUB: Unable to allocate memory on CPU 1 (of node 0) on node -1, gfp=0x20820(GFP_ATOMIC|__GFP_MEMALLOC)
[  316.319697][    C0] SLUB: Unable to allocate memory on CPU 0 (of node 0) on node -1, gfp=0x20820(GFP_ATOMIC|__GFP_MEMALLOC)
[  316.319770][    C0]   cache: skbuff_small_head, object size: 640, buffer size: 768, default order: 2, min order: 0
[  316.319824][    C0]   node 0: slabs: 2251, objs: 31351, free: 0
[  316.319921][    C0] SLUB: Unable to allocate memory on CPU 0 (of node 0) on node -1, gfp=0x20820(GFP_ATOMIC|__GFP_MEMALLOC)
[  316.319982][    C0]   cache: skbuff_small_head, object size: 640, buffer size: 768, default order: 2, min order: 0
[  316.320035][    C0]   node 0: slabs: 2252, objs: 31356, free: 0
[  316.320124][    C0] SLUB: Unable to allocate memory on CPU 0 (of node 0) on node -1, gfp=0x20820(GFP_ATOMIC|__GFP_MEMALLOC)
[  316.320147][    C2] SLUB: Unable to allocate memory on CPU 2 (of node 0) on node -1, gfp=0x920(GFP_ATOMIC|__GFP_ZERO)
[  316.320185][    C0]   cache: skbuff_small_head, object size: 640, buffer size: 768, default order: 2, min order: 0
[  316.320218][    C2]   cache: kmalloc-96, object size: 96, buffer size: 128, default order: 0, min order: 0
[  316.320238][    C0]   node 0: slabs: 2252, objs: 31356, free: 0
[  316.320271][    C2]   node 0: slabs: 1234, objs: 39488, free: 0
[  316.320327][    C0] SLUB: Unable to allocate memory on CPU 0 (of node 0) on node -1, gfp=0x20820(GFP_ATOMIC|__GFP_MEMALLOC)
[  316.320391][    C0]   cache: skbuff_small_head, object size: 640, buffer size: 768, default order: 2, min order: 0
[  316.320388][    C2] SLUB: Unable to allocate memory on CPU 2 (of node 0) on node -1, gfp=0x920(GFP_ATOMIC|__GFP_ZERO)
[  316.320444][    C0]   node 0: slabs: 2252, objs: 31356, free: 0
[  316.320450][    C2]   cache: kmalloc-96, object size: 96, buffer size: 128, default order: 0, min order: 0
[  316.320501][    C2]   node 0: slabs: 1234, objs: 39488, free: 0
[  316.320535][    C0] SLUB: Unable to allocate memory on CPU 0 (of node 0) on node -1, gfp=0x20820(GFP_ATOMIC|__GFP_MEMALLOC)
[  316.320737][  T480]   cache: kmalloc-1k, object size: 1024, buffer size: 2048, default order: 3, min order: 0
[  316.320789][  T480]   node 0: slabs: 3745, objs: 43302, free: 0
[  316.324174][    C1]   cache: skbuff_small_head, object size: 640, buffer size: 768, default order: 2, min order: 0
[  316.327575][    C0]   cache: skbuff_small_head, object size: 640, buffer size: 768, default order: 2, min order: 0
[  316.330946][    C1]   node 0: slabs: 2252, objs: 31356, free: 0
[  316.332792][    C0]   node 0: slabs: 2252, objs: 31356, free: 0
[  321.223872][  T525] warn_alloc: 12312 callbacks suppressed
[  321.223906][  T525] kworker/u18:3: page allocation failure: order:0, mode:0x40820(GFP_ATOMIC|__GFP_COMP), nodemask=(null),cpuset=/,mems_allowed=0
[  321.230411][  T525] CPU: 1 UID: 0 PID: 525 Comm: kworker/u18:3 Not tainted 6.13.0-rc7 #1
[  321.231346][  T525] Hardware name: QEMU Standard PC (i440FX + PIIX, 1996), BIOS 1.13.0-1ubuntu1.1 04/01/2014
[  321.231346][  T525] Workqueue: events_unbound nsim_dev_trap_report_work
[  321.231346][  T525] Call Trace:
[  321.231346][  T525]  <TASK>
[  321.231346][  T525]  dump_stack_lvl+0x180/0x1b0
[  321.231346][  T525]  warn_alloc+0x1a8/0x2e0
[  321.231346][  T525]  ? __pfx_warn_alloc+0x10/0x10
[  321.231346][  T525]  ? srso_alias_return_thunk+0x5/0xfbef5
[  321.231346][  T525]  ? __pfx_get_page_from_freelist+0x10/0x10
[  321.231346][  T525]  ? srso_alias_return_thunk+0x5/0xfbef5
[  321.231346][  T525]  ? wake_all_kswapds+0x136/0x2f0
[  321.231346][  T525]  __alloc_pages_slowpath.constprop.0+0x1434/0x2170
[  321.231346][  T525]  ? __pfx___alloc_pages_slowpath.constprop.0+0x10/0x10
[  321.231346][  T525]  ? mark_lock+0xfe/0x12d0
[  321.231346][  T525]  ? __pfx_get_page_from_freelist+0x10/0x10
[  321.231346][  T525]  ? __pfx_mark_lock+0x10/0x10
[  321.231346][  T525]  ? srso_alias_return_thunk+0x5/0xfbef5
[  321.231346][  T525]  ? srso_alias_return_thunk+0x5/0xfbef5
[  321.231346][  T525]  ? __sanitizer_cov_trace_pc+0x20/0x60
[  321.231346][  T525]  __alloc_pages_noprof+0x564/0x660
[  321.231346][  T525]  ? mark_lock+0xfe/0x12d0
[  321.231346][  T525]  ? srso_alias_return_thunk+0x5/0xfbef5
[  321.231346][  T525]  ? mark_lock+0xfe/0x12d0
[  321.231346][  T525]  ? __pfx___alloc_pages_noprof+0x10/0x10
[  321.231346][  T525]  ? mark_lock+0xfe/0x12d0
[  321.231346][  T525]  ? srso_alias_return_thunk+0x5/0xfbef5
[  321.231346][  T525]  ? srso_alias_return_thunk+0x5/0xfbef5
[  321.231346][  T525]  ? write_comp_data+0x29/0x90
[  321.231346][  T525]  ? srso_alias_return_thunk+0x5/0xfbef5
[  321.231346][  T525]  ? __sanitizer_cov_trace_pc+0x20/0x60
[  321.231346][  T525]  ? srso_alias_return_thunk+0x5/0xfbef5
[  321.231346][  T525]  ? policy_nodemask+0xeb/0x4e0
[  321.231346][  T525]  alloc_pages_mpol_noprof+0xf2/0x400
[  321.231346][  T525]  ? __pfx_alloc_pages_mpol_noprof+0x10/0x10
[  321.231346][  T525]  ? srso_alias_return_thunk+0x5/0xfbef5
[  321.231346][  T525]  ? srso_alias_return_thunk+0x5/0xfbef5
[  321.231346][  T525]  ? __sanitizer_cov_trace_pc+0x20/0x60
[  321.231346][  T525]  ? srso_alias_return_thunk+0x5/0xfbef5
[  321.302924][  T478] slab_out_of_memory: 5715 callbacks suppressed
[  321.302954][  T478] SLUB: Unable to allocate memory on CPU 3 (of node 0) on node -1, gfp=0x920(GFP_ATOMIC|__GFP_ZERO)
[  321.231346][  T525]  ? __sanitizer_cov_trace_pc+0x20/0x60
[  321.305114][  T478]   cache: kmalloc-1k, object size: 1024, buffer size: 2048, default order: 3, min order: 0
[  321.231346][  T525]  new_slab+0x2df/0x3f0
[  321.310337][  T478]   node 0: slabs: 3750, objs: 43256, free: 0
[  321.231346][  T525]  ? __sanitizer_cov_trace_pc+0x20/0x60
[  321.231346][  T525]  ___slab_alloc+0xdde/0x16d0
[  321.231346][  T525]  ? __alloc_skb+0x2ad/0x370
[  321.231346][  T525]  ? ___slab_alloc+0x46/0x16d0
[  321.317865][ T1166] SLUB: Unable to allocate memory on CPU 0 (of node 0) on node -1, gfp=0x920(GFP_ATOMIC|__GFP_ZERO)
[  321.231346][  T525]  ? is_dynamic_key+0x1a0/0x220
[  321.320756][ T1166]   cache: kmalloc-1k, object size: 1024, buffer size: 2048, default order: 3, min order: 0
[  321.231346][  T525]  ? __alloc_skb+0x2ad/0x370
[  321.323727][ T1166]   node 0: slabs: 3750, objs: 43256, free: 0
[  321.231346][  T525]  ? __slab_alloc.isra.0+0x56/0xb0
[  321.328223][  T478] SLUB: Unable to allocate memory on CPU 3 (of node 0) on node -1, gfp=0x920(GFP_ATOMIC|__GFP_ZERO)
[  321.328284][  T478]   cache: kmalloc-1k, object size: 1024, buffer size: 2048, default order: 3, min order: 0
[  321.328333][  T478]   node 0: slabs: 3750, objs: 43256, free: 0
[  321.328417][  T478] SLUB: Unable to allocate memory on CPU 3 (of node 0) on node -1, gfp=0x920(GFP_ATOMIC|__GFP_ZERO)
[  321.328473][  T478]   cache: kmalloc-1k, object size: 1024, buffer size: 2048, default order: 3, min order: 0
[  321.328521][  T478]   node 0: slabs: 3750, objs: 43256, free: 0
[  321.337738][    C3] SLUB: Unable to allocate memory on CPU 3 (of node 0) on node -1, gfp=0x920(GFP_ATOMIC|__GFP_ZERO)
[  321.338050][    C0] SLUB: Unable to allocate memory on CPU 0 (of node 0) on node -1, gfp=0x920(GFP_ATOMIC|__GFP_ZERO)
[  321.338120][    C0]   cache: kmalloc-96, object size: 96, buffer size: 128, default order: 0, min order: 0
[  321.338172][    C0]   node 0: slabs: 1239, objs: 39648, free: 0
[  321.338274][    C0] SLUB: Unable to allocate memory on CPU 0 (of node 0) on node -1, gfp=0x920(GFP_ATOMIC|__GFP_ZERO)
[  321.338339][    C0]   cache: kmalloc-96, object size: 96, buffer size: 128, default order: 0, min order: 0
[  321.338395][    C0]   node 0: slabs: 1239, objs: 39648, free: 0
[  321.338485][    C0] SLUB: Unable to allocate memory on CPU 0 (of node 0) on node -1, gfp=0x920(GFP_ATOMIC|__GFP_ZERO)
[  321.338567][    C0]   cache: kmalloc-96, object size: 96, buffer size: 128, default order: 0, min order: 0
[  321.338705][    C0]   node 0: slabs: 1239, objs: 39648, free: 0
[  321.338691][    C2] SLUB: Unable to allocate memory on CPU 2 (of node 0) on node -1, gfp=0x920(GFP_ATOMIC|__GFP_ZERO)
[  321.338770][    C2]   cache: kmalloc-96, object size: 96, buffer size: 128, default order: 0, min order: 0
[  321.338799][    C0] SLUB: Unable to allocate memory on CPU 0 (of node 0) on node -1, gfp=0x920(GFP_ATOMIC|__GFP_ZERO)
[  321.338828][    C2]   node 0: slabs: 1239, objs: 39648, free: 0
[  321.338865][    C0]   cache: kmalloc-96, object size: 96, buffer size: 128, default order: 0, min order: 0
[  321.338921][    C0]   node 0: slabs: 1239, objs: 39648, free: 0
[  321.231346][  T525]  ? srso_alias_return_thunk+0x5/0xfbef5
[  321.231346][  T525]  __slab_alloc.isra.0+0x56/0xb0
[  321.344147][    C3]   cache: kmalloc-1k, object size: 1024, buffer size: 2048, default order: 3, min order: 0
[  321.231346][  T525]  kmem_cache_alloc_node_noprof+0x202/0x430
[  321.349442][    C3]   node 0: slabs: 3750, objs: 43256, free: 0
[  321.231346][  T525]  ? srso_alias_return_thunk+0x5/0xfbef5
[  321.231346][  T525]  ? __alloc_skb+0x2ad/0x370
[  321.231346][  T525]  ? srso_alias_return_thunk+0x5/0xfbef5
[  321.231346][  T525]  __alloc_skb+0x2ad/0x370
[  321.231346][  T525]  ? __pfx___alloc_skb+0x10/0x10
[  321.231346][  T525]  ? do_raw_spin_lock+0x124/0x290
[  321.231346][  T525]  ? __pfx_do_raw_spin_lock+0x10/0x10
[  321.231346][  T525]  nsim_dev_trap_report_work+0x358/0xd20
[  321.231346][  T525]  process_scheduled_works+0x5ee/0x1ba0
[  321.231346][  T525]  ? __pfx_process_scheduled_works+0x10/0x10
[  321.231346][  T525]  ? __sanitizer_cov_trace_pc+0x20/0x60
[  321.231346][  T525]  ? srso_alias_return_thunk+0x5/0xfbef5
[  321.231346][  T525]  ? srso_alias_return_thunk+0x5/0xfbef5
[  321.231346][  T525]  ? __sanitizer_cov_trace_pc+0x20/0x60
[  321.231346][  T525]  ? srso_alias_return_thunk+0x5/0xfbef5
[  321.231346][  T525]  ? assign_work+0x195/0x240
[  321.231346][  T525]  worker_thread+0x59f/0xcf0
[  321.231346][  T525]  ? srso_alias_return_thunk+0x5/0xfbef5
[  321.231346][  T525]  ? __pfx_worker_thread+0x10/0x10
[  321.231346][  T525]  kthread+0x345/0x450
[  321.231346][  T525]  ? __pfx_kthread+0x10/0x10
[  321.231346][  T525]  ret_from_fork+0x48/0x80
[  321.231346][  T525]  ? __pfx_kthread+0x10/0x10
[  321.231346][  T525]  ret_from_fork_asm+0x1a/0x30
[  321.231346][  T525]  </TASK>
[  321.453954][  T525] Mem-Info:
[  321.455280][  T525] active_anon:224 inactive_anon:40955 isolated_anon:124
[  321.455280][  T525]  active_file:874 inactive_file:741 isolated_file:0
[  321.455280][  T525]  unevictable:1536 dirty:465 writeback:16
[  321.455280][  T525]  slab_reclaimable:9348 slab_unreclaimable:265524
[  321.455280][  T525]  mapped:3175 shmem:2040 pagetables:680
[  321.455280][  T525]  sec_pagetables:0 bounce:0
[  321.455280][  T525]  kernel_misc_reclaimable:0
[  321.455280][  T525]  free:48 free_pcp:895 free_cma:0
[  321.469683][  T525] Node 0 active_anon:896kB inactive_anon:163944kB active_file:3496kB inactive_file:2964kB unevictable:6144kB isolated(anon):368kB isolated(file):0kB mapped:12700kB dirty:1860kB writeback:64kB shmem:8160kB writeback_tmp:0kB kernel_stack:9280kB pagetables:2720kB sec_pagetables:0kB all_unreclaimable? no
[  321.478846][  T525] Node 0 DMA free:0kB boost:0kB min:52kB low:64kB high:76kB reserved_highatomic:0KB active_anon:0kB inactive_anon:0kB active_file:0kB inactive_file:0kB unevictable:0kB writepending:0kB present:15992kB managed:15360kB mlocked:0kB bounce:0kB free_pcp:0kB local_pcp:0kB free_cma:0kB
[  321.487332][  T525] lowmem_reserve[]: 0 1301 0 0
[  321.489092][  T525] Node 0 DMA32 free:192kB boost:10876kB min:15464kB low:16796kB high:18128kB reserved_highatomic:10240KB active_anon:896kB inactive_anon:163820kB active_file:3496kB inactive_file:2964kB unevictable:6144kB writepending:1924kB present:2080640kB managed:1356844kB mlocked:0kB bounce:0kB free_pcp:3580kB local_pcp:1448kB free_cma:0kB
[  321.499048][  T525] lowmem_reserve[]: 0 0 0 0
[  321.500734][  T525] Node 0 DMA: 0*4kB 0*8kB 0*16kB 0*32kB 0*64kB 0*128kB 0*256kB 0*512kB 0*1024kB 0*2048kB 0*4096kB = 0kB
[  321.504764][  T525] Node 0 DMA32: 82*4kB (UM) 0*8kB 0*16kB 0*32kB 0*64kB 0*128kB 0*256kB 0*512kB 0*1024kB 0*2048kB 0*4096kB = 328kB
[  321.509141][  T525] Node 0 hugepages_total=0 hugepages_free=0 hugepages_surp=0 hugepages_size=2048kB
[  321.512212][  T525] 3671 total pagecache pages
[  321.513821][  T525] 16 pages in swap cache
[  321.515279][  T525] Free swap  = 123964kB
[  321.516736][  T525] Total swap = 124996kB
[  321.518204][  T525] 524158 pages RAM
[  321.519523][  T525] 0 pages HighMem/MovableOnly
[  321.521234][  T525] 181107 pages reserved
[  321.671725][    C0] net_ratelimit: 67 callbacks suppressed
[  321.671760][    C0] ICMPv6: ndisc: ndisc_alloc_skb failed to allocate an skb
[  321.672956][    C3] ICMPv6: ndisc: ndisc_alloc_skb failed to allocate an skb
[  321.673291][    C1] ICMPv6: ndisc: ndisc_alloc_skb failed to allocate an skb
[  321.673338][    C1] ICMPv6: ndisc: ndisc_alloc_skb failed to allocate an skb
[  321.673381][    C1] ICMPv6: ndisc: ndisc_alloc_skb failed to allocate an skb
[  321.673715][    C0] ICMPv6: ndisc: ndisc_alloc_skb failed to allocate an skb
[  321.676009][    C3] ICMPv6: ndisc: ndisc_alloc_skb failed to allocate an skb
[  321.678392][    C0] ICMPv6: ndisc: ndisc_alloc_skb failed to allocate an skb
[  321.680794][    C3] ICMPv6: ndisc: ndisc_alloc_skb failed to allocate an skb
[  321.683145][    C0] ICMPv6: ndisc: ndisc_alloc_skb failed to allocate an skb
[  329.734435][    C1] slab_out_of_memory: 1230 callbacks suppressed
[  329.734486][    C1] SLUB: Unable to allocate memory on CPU 1 (of node 0) on node -1, gfp=0x920(GFP_ATOMIC|__GFP_ZERO)
[  329.734489][    C2] SLUB: Unable to allocate memory on CPU 2 (of node 0) on node -1, gfp=0x820(GFP_ATOMIC)
[  329.734738][    C3] SLUB: Unable to allocate memory on CPU 3 (of node 0) on node -1, gfp=0x920(GFP_ATOMIC|__GFP_ZERO)
[  329.734803][    C3]   cache: kmalloc-1k, object size: 1024, buffer size: 2048, default order: 3, min order: 0
[  329.734856][    C3]   node 0: slabs: 4472, objs: 45540, free: 0
[  329.734964][    C3] SLUB: Unable to allocate memory on CPU 3 (of node 0) on node -1, gfp=0x920(GFP_ATOMIC|__GFP_ZERO)
[  329.735024][    C3]   cache: kmalloc-1k, object size: 1024, buffer size: 2048, default order: 3, min order: 0
[  329.735075][    C3]   node 0: slabs: 4472, objs: 45540, free: 0
[  329.736693][    C1]   cache: kmalloc-1k, object size: 1024, buffer size: 2048, default order: 3, min order: 0
[  329.740021][    C2]   cache: skbuff_head_cache, object size: 232, buffer size: 320, default order: 1, min order: 0
[  329.743214][    C1]   node 0: slabs: 4472, objs: 45540, free: 0
[  329.746419][    C2]   node 0: slabs: 6314, objs: 143992, free: 0
[  329.749836][    C1] SLUB: Unable to allocate memory on CPU 1 (of node 0) on node -1, gfp=0x920(GFP_ATOMIC|__GFP_ZERO)
[  329.752029][    C2] SLUB: Unable to allocate memory on CPU 2 (of node 0) on node -1, gfp=0x920(GFP_ATOMIC|__GFP_ZERO)
[  329.752772][    C0] SLUB: Unable to allocate memory on CPU 0 (of node 0) on node -1, gfp=0x920(GFP_ATOMIC|__GFP_ZERO)
[  329.752836][    C0]   cache: kmalloc-1k, object size: 1024, buffer size: 2048, default order: 3, min order: 0
[  329.752888][    C0]   node 0: slabs: 4472, objs: 45540, free: 0
[  329.753027][    C0] SLUB: Unable to allocate memory on CPU 0 (of node 0) on node -1, gfp=0x920(GFP_ATOMIC|__GFP_ZERO)
[  329.753087][    C0]   cache: kmalloc-1k, object size: 1024, buffer size: 2048, default order: 3, min order: 0
[  329.753138][    C0]   node 0: slabs: 4472, objs: 45540, free: 0
[  329.753245][    C0] SLUB: Unable to allocate memory on CPU 0 (of node 0) on node -1, gfp=0x920(GFP_ATOMIC|__GFP_ZERO)
[  329.753305][    C0]   cache: kmalloc-1k, object size: 1024, buffer size: 2048, default order: 3, min order: 0
[  329.753356][    C0]   node 0: slabs: 4472, objs: 45540, free: 0
[  329.753469][    C0] SLUB: Unable to allocate memory on CPU 0 (of node 0) on node -1, gfp=0x920(GFP_ATOMIC|__GFP_ZERO)
[  329.753528][    C0]   cache: kmalloc-1k, object size: 1024, buffer size: 2048, default order: 3, min order: 0
[  329.753580][    C0]   node 0: slabs: 4472, objs: 45540, free: 0
[  329.755113][    C1]   cache: kmalloc-1k, object size: 1024, buffer size: 2048, default order: 3, min order: 0
[  329.758132][    C2]   cache: kmalloc-1k, object size: 1024, buffer size: 2048, default order: 3, min order: 0
[  329.760153][    C1]   node 0: slabs: 4472, objs: 45540, free: 0
[  329.763141][    C2]   node 0: slabs: 4472, objs: 45540, free: 0
[  329.864832][    C1] net_ratelimit: 21 callbacks suppressed
[  329.864865][    C1] ICMPv6: ndisc: ndisc_alloc_skb failed to allocate an skb
[  329.869289][    C1] ICMPv6: ndisc: ndisc_alloc_skb failed to allocate an skb
[  329.871752][    C1] ICMPv6: ndisc: ndisc_alloc_skb failed to allocate an skb
[  329.874198][    C1] ICMPv6: ndisc: ndisc_alloc_skb failed to allocate an skb
[  329.876687][    C1] ICMPv6: ndisc: ndisc_alloc_skb failed to allocate an skb
[  329.879237][    C1] ICMPv6: ndisc: ndisc_alloc_skb failed to allocate an skb
[  331.270219][    C1] warn_alloc: 2929 callbacks suppressed
[  331.270254][    C1] syz.3.19: page allocation failure: order:0, mode:0x40820(GFP_ATOMIC|__GFP_COMP), nodemask=(null),cpuset=/,mems_allowed=0
[  331.276510][    C1] CPU: 1 UID: 0 PID: 1951 Comm: syz.3.19 Not tainted 6.13.0-rc7 #1
[  331.277442][    C1] Hardware name: QEMU Standard PC (i440FX + PIIX, 1996), BIOS 1.13.0-1ubuntu1.1 04/01/2014
[  331.277442][    C1] Call Trace:
[  331.277442][    C1]  <IRQ>
[  331.277442][    C1]  dump_stack_lvl+0x180/0x1b0
[  331.277442][    C1]  warn_alloc+0x1a8/0x2e0
[  331.277442][    C1]  ? __pfx_warn_alloc+0x10/0x10
[  331.277442][    C1]  ? srso_alias_return_thunk+0x5/0xfbef5
[  331.277442][    C1]  ? __pfx_get_page_from_freelist+0x10/0x10
[  331.277442][    C1]  ? srso_alias_return_thunk+0x5/0xfbef5
[  331.277442][    C1]  ? wake_all_kswapds+0x136/0x2f0
[  331.277442][    C1]  __alloc_pages_slowpath.constprop.0+0x1434/0x2170
[  331.277442][    C1]  ? __pfx_mark_lock+0x10/0x10
[  331.277442][    C1]  ? __pfx___alloc_pages_slowpath.constprop.0+0x10/0x10
[  331.277442][    C1]  ? __lock_acquire+0xdf4/0x4a10
[  331.277442][    C1]  ? __pfx_get_page_from_freelist+0x10/0x10
[  331.277442][    C1]  ? srso_alias_return_thunk+0x5/0xfbef5
[  331.277442][    C1]  ? srso_alias_return_thunk+0x5/0xfbef5
[  331.277442][    C1]  ? __sanitizer_cov_trace_pc+0x20/0x60
[  331.277442][    C1]  __alloc_pages_noprof+0x564/0x660
[  331.277442][    C1]  ? __pfx_mark_lock+0x10/0x10
[  331.277442][    C1]  ? __pfx___alloc_pages_noprof+0x10/0x10
[  331.277442][    C1]  ? srso_alias_return_thunk+0x5/0xfbef5
[  331.277442][    C1]  ? srso_alias_return_thunk+0x5/0xfbef5
[  331.277442][    C1]  ? __sanitizer_cov_trace_switch+0x54/0x90
[  331.277442][    C1]  ? srso_alias_return_thunk+0x5/0xfbef5
[  331.277442][    C1]  ? __sanitizer_cov_trace_pc+0x20/0x60
[  331.277442][    C1]  ? srso_alias_return_thunk+0x5/0xfbef5
[  331.277442][    C1]  ? policy_nodemask+0xeb/0x4e0
[  331.277442][    C1]  alloc_pages_mpol_noprof+0xf2/0x400
[  331.277442][    C1]  ? __pfx_alloc_pages_mpol_noprof+0x10/0x10
[  331.277442][    C1]  ? srso_alias_return_thunk+0x5/0xfbef5
[  331.277442][    C1]  ? write_comp_data+0x29/0x90
[  331.277442][    C1]  ? srso_alias_return_thunk+0x5/0xfbef5
[  331.277442][    C1]  ? __sanitizer_cov_trace_pc+0x20/0x60
[  331.277442][    C1]  new_slab+0x2df/0x3f0
[  331.277442][    C1]  ? __sanitizer_cov_trace_pc+0x20/0x60
[  331.277442][    C1]  ___slab_alloc+0xdde/0x16d0
[  331.277442][    C1]  ? cfg80211_inform_single_bss_data+0x53a/0x20e0
[  331.277442][    C1]  ? ___slab_alloc+0x46/0x16d0
[  331.277442][    C1]  ? __pfx___lock_acquire+0x10/0x10
[  331.277442][    C1]  ? srso_alias_return_thunk+0x5/0xfbef5
[  331.277442][    C1]  ? write_comp_data+0x29/0x90
[  331.277442][    C1]  ? srso_alias_return_thunk+0x5/0xfbef5
[  331.277442][    C1]  ? __sanitizer_cov_trace_pc+0x20/0x60
[  331.277442][    C1]  ? cfg80211_inform_single_bss_data+0x53a/0x20e0
[  331.277442][    C1]  ? __slab_alloc.isra.0+0x56/0xb0
[  331.277442][    C1]  ? srso_alias_return_thunk+0x5/0xfbef5
[  331.277442][    C1]  __slab_alloc.isra.0+0x56/0xb0
[  331.277442][    C1]  ? cfg80211_inform_single_bss_data+0x53a/0x20e0
[  331.277442][    C1]  __kmalloc_noprof+0x2a0/0x570
[  331.277442][    C1]  ? srso_alias_return_thunk+0x5/0xfbef5
[  331.277442][    C1]  ? write_comp_data+0x29/0x90
[  331.277442][    C1]  ? cfg80211_inform_single_bss_data+0x53a/0x20e0
[  331.277442][    C1]  ? srso_alias_return_thunk+0x5/0xfbef5
[  331.277442][    C1]  cfg80211_inform_single_bss_data+0x53a/0x20e0
[  331.277442][    C1]  ? __pfx_cfg80211_inform_single_bss_data+0x10/0x10
[  331.277442][    C1]  ? srso_alias_return_thunk+0x5/0xfbef5
[  331.277442][    C1]  ? __kernel_text_address+0xd/0x40
[  331.277442][    C1]  ? cfg80211_inform_bss_data+0x1d7/0x480
[  331.277442][    C1]  ? srso_alias_return_thunk+0x5/0xfbef5
[  331.277442][    C1]  cfg80211_inform_bss_data+0x1d7/0x480
[  331.277442][    C1]  ? __pfx_cfg80211_inform_bss_data+0x10/0x10
[  331.277442][    C1]  ? ieee80211_bss_info_update+0x2c1/0xb00
[  331.277442][    C1]  ? srso_alias_return_thunk+0x5/0xfbef5
[  331.277442][    C1]  cfg80211_inform_bss_frame_data+0x26a/0x6e0
[  331.277442][    C1]  ieee80211_bss_info_update+0x303/0xb00
[  331.277442][    C1]  ? srso_alias_return_thunk+0x5/0xfbef5
[  331.402677][    C1]  ? __pfx_ieee80211_bss_info_update+0x10/0x10
[  331.402677][    C1]  ? kcov_remote_start+0x341/0x680
[  331.402677][    C1]  ? srso_alias_return_thunk+0x5/0xfbef5
[  331.402677][    C1]  ? srso_alias_return_thunk+0x5/0xfbef5
[  331.402677][    C1]  ? __sanitizer_cov_trace_pc+0x20/0x60
[  331.402677][    C1]  ? srso_alias_return_thunk+0x5/0xfbef5
[  331.402677][    C1]  ? ieee80211_get_channel_khz+0x163/0x210
[  331.402677][    C1]  ieee80211_scan_rx+0x474/0xac0
[  331.402677][    C1]  ? write_comp_data+0x29/0x90
[  331.402677][    C1]  ? srso_alias_return_thunk+0x5/0xfbef5
[  331.402677][    C1]  ? srso_alias_return_thunk+0x5/0xfbef5
[  331.402677][    C1]  ieee80211_rx_list+0x1f62/0x2a80
[  331.402677][    C1]  ? srso_alias_return_thunk+0x5/0xfbef5
[  331.402677][    C1]  ? __pfx_ieee80211_rx_list+0x10/0x10
[  331.402677][    C1]  ? srso_alias_return_thunk+0x5/0xfbef5
[  331.402677][    C1]  ieee80211_rx_napi+0xe2/0x410
[  331.402677][    C1]  ? __pfx_ieee80211_rx_napi+0x10/0x10
[  331.402677][    C1]  ? write_comp_data+0x29/0x90
[  331.402677][    C1]  ieee80211_handle_queued_frames+0xd9/0x130
[  331.402677][    C1]  tasklet_action_common+0x279/0x810
[  331.402677][    C1]  handle_softirqs+0x1ad/0x870
[  331.402677][    C1]  irq_exit_rcu+0xee/0x140
[  331.402677][    C1]  sysvec_apic_timer_interrupt+0x94/0xb0
[  331.402677][    C1]  </IRQ>
[  331.402677][    C1]  <TASK>
[  331.402677][    C1]  asm_sysvec_apic_timer_interrupt+0x1a/0x20
[  331.402677][    C1] RIP: 0010:madvise_cold_or_pageout_pte_range+0x740/0x1fb0
[  331.402677][    C1] Code: 24 28 e8 53 b3 ca ff 48 85 ed 0f 85 f3 fe ff ff e8 e5 b0 ca ff 48 81 c5 00 10 00 00 49 83 c5 08 e8 d5 b0 ca ff 4c 39 6c 24 20 <0f> 87 11 ff ff ff 4c 8b 7c 24 60 4c 8b 74 24 50 e8 bb b0 ca ff 4c
[  331.402677][    C1] RSP: 0018:ffa000000c92f5c8 EFLAGS: 00000202
[  331.402677][    C1] RAX: 0000000001925e00 RBX: 0000000000000001 RCX: ffffffffa13eea1e
[  331.402677][    C1] RDX: 0000000000000001 RSI: ff110000274fc680 RDI: 0000000000000002
[  331.402677][    C1] RBP: 8000000021ad9005 R08: fff3fc0001925e00 R09: fffa7c000010d001
[  331.402677][    C1] R10: fffa7c000010d000 R11: ffd4000000868007 R12: 0000000000000001
[  331.402677][    C1] R13: ff11000017ff18c0 R14: 00007ffa1f23f001 R15: 0000000000021c00
[  331.402677][    C1]  ? madvise_cold_or_pageout_pte_range+0x62e/0x1fb0
[  331.402677][    C1]  ? madvise_cold_or_pageout_pte_range+0x73b/0x1fb0
[  331.402677][    C1]  ? __pfx_madvise_cold_or_pageout_pte_range+0x10/0x10
[  331.402677][    C1]  ? find_held_lock+0x2c/0x110
[  331.402677][    C1]  ? __pfx_madvise_cold_or_pageout_pte_range+0x10/0x10
[  331.402677][    C1]  walk_pgd_range+0xbfd/0x1c60
[  331.402677][    C1]  ? __pfx_walk_pgd_range+0x10/0x10
[  331.402677][    C1]  __walk_page_range+0x162/0x870
[  331.402677][    C1]  ? srso_alias_return_thunk+0x5/0xfbef5
[  331.402677][    C1]  ? find_vma+0xc0/0x140
[  331.402677][    C1]  ? srso_alias_return_thunk+0x5/0xfbef5
[  331.402677][    C1]  ? write_comp_data+0x29/0x90
[  331.402677][    C1]  ? srso_alias_return_thunk+0x5/0xfbef5
[  331.402677][    C1]  ? __sanitizer_cov_trace_pc+0x20/0x60
[  331.402677][    C1]  ? srso_alias_return_thunk+0x5/0xfbef5
[  331.402677][    C1]  ? srso_alias_return_thunk+0x5/0xfbef5
[  331.402677][    C1]  walk_page_range_mm+0x422/0x900
[  331.402677][    C1]  ? __pfx_walk_page_range_mm+0x10/0x10
[  331.402677][    C1]  ? write_comp_data+0x29/0x90
[  331.402677][    C1]  ? srso_alias_return_thunk+0x5/0xfbef5
[  331.402677][    C1]  ? lru_add_drain_cpu+0x478/0x850
[  331.402677][    C1]  walk_page_range+0x65/0x90
[  331.402677][    C1]  madvise_pageout+0x310/0x7e0
[  331.402677][    C1]  ? __pfx_madvise_pageout+0x10/0x10
[  331.402677][    C1]  ? srso_alias_return_thunk+0x5/0xfbef5
[  331.402677][    C1]  ? find_held_lock+0x2c/0x110
[  331.402677][    C1]  ? __pfx_lock_release+0x10/0x10
[  331.402677][    C1]  ? srso_alias_return_thunk+0x5/0xfbef5
[  331.402677][    C1]  ? write_comp_data+0x29/0x90
[  331.402677][    C1]  ? srso_alias_return_thunk+0x5/0xfbef5
[  331.402677][    C1]  ? write_comp_data+0x29/0x90
[  331.402677][    C1]  madvise_vma_behavior+0x1386/0x2320
[  331.402677][    C1]  ? mt_find+0x811/0xa80
[  331.402677][    C1]  ? __pfx_madvise_vma_behavior+0x10/0x10
[  331.402677][    C1]  ? srso_alias_return_thunk+0x5/0xfbef5
[  331.402677][    C1]  ? srso_alias_return_thunk+0x5/0xfbef5
[  331.402677][    C1]  ? srso_alias_return_thunk+0x5/0xfbef5
[  331.402677][    C1]  ? find_vma+0xc0/0x140
[  331.402677][    C1]  ? __pfx_find_vma+0x10/0x10
[  331.402677][    C1]  ? srso_alias_return_thunk+0x5/0xfbef5
[  331.402677][    C1]  ? srso_alias_return_thunk+0x5/0xfbef5
[  331.402677][    C1]  do_madvise+0x5f6/0x9c0
[  331.402677][    C1]  ? __pfx_do_madvise+0x10/0x10
[  331.402677][    C1]  ? srso_alias_return_thunk+0x5/0xfbef5
[  331.402677][    C1]  ? put_timespec64+0xcf/0x130
[  331.402677][    C1]  ? __pfx_put_timespec64+0x10/0x10
[  331.402677][    C1]  ? __x64_sys_futex+0x1d3/0x4d0
[  331.402677][    C1]  ? syscall_exit_to_user_mode+0xd0/0x270
[  331.402677][    C1]  __x64_sys_madvise+0xa9/0x110
[  331.402677][    C1]  ? srso_alias_return_thunk+0x5/0xfbef5
[  331.402677][    C1]  ? lockdep_hardirqs_on+0x7c/0x110
[  331.402677][    C1]  do_syscall_64+0xc3/0x1d0
[  331.402677][    C1]  entry_SYSCALL_64_after_hwframe+0x77/0x7f
[  331.402677][    C1] RIP: 0033:0x7ffa1f90dadd
[  331.402677][    C1] Code: 02 b8 ff ff ff ff c3 66 0f 1f 44 00 00 f3 0f 1e fa 48 89 f8 48 89 f7 48 89 d6 48 89 ca 4d 89 c2 4d 89 c8 4c 8b 4c 24 08 0f 05 <48> 3d 01 f0 ff ff 73 01 c3 48 c7 c1 b0 ff ff ff f7 d8 64 89 01 48
[  331.402677][    C1] RSP: 002b:00007ffa1f35fba8 EFLAGS: 00000246 ORIG_RAX: 000000000000001c
[  331.402677][    C1] RAX: ffffffffffffffda RBX: 00007ffa1fb06fa0 RCX: 00007ffa1f90dadd
[  331.402677][    C1] RDX: 0000000000000015 RSI: 7fffffffffffffff RDI: 0000000020000000
[  331.402677][    C1] RBP: 00007ffa1f98bb8f R08: 0000000000000000 R09: 0000000000000000
[  331.402677][    C1] R10: 0000000000000000 R11: 0000000000000246 R12: 0000000000000000
[  331.402677][    C1] R13: 00007ffa1fb06fac R14: 00007ffa1fb07038 R15: 00007ffa1f35fd40
[  331.402677][    C1]  </TASK>
[  331.593262][    C1] Mem-Info:
[  331.594380][    C1] active_anon:224 inactive_anon:40954 isolated_anon:125
[  331.594380][    C1]  active_file:531 inactive_file:530 isolated_file:0
[  331.594380][    C1]  unevictable:1536 dirty:465 writeback:17
[  331.594380][    C1]  slab_reclaimable:9348 slab_unreclaimable:265753
[  331.594380][    C1]  mapped:2621 shmem:2040 pagetables:680
[  331.594380][    C1]  sec_pagetables:0 bounce:0
[  331.594380][    C1]  kernel_misc_reclaimable:0
[  331.594380][    C1]  free:191 free_pcp:1090 free_cma:0
[  331.608690][    C1] Node 0 active_anon:896kB inactive_anon:163816kB active_file:2124kB inactive_file:2120kB unevictable:6144kB isolated(anon):500kB isolated(file):0kB mapped:10484kB dirty:1860kB writeback:68kB shmem:8160kB writeback_tmp:0kB kernel_stack:9280kB pagetables:2720kB sec_pagetables:0kB all_unreclaimable? no
[  331.617761][    C1] Node 0 DMA free:0kB boost:0kB min:52kB low:64kB high:76kB reserved_highatomic:0KB active_anon:0kB inactive_anon:0kB active_file:0kB inactive_file:0kB unevictable:0kB writepending:0kB present:15992kB managed:15360kB mlocked:0kB bounce:0kB free_pcp:0kB local_pcp:0kB free_cma:0kB
[  331.626252][    C1] lowmem_reserve[]: 0 1301 0 0
[  331.628002][    C1] Node 0 DMA32 free:764kB boost:10876kB min:15464kB low:16796kB high:18128kB reserved_highatomic:12288KB active_anon:896kB inactive_anon:163816kB active_file:2124kB inactive_file:2120kB unevictable:6144kB writepending:1928kB present:2080640kB managed:1356844kB mlocked:0kB bounce:0kB free_pcp:4360kB local_pcp:1260kB free_cma:0kB
[  331.637976][    C1] lowmem_reserve[]: 0 0 0 0
[  331.639678][    C1] Node 0 DMA: 0*4kB 0*8kB 0*16kB 0*32kB 0*64kB 0*128kB 0*256kB 0*512kB 0*1024kB 0*2048kB 0*4096kB = 0kB
[  331.643683][    C1] Node 0 DMA32: 192*4kB (UM) 1*8kB (U) 0*16kB 0*32kB 0*64kB 0*128kB 0*256kB 0*512kB 0*1024kB 0*2048kB 0*4096kB = 776kB
[  331.648106][    C1] Node 0 hugepages_total=0 hugepages_free=0 hugepages_surp=0 hugepages_size=2048kB
[  331.651154][    C1] 3118 total pagecache pages
[  331.652865][    C1] 17 pages in swap cache
[  331.654314][    C1] Free swap  = 123964kB
[  331.655770][    C1] Total swap = 124996kB
[  331.657260][    C1] 524158 pages RAM
[  331.658572][    C1] 0 pages HighMem/MovableOnly
[  331.660235][    C1] 181107 pages reserved
[  333.959714][    C2] ICMPv6: ndisc: ndisc_alloc_skb failed to allocate an skb
[  333.961085][    C3] ICMPv6: ndisc: ndisc_alloc_skb failed to allocate an skb
[  333.961208][    C1] ICMPv6: ndisc: ndisc_alloc_skb failed to allocate an skb
[  333.961270][    C1] ICMPv6: ndisc: ndisc_alloc_skb failed to allocate an skb
[  334.751885][    C1] slab_out_of_memory: 5845 callbacks suppressed
[  334.751922][    C1] SLUB: Unable to allocate memory on CPU 1 (of node 0) on node -1, gfp=0x920(GFP_ATOMIC|__GFP_ZERO)
[  334.752243][    C2] SLUB: Unable to allocate memory on CPU 2 (of node 0) on node -1, gfp=0x920(GFP_ATOMIC|__GFP_ZERO)
[  334.752290][    C0] SLUB: Unable to allocate memory on CPU 0 (of node 0) on node -1, gfp=0x920(GFP_ATOMIC|__GFP_ZERO)
[  334.752355][    C0]   cache: kmalloc-96, object size: 96, buffer size: 128, default order: 0, min order: 0
[  334.752426][    C0]   node 0: slabs: 1292, objs: 41344, free: 0
[  334.752523][    C0] SLUB: Unable to allocate memory on CPU 0 (of node 0) on node -1, gfp=0x920(GFP_ATOMIC|__GFP_ZERO)
[  334.752582][    C0]   cache: kmalloc-96, object size: 96, buffer size: 128, default order: 0, min order: 0
[  334.752709][    C0]   node 0: slabs: 1292, objs: 41344, free: 0
[  334.752713][    C3] SLUB: Unable to allocate memory on CPU 3 (of node 0) on node -1, gfp=0x920(GFP_ATOMIC|__GFP_ZERO)
[  334.752778][    C3]   cache: kmalloc-1k, object size: 1024, buffer size: 2048, default order: 3, min order: 0
[  334.752792][    C0] SLUB: Unable to allocate memory on CPU 0 (of node 0) on node -1, gfp=0x920(GFP_ATOMIC|__GFP_ZERO)
[  334.752831][    C3]   node 0: slabs: 4507, objs: 45610, free: 0
[  334.752852][    C0]   cache: kmalloc-96, object size: 96, buffer size: 128, default order: 0, min order: 0
[  334.752923][    C0]   node 0: slabs: 1292, objs: 41344, free: 0
[  334.752984][    C3] SLUB: Unable to allocate memory on CPU 3 (of node 0) on node -1, gfp=0x920(GFP_ATOMIC|__GFP_ZERO)
[  334.753005][    C0] SLUB: Unable to allocate memory on CPU 0 (of node 0) on node -1, gfp=0x920(GFP_ATOMIC|__GFP_ZERO)
[  334.753045][    C3]   cache: kmalloc-1k, object size: 1024, buffer size: 2048, default order: 3, min order: 0
[  334.753065][    C0]   cache: kmalloc-96, object size: 96, buffer size: 128, default order: 0, min order: 0
[  334.753098][    C3]   node 0: slabs: 4507, objs: 45610, free: 0
[  334.753116][    C0]   node 0: slabs: 1292, objs: 41344, free: 0
[  334.753221][   T59] SLUB: Unable to allocate memory on CPU 0 (of node 0) on node -1, gfp=0x920(GFP_ATOMIC|__GFP_ZERO)
[  334.753278][   T59]   cache: kmalloc-1k, object size: 1024, buffer size: 2048, default order: 3, min order: 0
[  334.753327][   T59]   node 0: slabs: 4507, objs: 45610, free: 0
[  334.753418][   T59] SLUB: Unable to allocate memory on CPU 0 (of node 0) on node -1, gfp=0x920(GFP_ATOMIC|__GFP_ZERO)
[  334.753474][   T59]   cache: kmalloc-1k, object size: 1024, buffer size: 2048, default order: 3, min order: 0
[  334.753522][   T59]   node 0: slabs: 4507, objs: 45610, free: 0
[  334.754114][    C1]   cache: kmalloc-96, object size: 96, buffer size: 128, default order: 0, min order: 0
[  334.757660][    C2]   cache: kmalloc-96, object size: 96, buffer size: 128, default order: 0, min order: 0
[  334.760972][    C1]   node 0: slabs: 1292, objs: 41344, free: 0
[  334.764297][    C2]   node 0: slabs: 1292, objs: 41344, free: 0
[  338.056693][    C0] net_ratelimit: 2 callbacks suppressed
[  338.056733][    C0] ICMPv6: ndisc: ndisc_alloc_skb failed to allocate an skb
[  338.056740][    C3] ICMPv6: ndisc: ndisc_alloc_skb failed to allocate an skb
[  339.769173][    C3] slab_out_of_memory: 5814 callbacks suppressed
[  339.769210][    C3] SLUB: Unable to allocate memory on CPU 3 (of node 0) on node -1, gfp=0x20820(GFP_ATOMIC|__GFP_MEMALLOC)
[  339.769403][    C1] SLUB: Unable to allocate memory on CPU 1 (of node 0) on node -1, gfp=0x920(GFP_ATOMIC|__GFP_ZERO)
[  339.769677][    C2] SLUB: Unable to allocate memory on CPU 2 (of node 0) on node -1, gfp=0x920(GFP_ATOMIC|__GFP_ZERO)
[  339.769748][    C2]   cache: kmalloc-96, object size: 96, buffer size: 128, default order: 0, min order: 0
[  339.769800][    C2]   node 0: slabs: 1293, objs: 41376, free: 0
[  339.769801][    C0] SLUB: Unable to allocate memory on CPU 0 (of node 0) on node -1, gfp=0x920(GFP_ATOMIC|__GFP_ZERO)
[  339.769865][    C0]   cache: kmalloc-96, object size: 96, buffer size: 128, default order: 0, min order: 0
[  339.769895][    C2] SLUB: Unable to allocate memory on CPU 2 (of node 0) on node -1, gfp=0x920(GFP_ATOMIC|__GFP_ZERO)
[  339.769917][    C0]   node 0: slabs: 1293, objs: 41376, free: 0
[  339.769954][    C2]   cache: kmalloc-96, object size: 96, buffer size: 128, default order: 0, min order: 0
[  339.770005][    C2]   node 0: slabs: 1293, objs: 41376, free: 0
[  339.770013][    C0] SLUB: Unable to allocate memory on CPU 0 (of node 0) on node -1, gfp=0x920(GFP_ATOMIC|__GFP_ZERO)
[  339.770073][    C0]   cache: kmalloc-96, object size: 96, buffer size: 128, default order: 0, min order: 0
[  339.770085][    C2] SLUB: Unable to allocate memory on CPU 2 (of node 0) on node -1, gfp=0x920(GFP_ATOMIC|__GFP_ZERO)
[  339.770124][    C0]   node 0: slabs: 1293, objs: 41376, free: 0
[  339.770144][    C2]   cache: kmalloc-96, object size: 96, buffer size: 128, default order: 0, min order: 0
[  339.770195][    C2]   node 0: slabs: 1293, objs: 41376, free: 0
[  339.770204][    C0] SLUB: Unable to allocate memory on CPU 0 (of node 0) on node -1, gfp=0x920(GFP_ATOMIC|__GFP_ZERO)
[  339.770263][    C0]   cache: kmalloc-96, object size: 96, buffer size: 128, default order: 0, min order: 0
[  339.770275][    C2] SLUB: Unable to allocate memory on CPU 2 (of node 0) on node -1, gfp=0x920(GFP_ATOMIC|__GFP_ZERO)
[  339.770327][    C0]   node 0: slabs: 1293, objs: 41376, free: 0
[  339.770346][    C2]   cache: kmalloc-96, object size: 96, buffer size: 128, default order: 0, min order: 0
[  339.770397][    C2]   node 0: slabs: 1293, objs: 41376, free: 0
[  339.770407][    C0] SLUB: Unable to allocate memory on CPU 0 (of node 0) on node -1, gfp=0x920(GFP_ATOMIC|__GFP_ZERO)
[  339.770466][    C0]   cache: kmalloc-96, object size: 96, buffer size: 128, default order: 0, min order: 0
[  339.770516][    C0]   node 0: slabs: 1293, objs: 41376, free: 0
[  339.771398][    C3]   cache: skbuff_head_cache, object size: 232, buffer size: 320, default order: 1, min order: 0
[  339.774973][    C1]   cache: kmalloc-96, object size: 96, buffer size: 128, default order: 0, min order: 0
[  339.778295][    C3]   node 0: slabs: 6598, objs: 149844, free: 0
[  339.781695][    C1]   node 0: slabs: 1293, objs: 41376, free: 0
[  343.967684][    C0] warn_alloc: 11603 callbacks suppressed
[  343.967719][    C0] kworker/0:6: page allocation failure: order:0, mode:0x40820(GFP_ATOMIC|__GFP_COMP), nodemask=(null),cpuset=/,mems_allowed=0
[  343.973878][    C0] CPU: 0 UID: 0 PID: 1653 Comm: kworker/0:6 Not tainted 6.13.0-rc7 #1
[  343.974811][    C0] Hardware name: QEMU Standard PC (i440FX + PIIX, 1996), BIOS 1.13.0-1ubuntu1.1 04/01/2014
[  343.974811][    C0] Workqueue: events_freezable_pwr_efficient disk_events_workfn
[  343.974811][    C0] Call Trace:
[  343.974811][    C0]  <IRQ>
[  343.974811][    C0]  dump_stack_lvl+0x180/0x1b0
[  343.974811][    C0]  warn_alloc+0x1a8/0x2e0
[  343.974811][    C0]  ? __pfx_warn_alloc+0x10/0x10
[  343.974811][    C0]  ? mark_lock+0xfe/0x12d0
[  343.974811][    C0]  ? srso_alias_return_thunk+0x5/0xfbef5
[  343.974811][    C0]  ? __pfx_get_page_from_freelist+0x10/0x10
[  343.974811][    C0]  ? srso_alias_return_thunk+0x5/0xfbef5
[  343.974811][    C0]  ? wake_all_kswapds+0x136/0x2f0
[  343.974811][    C0]  __alloc_pages_slowpath.constprop.0+0x1434/0x2170
[  343.974811][    C0]  ? __pfx_mark_lock+0x10/0x10
[  343.974811][    C0]  ? __pfx___alloc_pages_slowpath.constprop.0+0x10/0x10
[  343.974811][    C0]  ? srso_alias_return_thunk+0x5/0xfbef5
[  343.974811][    C0]  ? __pfx_get_page_from_freelist+0x10/0x10
[  343.974811][    C0]  ? srso_alias_return_thunk+0x5/0xfbef5
[  343.974811][    C0]  ? __lock_acquire+0x1748/0x4a10
[  343.974811][    C0]  ? srso_alias_return_thunk+0x5/0xfbef5
[  343.974811][    C0]  ? srso_alias_return_thunk+0x5/0xfbef5
[  343.974811][    C0]  ? __sanitizer_cov_trace_pc+0x20/0x60
[  343.974811][    C0]  __alloc_pages_noprof+0x564/0x660
[  343.974811][    C0]  ? mark_lock+0xfe/0x12d0
[  343.974811][    C0]  ? __pfx___alloc_pages_noprof+0x10/0x10
[  343.974811][    C0]  ? __pfx___lock_acquire+0x10/0x10
[  343.974811][    C0]  ? srso_alias_return_thunk+0x5/0xfbef5
[  343.974811][    C0]  ? srso_alias_return_thunk+0x5/0xfbef5
[  343.974811][    C0]  ? __sanitizer_cov_trace_switch+0x54/0x90
[  343.974811][    C0]  ? srso_alias_return_thunk+0x5/0xfbef5
[  343.974811][    C0]  ? __sanitizer_cov_trace_pc+0x20/0x60
[  343.974811][    C0]  ? srso_alias_return_thunk+0x5/0xfbef5
[  343.974811][    C0]  ? policy_nodemask+0xeb/0x4e0
[  343.974811][    C0]  alloc_pages_mpol_noprof+0xf2/0x400
[  343.974811][    C0]  ? __pfx_alloc_pages_mpol_noprof+0x10/0x10
[  343.974811][    C0]  ? srso_alias_return_thunk+0x5/0xfbef5
[  343.974811][    C0]  ? write_comp_data+0x29/0x90
[  343.974811][    C0]  ? srso_alias_return_thunk+0x5/0xfbef5
[  343.974811][    C0]  ? __sanitizer_cov_trace_pc+0x20/0x60
[  343.974811][    C0]  new_slab+0x2df/0x3f0
[  343.974811][    C0]  ? __sanitizer_cov_trace_pc+0x20/0x60
[  343.974811][    C0]  ___slab_alloc+0xdde/0x16d0
[  343.974811][    C0]  ? __alloc_skb+0x2ad/0x370
[  343.974811][    C0]  ? ___slab_alloc+0x46/0x16d0
[  343.974811][    C0]  ? srso_alias_return_thunk+0x5/0xfbef5
[  343.974811][    C0]  ? lockdep_hardirqs_on+0x7c/0x110
[  343.974811][    C0]  ? srso_alias_return_thunk+0x5/0xfbef5
[  343.974811][    C0]  ? __alloc_skb+0x2ad/0x370
[  343.974811][    C0]  ? __slab_alloc.isra.0+0x56/0xb0
[  343.974811][    C0]  ? srso_alias_return_thunk+0x5/0xfbef5
[  343.974811][    C0]  __slab_alloc.isra.0+0x56/0xb0
[  343.974811][    C0]  kmem_cache_alloc_node_noprof+0x202/0x430
[  343.974811][    C0]  ? __alloc_skb+0x2ad/0x370
[  343.974811][    C0]  ? srso_alias_return_thunk+0x5/0xfbef5
[  343.974811][    C0]  __alloc_skb+0x2ad/0x370
[  343.974811][    C0]  ? __pfx___alloc_skb+0x10/0x10
[  343.974811][    C0]  ? srso_alias_return_thunk+0x5/0xfbef5
[  343.974811][    C0]  ? do_raw_spin_lock+0x1de/0x290
[  343.974811][    C0]  ? __pfx_do_raw_spin_lock+0x10/0x10
[  343.974811][    C0]  skb_copy+0x1d3/0x3b0
[  343.974811][    C0]  ? write_comp_data+0x29/0x90
[  343.974811][    C0]  mac80211_hwsim_tx_frame_no_nl.isra.0+0xb3e/0x1310
[  343.974811][    C0]  ? __pfx_mac80211_hwsim_tx_frame_no_nl.isra.0+0x10/0x10
[  343.974811][    C0]  ? __entry_text_end+0x102145/0x102149
[  343.974811][    C0]  ? srso_alias_return_thunk+0x5/0xfbef5
[  343.974811][    C0]  ? mac80211_hwsim_monitor_rx.isra.0+0x1cb/0x860
[  343.974811][    C0]  mac80211_hwsim_tx_frame+0x1f0/0x2a0
[  343.974811][    C0]  mac80211_hwsim_beacon_tx+0x5c0/0xa50
[  343.974811][    C0]  ? srso_alias_return_thunk+0x5/0xfbef5
[  343.974811][    C0]  ? write_comp_data+0x29/0x90
[  343.974811][    C0]  ? srso_alias_return_thunk+0x5/0xfbef5
[  343.974811][    C0]  __iterate_interfaces+0x16f/0x5b0
[  343.974811][    C0]  ? __pfx_mac80211_hwsim_beacon_tx+0x10/0x10
[  343.974811][    C0]  ? __pfx_mac80211_hwsim_beacon_tx+0x10/0x10
[  343.974811][    C0]  ieee80211_iterate_active_interfaces_atomic+0x71/0x1b0
[  343.974811][    C0]  mac80211_hwsim_beacon+0x105/0x200
[  343.974811][    C0]  __hrtimer_run_queues+0x1b5/0xca0
[  343.974811][    C0]  ? __pfx_mac80211_hwsim_beacon+0x10/0x10
[  343.974811][    C0]  ? __pfx___hrtimer_run_queues+0x10/0x10
[  343.974811][    C0]  ? srso_alias_return_thunk+0x5/0xfbef5
[  343.974811][    C0]  ? __sanitizer_cov_trace_pc+0x20/0x60
[  343.974811][    C0]  ? srso_alias_return_thunk+0x5/0xfbef5
[  343.974811][    C0]  hrtimer_run_softirq+0x17f/0x2e0
[  343.974811][    C0]  handle_softirqs+0x1ad/0x870
[  343.974811][    C0]  irq_exit_rcu+0xee/0x140
[  343.974811][    C0]  sysvec_apic_timer_interrupt+0x94/0xb0
[  343.974811][    C0]  </IRQ>
[  343.974811][    C0]  <TASK>
[  343.974811][    C0]  asm_sysvec_apic_timer_interrupt+0x1a/0x20
[  343.974811][    C0] RIP: 0010:const_folio_flags.constprop.0+0x46/0x70
[  343.974811][    C0] Code: fa 48 c1 ea 03 80 3c 02 00 75 3e 49 8b 5c 24 08 31 ff 83 e3 01 48 89 de e8 97 a5 e1 ff 48 85 db 75 10 e8 2d a3 e1 ff 4c 89 e0 <5b> 41 5c e9 2d 48 c8 07 e8 1d a3 e1 ff 48 c7 c6 40 d3 0f a9 4c 89
[  343.974811][    C0] RSP: 0018:ffa0000004566c00 EFLAGS: 00000246
[  343.974811][    C0] RAX: ffd400000068e3c0 RBX: 0000000000000000 RCX: ffffffffa127f8c9
[  343.974811][    C0] RDX: 0000000000000000 RSI: ff11000023538000 RDI: 0000000000000002
[  343.974811][    C0] RBP: ffa0000004566ff8 R08: 0000000000000000 R09: ff11000023538a38
[  343.974811][    C0] R10: fffffbfff5a77b5a R11: ffffffffad3bdad7 R12: ffd400000068e3c0
[  343.974811][    C0] R13: 0000000000000020 R14: ffd400000068e3c0 R15: ffa0000004566ff8
[  343.974811][    C0]  ? const_folio_flags.constprop.0+0x39/0x70
[  343.974811][    C0]  shrink_folio_list+0x6de/0x3b80
[  343.974811][    C0]  ? __pfx_shrink_folio_list+0x10/0x10
[  343.974811][    C0]  ? srso_alias_return_thunk+0x5/0xfbef5
[  343.974811][    C0]  ? find_held_lock+0x2c/0x110
[  343.974811][    C0]  ? isolate_lru_folios+0x83d/0x13d0
[  343.974811][    C0]  ? srso_alias_return_thunk+0x5/0xfbef5
[  343.974811][    C0]  ? srso_alias_return_thunk+0x5/0xfbef5
[  343.974811][    C0]  ? mark_lock+0xfe/0x12d0
[  343.974811][    C0]  ? srso_alias_return_thunk+0x5/0xfbef5
[  343.974811][    C0]  ? __sanitizer_cov_trace_pc+0x20/0x60
[  343.974811][    C0]  ? srso_alias_return_thunk+0x5/0xfbef5
[  343.974811][    C0]  ? isolate_lru_folios+0xc61/0x13d0
[  343.974811][    C0]  ? __pfx_mark_lock+0x10/0x10
[  343.974811][    C0]  ? srso_alias_return_thunk+0x5/0xfbef5
[  343.974811][    C0]  ? find_held_lock+0x2c/0x110
[  343.974811][    C0]  ? shrink_inactive_list+0x358/0xba0
[  343.974811][    C0]  ? srso_alias_return_thunk+0x5/0xfbef5
[  343.974811][    C0]  ? srso_alias_return_thunk+0x5/0xfbef5
[  343.974811][    C0]  ? mark_held_locks+0x9e/0xe0
[  343.974811][    C0]  ? _raw_spin_unlock_irq+0x23/0x50
[  343.974811][    C0]  ? _raw_spin_unlock_irq+0x23/0x50
[  343.974811][    C0]  shrink_inactive_list+0x3ec/0xba0
[  343.974811][    C0]  ? __pfx_shrink_inactive_list+0x10/0x10
[  343.974811][    C0]  ? srso_alias_return_thunk+0x5/0xfbef5
[  343.974811][    C0]  shrink_lruvec+0x5ee/0x1060
[  343.974811][    C0]  ? __pfx_shrink_lruvec+0x10/0x10
[  343.974811][    C0]  ? srso_alias_return_thunk+0x5/0xfbef5
[  343.974811][    C0]  ? find_held_lock+0x2c/0x110
[  343.974811][    C0]  ? srso_alias_return_thunk+0x5/0xfbef5
[  343.974811][    C0]  shrink_node+0x5f2/0x1790
[  343.974811][    C0]  ? srso_alias_return_thunk+0x5/0xfbef5
[  343.974811][    C0]  do_try_to_free_pages+0x2e8/0x12d0
[  343.974811][    C0]  ? srso_alias_return_thunk+0x5/0xfbef5
[  343.974811][    C0]  try_to_free_pages+0x2b1/0x6b0
[  343.974811][    C0]  ? __pfx_try_to_free_pages+0x10/0x10
[  343.974811][    C0]  ? fs_reclaim_acquire+0xae/0x150
[  343.974811][    C0]  __alloc_pages_slowpath.constprop.0+0x5b2/0x2170
[  343.974811][    C0]  ? find_held_lock+0x2c/0x110
[  343.974811][    C0]  ? __pfx___alloc_pages_slowpath.constprop.0+0x10/0x10
[  343.974811][    C0]  ? __pfx_get_page_from_freelist+0x10/0x10
[  343.974811][    C0]  ? srso_alias_return_thunk+0x5/0xfbef5
[  343.974811][    C0]  ? srso_alias_return_thunk+0x5/0xfbef5
[  343.974811][    C0]  ? __sanitizer_cov_trace_pc+0x20/0x60
[  343.974811][    C0]  __alloc_pages_noprof+0x564/0x660
[  343.974811][    C0]  ? __pfx___alloc_pages_noprof+0x10/0x10
[  343.974811][    C0]  ? srso_alias_return_thunk+0x5/0xfbef5
[  343.974811][    C0]  ? srso_alias_return_thunk+0x5/0xfbef5
[  343.974811][    C0]  ? srso_alias_return_thunk+0x5/0xfbef5
[  343.974811][    C0]  ? write_comp_data+0x29/0x90
[  343.974811][    C0]  ? srso_alias_return_thunk+0x5/0xfbef5
[  343.974811][    C0]  ? __sanitizer_cov_trace_pc+0x20/0x60
[  343.974811][    C0]  ? srso_alias_return_thunk+0x5/0xfbef5
[  343.974811][    C0]  ? policy_nodemask+0xeb/0x4e0
[  343.974811][    C0]  alloc_pages_mpol_noprof+0xf2/0x400
[  343.974811][    C0]  ? __pfx_alloc_pages_mpol_noprof+0x10/0x10
[  343.974811][    C0]  ? srso_alias_return_thunk+0x5/0xfbef5
[  343.974811][    C0]  ? srso_alias_return_thunk+0x5/0xfbef5
[  343.974811][    C0]  ? __sanitizer_cov_trace_pc+0x20/0x60
[  343.974811][    C0]  ? srso_alias_return_thunk+0x5/0xfbef5
[  343.974811][    C0]  ? __sanitizer_cov_trace_pc+0x20/0x60
[  343.974811][    C0]  blk_rq_map_kern+0x272/0x870
[  343.974811][    C0]  ? srso_alias_return_thunk+0x5/0xfbef5
[  343.974811][    C0]  scsi_execute_cmd+0xbfd/0xe30
[  343.974811][    C0]  ? __pfx_register_lock_class+0x10/0x10
[  343.974811][    C0]  ? __pfx___lock_acquire+0x10/0x10
[  343.974811][    C0]  ? __pfx_scsi_execute_cmd+0x10/0x10
[  343.974811][    C0]  ? srso_alias_return_thunk+0x5/0xfbef5
[  343.974811][    C0]  ? __lock_acquire+0x1748/0x4a10
[  343.974811][    C0]  sr_check_events+0x1be/0xb50
[  343.974811][    C0]  ? srso_alias_return_thunk+0x5/0xfbef5
[  343.974811][    C0]  ? __pfx_sr_check_events+0x10/0x10
[  343.974811][    C0]  ? __pfx___lock_acquire+0x10/0x10
[  343.974811][    C0]  ? srso_alias_return_thunk+0x5/0xfbef5
[  343.974811][    C0]  cdrom_check_events+0x68/0x110
[  343.974811][    C0]  ? srso_alias_return_thunk+0x5/0xfbef5
[  343.974811][    C0]  sr_block_check_events+0xc3/0x100
[  343.974811][    C0]  disk_check_events+0xc5/0x380
[  343.974811][    C0]  ? srso_alias_return_thunk+0x5/0xfbef5
[  343.974811][    C0]  process_scheduled_works+0x5ee/0x1ba0
[  343.974811][    C0]  ? __pfx_process_scheduled_works+0x10/0x10
[  343.974811][    C0]  ? __sanitizer_cov_trace_pc+0x20/0x60
[  343.974811][    C0]  ? srso_alias_return_thunk+0x5/0xfbef5
[  343.974811][    C0]  ? srso_alias_return_thunk+0x5/0xfbef5
[  343.974811][    C0]  ? __sanitizer_cov_trace_pc+0x20/0x60
[  343.974811][    C0]  ? srso_alias_return_thunk+0x5/0xfbef5
[  343.974811][    C0]  ? assign_work+0x195/0x240
[  343.974811][    C0]  worker_thread+0x59f/0xcf0
[  343.974811][    C0]  ? srso_alias_return_thunk+0x5/0xfbef5
[  343.974811][    C0]  ? __pfx_worker_thread+0x10/0x10
[  343.974811][    C0]  kthread+0x345/0x450
[  343.974811][    C0]  ? __pfx_kthread+0x10/0x10
[  343.974811][    C0]  ret_from_fork+0x48/0x80
[  343.974811][    C0]  ? __pfx_kthread+0x10/0x10
[  343.974811][    C0]  ret_from_fork_asm+0x1a/0x30
[  343.974811][    C0]  </TASK>
[  344.316904][    C0] Mem-Info:
[  344.318011][    C0] active_anon:224 inactive_anon:40945 isolated_anon:134
[  344.318011][    C0]  active_file:298 inactive_file:308 isolated_file:0
[  344.318011][    C0]  unevictable:1536 dirty:465 writeback:18
[  344.318011][    C0]  slab_reclaimable:9348 slab_unreclaimable:266287
[  344.318011][    C0]  mapped:2169 shmem:2040 pagetables:680
[  344.318011][    C0]  sec_pagetables:0 bounce:0
[  344.318011][    C0]  kernel_misc_reclaimable:0
[  344.318011][    C0]  free:321 free_pcp:930 free_cma:0
[  344.331453][    C0] Node 0 active_anon:896kB inactive_anon:163780kB active_file:1192kB inactive_file:1232kB unevictable:6144kB isolated(anon):536kB isolated(file):0kB mapped:8676kB dirty:1860kB writeback:72kB shmem:8160kB writeback_tmp:0kB kernel_stack:9280kB pagetables:2720kB sec_pagetables:0kB all_unreclaimable? no
[  344.339963][    C0] Node 0 DMA free:0kB boost:0kB min:52kB low:64kB high:76kB reserved_highatomic:0KB active_anon:0kB inactive_anon:0kB active_file:0kB inactive_file:0kB unevictable:0kB writepending:0kB present:15992kB managed:15360kB mlocked:0kB bounce:0kB free_pcp:0kB local_pcp:0kB free_cma:0kB
[  344.347909][    C0] lowmem_reserve[]: 0 1301 0 0
[  344.349600][    C0] Node 0 DMA32 free:1284kB boost:10876kB min:15464kB low:16796kB high:18128kB reserved_highatomic:12288KB active_anon:896kB inactive_anon:163780kB active_file:1192kB inactive_file:1232kB unevictable:6144kB writepending:1932kB present:2080640kB managed:1356844kB mlocked:0kB bounce:0kB free_pcp:3720kB local_pcp:912kB free_cma:0kB
[  344.358917][    C0] lowmem_reserve[]: 0 0 0 0
[  344.360512][    C0] Node 0 DMA: 0*4kB 0*8kB 0*16kB 0*32kB 0*64kB 0*128kB 0*256kB 0*512kB 0*1024kB 0*2048kB 0*4096kB = 0kB
[  344.364361][    C0] Node 0 DMA32: 129*4kB (M) 20*8kB (UM) 3*16kB (H) 1*32kB (H) 0*64kB 0*128kB 2*256kB (H) 0*512kB 0*1024kB 0*2048kB 0*4096kB = 1268kB
[  344.369048][    C0] Node 0 hugepages_total=0 hugepages_free=0 hugepages_surp=0 hugepages_size=2048kB
[  344.372007][    C0] 2664 total pagecache pages
[  344.373573][    C0] 18 pages in swap cache
[  344.375008][    C0] Free swap  = 123964kB
[  344.376381][    C0] Total swap = 124996kB
[  344.377733][    C0] 524158 pages RAM
[  344.379009][    C0] 0 pages HighMem/MovableOnly
[  344.380511][    C0] 181107 pages reserved
[  344.787096][    C0] slab_out_of_memory: 2140 callbacks suppressed
[  344.787133][    C0] SLUB: Unable to allocate memory on CPU 0 (of node 0) on node -1, gfp=0x820(GFP_ATOMIC)
[  344.787139][    C3] SLUB: Unable to allocate memory on CPU 3 (of node 0) on node -1, gfp=0x920(GFP_ATOMIC|__GFP_ZERO)
[  344.787210][    C3]   cache: kmalloc-1k, object size: 1024, buffer size: 2048, default order: 3, min order: 0
[  344.787713][    C1] SLUB: Unable to allocate memory on CPU 1 (of node 0) on node -1, gfp=0x920(GFP_ATOMIC|__GFP_ZERO)
[  344.787778][    C1]   cache: kmalloc-1k, object size: 1024, buffer size: 2048, default order: 3, min order: 0
[  344.787830][    C1]   node 0: slabs: 4786, objs: 46210, free: 0
[  344.788918][  T525] SLUB: Unable to allocate memory on CPU 1 (of node 0) on node -1, gfp=0x920(GFP_ATOMIC|__GFP_ZERO)
[  344.788977][  T525]   cache: kmalloc-1k, object size: 1024, buffer size: 2048, default order: 3, min order: 0
[  344.789025][  T525]   node 0: slabs: 4786, objs: 46210, free: 0
[  344.789234][    C0]   cache: skbuff_head_cache, object size: 232, buffer size: 320, default order: 1, min order: 0
[  344.792272][    C3]   node 0: slabs: 4786, objs: 46210, free: 0
[  344.795556][    C0]   node 0: slabs: 6801, objs: 153177, free: 0
[  344.798774][    C3] SLUB: Unable to allocate memory on CPU 3 (of node 0) on node -1, gfp=0x920(GFP_ATOMIC|__GFP_ZERO)
[  344.802689][    C0] SLUB: Unable to allocate memory on CPU 0 (of node 0) on node -1, gfp=0x920(GFP_ATOMIC|__GFP_ZERO)
[  344.802793][    C2] SLUB: Unable to allocate memory on CPU 2 (of node 0) on node -1, gfp=0x920(GFP_ATOMIC|__GFP_ZERO)
[  344.802858][    C2]   cache: kmalloc-1k, object size: 1024, buffer size: 2048, default order: 3, min order: 0
[  344.802910][    C2]   node 0: slabs: 4786, objs: 46210, free: 0
[  344.803028][    C2] SLUB: Unable to allocate memory on CPU 2 (of node 0) on node -1, gfp=0x920(GFP_ATOMIC|__GFP_ZERO)
[  344.803088][    C2]   cache: kmalloc-1k, object size: 1024, buffer size: 2048, default order: 3, min order: 0
[  344.803139][    C2]   node 0: slabs: 4786, objs: 46210, free: 0
[  344.803224][    C2] SLUB: Unable to allocate memory on CPU 2 (of node 0) on node -1, gfp=0x920(GFP_ATOMIC|__GFP_ZERO)
[  344.803291][    C2]   cache: kmalloc-96, object size: 96, buffer size: 128, default order: 0, min order: 0
[  344.803342][    C2]   node 0: slabs: 1304, objs: 41728, free: 0
[  344.803423][    C2] SLUB: Unable to allocate memory on CPU 2 (of node 0) on node -1, gfp=0x920(GFP_ATOMIC|__GFP_ZERO)
[  344.803482][    C2]   cache: kmalloc-96, object size: 96, buffer size: 128, default order: 0, min order: 0
[  344.803532][    C2]   node 0: slabs: 1304, objs: 41728, free: 0
[  344.805045][    C3]   cache: kmalloc-1k, object size: 1024, buffer size: 2048, default order: 3, min order: 0
[  344.806939][    C0]   cache: kmalloc-96, object size: 96, buffer size: 128, default order: 0, min order: 0
[  344.810207][    C3]   node 0: slabs: 4786, objs: 46210, free: 0
[  344.813336][    C0]   node 0: slabs: 1304, objs: 41728, free: 0
[  346.248705][    C3] ICMPv6: ndisc: ndisc_alloc_skb failed to allocate an skb
[  349.804734][    C1] slab_out_of_memory: 6569 callbacks suppressed
[  349.804771][    C1] SLUB: Unable to allocate memory on CPU 1 (of node 0) on node -1, gfp=0x920(GFP_ATOMIC|__GFP_ZERO)
[  349.804857][    C3] SLUB: Unable to allocate memory on CPU 3 (of node 0) on node -1, gfp=0x920(GFP_ATOMIC|__GFP_ZERO)
[  349.805026][    C2] SLUB: Unable to allocate memory on CPU 2 (of node 0) on node -1, gfp=0x920(GFP_ATOMIC|__GFP_ZERO)
[  349.805056][    C0] SLUB: Unable to allocate memory on CPU 0 (of node 0) on node -1, gfp=0x920(GFP_ATOMIC|__GFP_ZERO)
[  349.805096][    C2]   cache: kmalloc-96, object size: 96, buffer size: 128, default order: 0, min order: 0
[  349.805121][    C0]   cache: kmalloc-96, object size: 96, buffer size: 128, default order: 0, min order: 0
[  349.805149][    C2]   node 0: slabs: 1309, objs: 41888, free: 0
[  349.805172][    C0]   node 0: slabs: 1309, objs: 41888, free: 0
[  349.805269][    C2] SLUB: Unable to allocate memory on CPU 2 (of node 0) on node -1, gfp=0x920(GFP_ATOMIC|__GFP_ZERO)
[  349.805279][    C0] SLUB: Unable to allocate memory on CPU 0 (of node 0) on node -1, gfp=0x920(GFP_ATOMIC|__GFP_ZERO)
[  349.805329][    C2]   cache: kmalloc-96, object size: 96, buffer size: 128, default order: 0, min order: 0
[  349.805338][    C0]   cache: kmalloc-96, object size: 96, buffer size: 128, default order: 0, min order: 0
[  349.805380][    C2]   node 0: slabs: 1309, objs: 41888, free: 0
[  349.805389][    C0]   node 0: slabs: 1309, objs: 41888, free: 0
[  349.805461][    C2] SLUB: Unable to allocate memory on CPU 2 (of node 0) on node -1, gfp=0x920(GFP_ATOMIC|__GFP_ZERO)
[  349.805469][    C0] SLUB: Unable to allocate memory on CPU 0 (of node 0) on node -1, gfp=0x920(GFP_ATOMIC|__GFP_ZERO)
[  349.805520][    C2]   cache: kmalloc-96, object size: 96, buffer size: 128, default order: 0, min order: 0
[  349.805528][    C0]   cache: kmalloc-96, object size: 96, buffer size: 128, default order: 0, min order: 0
[  349.805571][    C2]   node 0: slabs: 1309, objs: 41888, free: 0
[  349.805579][    C0]   node 0: slabs: 1309, objs: 41888, free: 0
[  349.805739][    C0] SLUB: Unable to allocate memory on CPU 0 (of node 0) on node -1, gfp=0x920(GFP_ATOMIC|__GFP_ZERO)
[  349.805799][    C0]   cache: kmalloc-96, object size: 96, buffer size: 128, default order: 0, min order: 0
[  349.805849][    C0]   node 0: slabs: 1309, objs: 41888, free: 0
[  349.805929][    C0] SLUB: Unable to allocate memory on CPU 0 (of node 0) on node -1, gfp=0x920(GFP_ATOMIC|__GFP_ZERO)
[  349.805988][    C0]   cache: kmalloc-96, object size: 96, buffer size: 128, default order: 0, min order: 0
[  349.806039][    C0]   node 0: slabs: 1309, objs: 41888, free: 0
[  349.806899][    C1]   cache: kmalloc-96, object size: 96, buffer size: 128, default order: 0, min order: 0
[  349.810235][    C3]   cache: kmalloc-96, object size: 96, buffer size: 128, default order: 0, min order: 0
[  349.813605][    C1]   node 0: slabs: 1309, objs: 41888, free: 0
[  349.816964][    C3]   node 0: slabs: 1309, objs: 41888, free: 0
[  350.345375][   T45] INFO: task jbd2/sda-8:195 blocked for more than 143 seconds.
[  350.347821][   T45]       Not tainted 6.13.0-rc7 #1
[  350.349459][   T45] "echo 0 > /proc/sys/kernel/hung_task_timeout_secs" disables this message.
[  350.352130][   T45] task:jbd2/sda-8      state:D stack:26496 pid:195   tgid:195   ppid:2      flags:0x00004000
[  350.355420][   T45] Call Trace:
[  350.356563][   T45]  <TASK>
[  350.357591][   T45]  __schedule+0xe60/0x4120
[  350.359162][   T45]  ? __pfx___schedule+0x10/0x10
[  350.360823][   T45]  ? schedule+0x19d/0x210
[  350.362260][   T45]  ? __pfx_lock_release+0x10/0x10
[  350.363934][   T45]  ? __pfx___blk_flush_plug+0x10/0x10
[  350.365719][   T45]  ? srso_alias_return_thunk+0x5/0xfbef5
[  350.367521][   T45]  ? __sanitizer_cov_trace_pc+0x20/0x60
[  350.369383][   T45]  ? srso_alias_return_thunk+0x5/0xfbef5
[  350.371261][   T45]  schedule+0xd4/0x210
[  350.372725][   T45]  io_schedule+0x1a/0x70
[  350.374141][   T45]  blk_mq_get_tag+0x58d/0xac0
[  350.375707][   T45]  ? __pfx_blk_mq_get_tag+0x10/0x10
[  350.377413][   T45]  ? find_held_lock+0x2c/0x110
[  350.379005][   T45]  ? __pfx_autoremove_wake_function+0x10/0x10
[  350.380977][   T45]  ? srso_alias_return_thunk+0x5/0xfbef5
[  350.382798][   T45]  ? write_comp_data+0x29/0x90
[  350.384377][   T45]  ? srso_alias_return_thunk+0x5/0xfbef5
[  350.386357][   T45]  ? __sanitizer_cov_trace_pc+0x20/0x60
[  350.388211][   T45]  ? srso_alias_return_thunk+0x5/0xfbef5
[  350.390080][   T45]  __blk_mq_alloc_requests+0x787/0x1760
[  350.391955][   T45]  ? srso_alias_return_thunk+0x5/0xfbef5
[  350.393812][   T45]  ? __pfx_dd_bio_merge+0x10/0x10
[  350.395498][   T45]  ? __pfx___blk_mq_alloc_requests+0x10/0x10
[  350.397480][   T45]  ? __pfx_dd_bio_merge+0x10/0x10
[  350.399274][   T45]  ? srso_alias_return_thunk+0x5/0xfbef5
[  350.401108][   T45]  ? __sanitizer_cov_trace_pc+0x20/0x60
[  350.402931][   T45]  ? __pfx_dd_bio_merge+0x10/0x10
[  350.404596][   T45]  ? srso_alias_return_thunk+0x5/0xfbef5
[  350.406469][   T45]  ? blk_mq_sched_bio_merge+0x2c3/0x400
[  350.408303][   T45]  blk_mq_submit_bio+0x1613/0x1fe0
