failed to run ["ssh" "-p" "11346" "-F" "/dev/null" "-o" "UserKnownHostsFile=/dev/null" "-o" "IdentitiesOnly=yes" "-o" "BatchMode=yes" "-o" "StrictHostKeyChecking=no" "-o" "ConnectTimeout=10" "-i" "/home/qjj/go1.22.1_projects/go_projects/image/bullseye.id_rsa" "root@localhost" "pwd"]: exit status 255
Connection timed out during banner exchange
[    0.000000][    T0] Linux version 6.13.0-rc3 (qjj@syzkaller109) (gcc (Ubuntu 9.4.0-1ubuntu1~20.04.2) 9.4.0, GNU ld (GNU Binutils for Ubuntu) 2.34) #5 SMP PREEMPT_DYNAMIC Wed Dec 18 16:12:52 CST 2024
[    0.000000][    T0] Command line: root=/dev/sda console=ttyS0 
[    0.000000][    T0] BIOS-provided physical RAM map:
[    0.000000][    T0] BIOS-e820: [mem 0x0000000000000000-0x000000000009fbff] usable
[    0.000000][    T0] BIOS-e820: [mem 0x000000000009fc00-0x000000000009ffff] reserved
[    0.000000][    T0] BIOS-e820: [mem 0x00000000000f0000-0x00000000000fffff] reserved
[    0.000000][    T0] BIOS-e820: [mem 0x0000000000100000-0x000000007ffdffff] usable
[    0.000000][    T0] BIOS-e820: [mem 0x000000007ffe0000-0x000000007fffffff] reserved
[    0.000000][    T0] BIOS-e820: [mem 0x00000000feffc000-0x00000000feffffff] reserved
[    0.000000][    T0] BIOS-e820: [mem 0x00000000fffc0000-0x00000000ffffffff] reserved
[    0.000000][    T0] NX (Execute Disable) protection: active
[    0.000000][    T0] APIC: Static calls initialized
[    0.000000][    T0] SMBIOS 2.8 present.
[    0.000000][    T0] DMI: QEMU Standard PC (i440FX + PIIX, 1996), BIOS 1.13.0-1ubuntu1.1 04/01/2014
[    0.000000][    T0] DMI: Memory slots populated: 1/1
[    0.000000][    T0] Hypervisor detected: KVM
[    0.000000][    T0] kvm-clock: Using msrs 4b564d01 and 4b564d00
[    0.000003][    T0] kvm-clock: using sched offset of 1370260886 cycles
[    0.000012][    T0] clocksource: kvm-clock: mask: 0xffffffffffffffff max_cycles: 0x1cd42e4dffb, max_idle_ns: 881590591483 ns
[    0.000031][    T0] tsc: Detected 2249.998 MHz processor
[    0.012464][    T0] last_pfn = 0x7ffe0 max_arch_pfn = 0x10000000000
[    0.012800][    T0] MTRR map: 4 entries (3 fixed + 1 variable; max 19), built from 8 variable MTRRs
[    0.012825][    T0] x86/PAT: Configuration [0-7]: WB  WC  UC- UC  WB  WP  UC- WT  
[    0.017877][    T0] found SMP MP-table at [mem 0x000f5c50-0x000f5c5f]
[    0.017922][    T0] Using GB pages for direct mapping
[    0.021764][    T0] ACPI: Early table checksum verification disabled
[    0.021774][    T0] ACPI: RSDP 0x00000000000F59B0 000014 (v00 BOCHS )
[    0.021826][    T0] ACPI: RSDT 0x000000007FFE1685 000030 (v01 BOCHS  BXPCRSDT 00000001 BXPC 00000001)
[    0.021855][    T0] ACPI: FACP 0x000000007FFE1549 000074 (v01 BOCHS  BXPCFACP 00000001 BXPC 00000001)
[    0.021884][    T0] ACPI: DSDT 0x000000007FFE0040 001509 (v01 BOCHS  BXPCDSDT 00000001 BXPC 00000001)
[    0.021909][    T0] ACPI: FACS 0x000000007FFE0000 000040
[    0.021926][    T0] ACPI: APIC 0x000000007FFE15BD 000090 (v01 BOCHS  BXPCAPIC 00000001 BXPC 00000001)
[    0.021950][    T0] ACPI: HPET 0x000000007FFE164D 000038 (v01 BOCHS  BXPCHPET 00000001 BXPC 00000001)
[    0.021972][    T0] ACPI: Reserving FACP table memory at [mem 0x7ffe1549-0x7ffe15bc]
[    0.021983][    T0] ACPI: Reserving DSDT table memory at [mem 0x7ffe0040-0x7ffe1548]
[    0.021992][    T0] ACPI: Reserving FACS table memory at [mem 0x7ffe0000-0x7ffe003f]
[    0.022001][    T0] ACPI: Reserving APIC table memory at [mem 0x7ffe15bd-0x7ffe164c]
[    0.022010][    T0] ACPI: Reserving HPET table memory at [mem 0x7ffe164d-0x7ffe1684]
[    0.024253][    T0] No NUMA configuration found
[    0.024259][    T0] Faking a node at [mem 0x0000000000000000-0x000000007ffdffff]
[    0.024277][    T0] NODE_DATA(0) allocated [mem 0x7ffdc680-0x7ffdffff]
[    0.028396][    T0] Zone ranges:
[    0.028406][    T0]   DMA      [mem 0x0000000000001000-0x0000000000ffffff]
[    0.028422][    T0]   DMA32    [mem 0x0000000001000000-0x000000007ffdffff]
[    0.028434][    T0]   Normal   empty
[    0.028440][    T0] Movable zone start for each node
[    0.028445][    T0] Early memory node ranges
[    0.028449][    T0]   node   0: [mem 0x0000000000001000-0x000000000009efff]
[    0.028459][    T0]   node   0: [mem 0x0000000000100000-0x000000007ffdffff]
[    0.028471][    T0] Initmem setup node 0 [mem 0x0000000000001000-0x000000007ffdffff]
[    0.028553][    T0] On node 0, zone DMA: 1 pages in unavailable ranges
[    0.028864][    T0] On node 0, zone DMA: 97 pages in unavailable ranges
[    0.065309][    T0] On node 0, zone DMA32: 32 pages in unavailable ranges
[    0.105776][    T0] kasan: KernelAddressSanitizer initialized
[    0.107608][    T0] ACPI: PM-Timer IO Port: 0x608
[    0.107648][    T0] ACPI: LAPIC_NMI (acpi_id[0xff] dfl dfl lint[0x1])
[    0.107813][    T0] IOAPIC[0]: apic_id 0, version 17, address 0xfec00000, GSI 0-23
[    0.107832][    T0] ACPI: INT_SRC_OVR (bus 0 bus_irq 0 global_irq 2 dfl dfl)
[    0.107844][    T0] ACPI: INT_SRC_OVR (bus 0 bus_irq 5 global_irq 5 high level)
[    0.107856][    T0] ACPI: INT_SRC_OVR (bus 0 bus_irq 9 global_irq 9 high level)
[    0.107868][    T0] ACPI: INT_SRC_OVR (bus 0 bus_irq 10 global_irq 10 high level)
[    0.107879][    T0] ACPI: INT_SRC_OVR (bus 0 bus_irq 11 global_irq 11 high level)
[    0.107905][    T0] ACPI: Using ACPI (MADT) for SMP configuration information
[    0.107911][    T0] ACPI: HPET id: 0x8086a201 base: 0xfed00000
[    0.107924][    T0] TSC deadline timer available
[    0.107941][    T0] CPU topo: Max. logical packages:   4
[    0.107947][    T0] CPU topo: Max. logical dies:       4
[    0.107952][    T0] CPU topo: Max. dies per package:   1
[    0.107969][    T0] CPU topo: Max. threads per core:   1
[    0.107976][    T0] CPU topo: Num. cores per package:     1
[    0.107981][    T0] CPU topo: Num. threads per package:   1
[    0.107986][    T0] CPU topo: Allowing 4 present CPUs plus 0 hotplug CPUs
[    0.108069][    T0] kvm-guest: APIC: eoi() replaced with kvm_guest_apic_eoi_write()
[    0.108182][    T0] kvm-guest: KVM setup pv remote TLB flush
[    0.108215][    T0] kvm-guest: setup PV sched yield
[    0.108283][    T0] PM: hibernation: Registered nosave memory: [mem 0x00000000-0x00000fff]
[    0.108296][    T0] PM: hibernation: Registered nosave memory: [mem 0x0009f000-0x0009ffff]
[    0.108305][    T0] PM: hibernation: Registered nosave memory: [mem 0x000a0000-0x000effff]
[    0.108313][    T0] PM: hibernation: Registered nosave memory: [mem 0x000f0000-0x000fffff]
[    0.108327][    T0] [mem 0x80000000-0xfeffbfff] available for PCI devices
[    0.108335][    T0] Booting paravirtualized kernel on KVM
[    0.108345][    T0] clocksource: refined-jiffies: mask: 0xffffffff max_cycles: 0xffffffff, max_idle_ns: 1910969940391419 ns
[    0.151013][    T0] setup_percpu: NR_CPUS:64 nr_cpumask_bits:4 nr_cpu_ids:4 nr_node_ids:1
[    0.151347][    T0] percpu: Embedded 71 pages/cpu s253584 r8192 d29040 u524288
[    0.151599][    T0] Kernel command line: root=/dev/sda console=ttyS0 
[    0.152064][    T0] random: crng init done
[    0.152069][    T0] printk: log buffer data + meta data: 262144 + 917504 = 1179648 bytes
[    0.152305][    T0] Dentry cache hash table entries: 262144 (order: 9, 2097152 bytes, linear)
[    0.152539][    T0] Inode-cache hash table entries: 131072 (order: 8, 1048576 bytes, linear)
[    0.153148][    T0] Fallback order for Node 0: 0 
[    0.153162][    T0] Built 1 zonelists, mobility grouping on.  Total pages: 524158
[    0.153171][    T0] Policy zone: DMA32
[    0.153433][    T0] mem auto-init: stack:off, heap alloc:on, heap free:off
[    0.153442][    T0] stackdepot: allocating hash table via alloc_large_system_hash
[    0.153456][    T0] stackdepot hash table entries: 1048576 (order: 12, 16777216 bytes, linear)
[    0.325791][    T0] SLUB: HWalign=64, Order=0-3, MinObjects=0, CPUs=4, Nodes=1
[    0.327997][    T0] allocated 4194304 bytes of page_ext
[    0.336972][    T0] Dynamic Preempt: voluntary
[    0.337435][    T0] Running RCU self tests
[    0.337440][    T0] Running RCU synchronous self tests
[    0.337461][    T0] rcu: Preemptible hierarchical RCU implementation.
[    0.337465][    T0] rcu: 	RCU lockdep checking is enabled.
[    0.337469][    T0] rcu: 	RCU restricting CPUs from NR_CPUS=64 to nr_cpu_ids=4.
[    0.337493][    T0] rcu: 	RCU callback double-/use-after-free debug is enabled.
[    0.337498][    T0] rcu: 	RCU debug extended QS entry/exit.
[    0.337502][    T0] 	Trampoline variant of Tasks RCU enabled.
[    0.337506][    T0] 	Tracing variant of Tasks RCU enabled.
[    0.337511][    T0] rcu: RCU calculated value of scheduler-enlistment delay is 100 jiffies.
[    0.337518][    T0] rcu: Adjusting geometry for rcu_fanout_leaf=16, nr_cpu_ids=4
[    0.337601][    T0] Running RCU synchronous self tests
[    0.337612][    T0] RCU Tasks: Setting shift to 2 and lim to 1 rcu_task_cb_adjust=1 rcu_task_cpu_ids=4.
[    0.337629][    T0] RCU Tasks Trace: Setting shift to 2 and lim to 1 rcu_task_cb_adjust=1 rcu_task_cpu_ids=4.
[    0.394266][    T0] NR_IRQS: 4352, nr_irqs: 456, preallocated irqs: 16
[    0.395084][    T0] rcu: srcu_init: Setting srcu_struct sizes based on contention.
[    0.395573][    T0] kfence: initialized - using 2097152 bytes for 255 objects at 0x(____ptrval____)-0x(____ptrval____)
[    0.422027][    T0] Console: colour VGA+ 80x25
[    0.422280][    T0] printk: legacy console [ttyS0] enabled
[    0.816964][    T0] Lock dependency validator: Copyright (c) 2006 Red Hat, Inc., Ingo Molnar
[    0.820990][    T0] ... MAX_LOCKDEP_SUBCLASSES:  8
[    0.823330][    T0] ... MAX_LOCK_DEPTH:          48
[    0.825803][    T0] ... MAX_LOCKDEP_KEYS:        8192
[    0.828342][    T0] ... CLASSHASH_SIZE:          4096
[    0.830872][    T0] ... MAX_LOCKDEP_ENTRIES:     1048576
[    0.833557][    T0] ... MAX_LOCKDEP_CHAINS:      1048576
[    0.836173][    T0] ... CHAINHASH_SIZE:          524288
[    0.838729][    T0]  memory used by lock dependency info: 106625 kB
[    0.841758][    T0]  memory used for stack traces: 8320 kB
[    0.844410][    T0]  per task-struct memory footprint: 1920 bytes
[    0.847566][    T0] ACPI: Core revision 20240827
[    0.850576][    T0] clocksource: hpet: mask: 0xffffffff max_cycles: 0xffffffff, max_idle_ns: 19112604467 ns
[    0.855891][    T0] APIC: Switch to symmetric I/O mode setup
[    0.858978][    T0] kvm-guest: APIC: send_IPI_mask() replaced with kvm_send_ipi_mask()
[    0.863024][    T0] kvm-guest: APIC: send_IPI_mask_allbutself() replaced with kvm_send_ipi_mask_allbutself()
[    0.867985][    T0] kvm-guest: setup PV IPIs
[    0.876693][    T0] ..TIMER: vector=0x30 apic1=0 pin1=2 apic2=-1 pin2=-1
[    0.880259][    T0] tsc: Marking TSC unstable due to TSCs unsynchronized
[    0.883671][    T0] Calibrating delay loop (skipped) preset value.. 4499.99 BogoMIPS (lpj=2249998)
[    0.885910][    T0] x86/cpu: User Mode Instruction Prevention (UMIP) activated
[    0.888290][    T0] Last level iTLB entries: 4KB 512, 2MB 255, 4MB 127
[    0.889654][    T0] Last level dTLB entries: 4KB 512, 2MB 255, 4MB 127, 1GB 0
[    0.890705][    T0] Spectre V1 : Mitigation: usercopy/swapgs barriers and __user pointer sanitization
[    0.891659][    T0] Spectre V2 : Mitigation: Retpolines
[    0.892655][    T0] Spectre V2 : Spectre v2 / SpectreRSB mitigation: Filling RSB on context switch
[    0.893656][    T0] Spectre V2 : Spectre v2 / SpectreRSB : Filling RSB on VMEXIT
[    0.894656][    T0] Spectre V2 : Enabling Restricted Speculation for firmware calls
[    0.895667][    T0] Spectre V2 : mitigation: Enabling conditional Indirect Branch Prediction Barrier
[    0.896659][    T0] Speculative Store Bypass: Mitigation: Speculative Store Bypass disabled via prctl
[    0.897657][    T0] Speculative Return Stack Overflow: IBPB-extending microcode not applied!
[    0.898656][    T0] Speculative Return Stack Overflow: WARNING: See https://kernel.org/doc/html/latest/admin-guide/hw-vuln/srso.html for mitigation options.
[    0.898669][    T0] Speculative Return Stack Overflow: Vulnerable: Safe RET, no microcode
[    0.900881][    T0] x86/fpu: Supporting XSAVE feature 0x001: 'x87 floating point registers'
[    0.901655][    T0] x86/fpu: Supporting XSAVE feature 0x002: 'SSE registers'
[    0.902654][    T0] x86/fpu: Supporting XSAVE feature 0x004: 'AVX registers'
[    0.903655][    T0] x86/fpu: Supporting XSAVE feature 0x020: 'AVX-512 opmask'
[    0.904655][    T0] x86/fpu: Supporting XSAVE feature 0x040: 'AVX-512 Hi256'
[    0.905654][    T0] x86/fpu: Supporting XSAVE feature 0x080: 'AVX-512 ZMM_Hi256'
[    0.906655][    T0] x86/fpu: Supporting XSAVE feature 0x200: 'Protection Keys User registers'
[    0.907657][    T0] x86/fpu: xstate_offset[2]:  576, xstate_sizes[2]:  256
[    0.908656][    T0] x86/fpu: xstate_offset[5]:  832, xstate_sizes[5]:   64
[    0.909655][    T0] x86/fpu: xstate_offset[6]:  896, xstate_sizes[6]:  512
[    0.910656][    T0] x86/fpu: xstate_offset[7]: 1408, xstate_sizes[7]: 1024
[    0.911655][    T0] x86/fpu: xstate_offset[9]: 2432, xstate_sizes[9]:    8
[    0.912655][    T0] x86/fpu: Enabled xstate features 0x2e7, context size is 2440 bytes, using 'compacted' format.
[    1.357249][    T0] Freeing SMP alternatives memory: 96K
[    1.357670][    T0] pid_max: default: 32768 minimum: 301
[    1.359743][    T0] LSM: initializing lsm=lockdown,capability,landlock,yama,safesetid,tomoyo,selinux,ima,evm
[    1.362434][    T0] landlock: Up and running.
[    1.362665][    T0] Yama: becoming mindful.
[    1.366346][    T0] TOMOYO Linux initialized
[    1.366719][    T0] SELinux:  Initializing.
[    1.372803][    T0] Mount-cache hash table entries: 4096 (order: 3, 32768 bytes, linear)
[    1.373673][    T0] Mountpoint-cache hash table entries: 4096 (order: 3, 32768 bytes, linear)
[    1.379854][    T0] Running RCU synchronous self tests
[    1.380668][    T0] Running RCU synchronous self tests
[    1.382617][    T1] smpboot: CPU0: AMD EPYC 9754 128-Core Processor (family: 0x19, model: 0xa0, stepping: 0x2)
[    1.388296][    T1] Running RCU Tasks wait API self tests
[    1.493973][    T1] Running RCU Tasks Trace wait API self tests
[    1.494852][    T1] Performance Events: Fam17h+ core perfctr, AMD PMU driver.
[    1.495710][    T1] ... version:                0
[    1.496678][    T1] ... bit width:              48
[    1.497681][    T1] ... generic registers:      6
[    1.498680][    T1] ... value mask:             0000ffffffffffff
[    1.499675][    T1] ... max period:             00007fffffffffff
[    1.500693][    T1] ... fixed-purpose events:   0
[    1.501678][    T1] ... event mask:             000000000000003f
[    1.502719][   T15] Callback from call_rcu_tasks_trace() invoked.
[    1.505317][    T1] signal: max sigframe size: 3376
[    1.506201][    T1] rcu: Hierarchical SRCU implementation.
[    1.506680][    T1] rcu: 	Max phase no-delay instances is 400.
[    1.508494][    T1] Timer migration: 1 hierarchy levels; 8 children per group; 1 crossnode level
[    1.630738][    T1] smp: Bringing up secondary CPUs ...
[    1.634897][    T1] smpboot: x86: Booting SMP configuration:
[    1.635677][    T1] .... node  #0, CPUs:      #1 #2 #3
[    1.660974][    T1] smp: Brought up 1 node, 4 CPUs
[    1.661681][    T1] smpboot: Total of 4 processors activated (17999.98 BogoMIPS)
[    1.667212][    T1] Memory: 1335008K/2096632K available (137216K kernel code, 34594K rwdata, 32772K rodata, 21912K init, 120596K bss, 748380K reserved, 0K cma-reserved)
[    1.671675][    T1] devtmpfs: initialized
[    1.698901][    T1] Running RCU synchronous self tests
[    1.699775][    T1] Running RCU synchronous self tests
[    1.700773][    T1] clocksource: jiffies: mask: 0xffffffff max_cycles: 0xffffffff, max_idle_ns: 1911260446275000 ns
[    1.701775][    T1] futex hash table entries: 1024 (order: 5, 131072 bytes, linear)
[    1.702956][   T14] Callback from call_rcu_tasks() invoked.
[    1.707576][    T1] PM: RTC time: 04:19:27, date: 2024-12-22
[    1.711235][    T1] NET: Registered PF_NETLINK/PF_ROUTE protocol family
[    1.716771][    T1] audit: initializing netlink subsys (disabled)
[    1.718097][   T44] audit: type=2000 audit(1734841167.254:1): state=initialized audit_enabled=0 res=1
[    1.721693][    T1] thermal_sys: Registered thermal governor 'step_wise'
[    1.722680][    T1] thermal_sys: Registered thermal governor 'user_space'
[    1.723989][    T1] cpuidle: using governor menu
[    1.732730][    T1] dca service started, version 1.12.1
[    1.734059][    T1] PCI: Using configuration type 1 for base access
[    1.734676][    T1] PCI: Using configuration type 1 for extended access
[    1.738787][    T1] kprobes: kprobe jump-optimization is enabled. All kprobes are optimized if possible.
[    1.746960][    T1] HugeTLB: registered 2.00 MiB page size, pre-allocated 0 pages
[    1.750691][    T1] HugeTLB: 28 KiB vmemmap can be freed for a 2.00 MiB page
[    1.758170][    T1] cryptd: max_cpu_qlen set to 1000
[    1.765903][    T1] raid6: skipped pq benchmark and selected avx512x4
[    1.768688][    T1] raid6: using avx512x2 recovery algorithm
[    1.772387][    T1] ACPI: Added _OSI(Module Device)
[    1.774690][    T1] ACPI: Added _OSI(Processor Device)
[    1.777684][    T1] ACPI: Added _OSI(3.0 _SCP Extensions)
[    1.779690][    T1] ACPI: Added _OSI(Processor Aggregator Device)
[    1.837467][    T1] ACPI: 1 ACPI AML tables successfully acquired and loaded
[    1.863631][    T1] ACPI: Interpreter enabled
[    1.866165][    T1] ACPI: PM: (supports S0 S3 S4 S5)
[    1.868704][    T1] ACPI: Using IOAPIC for interrupt routing
[    1.871964][    T1] PCI: Using host bridge windows from ACPI; if necessary, use "pci=nocrs" and report a bug
[    1.876683][    T1] PCI: Using E820 reservations for host bridge windows
[    1.884242][    T1] ACPI: Enabled 2 GPEs in block 00 to 0F
[    2.030981][    T1] ACPI: PCI Root Bridge [PCI0] (domain 0000 [bus 00-ff])
[    2.034775][    T1] acpi PNP0A03:00: _OSC: OS supports [ExtendedConfig ASPM ClockPM Segments MSI HPX-Type3]
[    2.043325][    T1] PCI host bridge to bus 0000:00
[    2.045884][    T1] pci_bus 0000:00: root bus resource [io  0x0000-0x0cf7 window]
[    2.049698][    T1] pci_bus 0000:00: root bus resource [io  0x0d00-0xffff window]
[    2.052697][    T1] pci_bus 0000:00: root bus resource [mem 0x000a0000-0x000bffff window]
[    2.056699][    T1] pci_bus 0000:00: root bus resource [mem 0x80000000-0xfebfffff window]
[    2.060696][    T1] pci_bus 0000:00: root bus resource [mem 0x100000000-0x17fffffff window]
[    2.064715][    T1] pci_bus 0000:00: root bus resource [bus 00-ff]
[    2.068778][    T1] pci 0000:00:00.0: [8086:1237] type 00 class 0x060000 conventional PCI endpoint
[    2.077986][    T1] pci 0000:00:01.0: [8086:7000] type 00 class 0x060100 conventional PCI endpoint
[    2.087101][    T1] pci 0000:00:01.1: [8086:7010] type 00 class 0x010180 conventional PCI endpoint
[    2.094907][    T1] pci 0000:00:01.1: BAR 4 [io  0xc060-0xc06f]
[    2.099052][    T1] pci 0000:00:01.1: BAR 0 [io  0x01f0-0x01f7]: legacy IDE quirk
[    2.102693][    T1] pci 0000:00:01.1: BAR 1 [io  0x03f6]: legacy IDE quirk
[    2.105685][    T1] pci 0000:00:01.1: BAR 2 [io  0x0170-0x0177]: legacy IDE quirk
[    2.109688][    T1] pci 0000:00:01.1: BAR 3 [io  0x0376]: legacy IDE quirk
[    2.114523][    T1] pci 0000:00:01.3: [8086:7113] type 00 class 0x068000 conventional PCI endpoint
[    2.120787][    T1] pci 0000:00:01.3: quirk: [io  0x0600-0x063f] claimed by PIIX4 ACPI
[    2.123733][    T1] pci 0000:00:01.3: quirk: [io  0x0700-0x070f] claimed by PIIX4 SMB
[    2.131561][    T1] pci 0000:00:02.0: [1234:1111] type 00 class 0x030000 conventional PCI endpoint
[    2.137611][    T1] pci 0000:00:02.0: BAR 0 [mem 0xfd000000-0xfdffffff pref]
[    2.144524][    T1] pci 0000:00:02.0: BAR 2 [mem 0xfebb0000-0xfebb0fff]
[    2.153416][    T1] pci 0000:00:02.0: ROM [mem 0xfeba0000-0xfebaffff pref]
[    2.156490][    T1] pci 0000:00:02.0: Video device with shadowed ROM at [mem 0x000c0000-0x000dffff]
[    2.164795][    T1] pci 0000:00:03.0: [1af4:1005] type 00 class 0x00ff00 conventional PCI endpoint
[    2.169550][    T1] pci 0000:00:03.0: BAR 0 [io  0xc040-0xc05f]
[    2.176368][    T1] pci 0000:00:03.0: BAR 4 [mem 0xfe000000-0xfe003fff 64bit pref]
[    2.186218][    T1] pci 0000:00:04.0: [8086:100e] type 00 class 0x020000 conventional PCI endpoint
[    2.191681][    T1] pci 0000:00:04.0: BAR 0 [mem 0xfeb80000-0xfeb9ffff]
[    2.195505][    T1] pci 0000:00:04.0: BAR 1 [io  0xc000-0xc03f]
[    2.202460][    T1] pci 0000:00:04.0: ROM [mem 0xfeb00000-0xfeb7ffff pref]
[    2.227374][    T1] ACPI: PCI: Interrupt link LNKA configured for IRQ 10
[    2.233277][    T1] ACPI: PCI: Interrupt link LNKB configured for IRQ 10
[    2.240239][    T1] ACPI: PCI: Interrupt link LNKC configured for IRQ 11
[    2.247207][    T1] ACPI: PCI: Interrupt link LNKD configured for IRQ 11
[    2.251123][    T1] ACPI: PCI: Interrupt link LNKS configured for IRQ 9
[    2.267763][    T1] iommu: Default domain type: Translated
[    2.269689][    T1] iommu: DMA domain TLB invalidation policy: lazy mode
[    2.276342][    T1] SCSI subsystem initialized
[    2.281125][    T1] ACPI: bus type USB registered
[    2.283169][    T1] usbcore: registered new interface driver usbfs
[    2.286920][    T1] usbcore: registered new interface driver hub
[    2.289911][    T1] usbcore: registered new device driver usb
[    2.293287][    T1] mc: Linux media interface: v0.10
[    2.295886][    T1] videodev: Linux video capture interface: v2.00
[    2.299328][    T1] pps_core: LinuxPPS API ver. 1 registered
[    2.301682][    T1] pps_core: Software ver. 5.3.6 - Copyright 2005-2007 Rodolfo Giometti <giometti@linux.it>
[    2.306767][    T1] PTP clock support registered
[    2.310859][    T1] EDAC MC: Ver: 3.0.0
[    2.317396][    T1] Advanced Linux Sound Architecture Driver Initialized.
[    2.326468][    T1] NetLabel: Initializing
[    2.328679][    T1] NetLabel:  domain hash size = 128
[    2.330677][    T1] NetLabel:  protocols = UNLABELED CIPSOv4 CALIPSO
[    2.334175][    T1] NetLabel:  unlabeled traffic allowed by default
[    2.338092][    T1] PCI: Using ACPI for IRQ routing
[    2.342868][    T1] pci 0000:00:02.0: vgaarb: setting as boot VGA device
[    2.343648][    T1] pci 0000:00:02.0: vgaarb: bridge control possible
[    2.343648][    T1] pci 0000:00:02.0: vgaarb: VGA device added: decodes=io+mem,owns=io+mem,locks=none
[    2.352714][    T1] vgaarb: loaded
[    2.356001][    T1] hpet0: at MMIO 0xfed00000, IRQs 2, 8, 0
[    2.358681][    T1] hpet0: 3 comparators, 64-bit 100.000000 MHz counter
[    2.518824][    T1] clocksource: Switched to clocksource kvm-clock
[    2.528092][    T1] VFS: Disk quotas dquot_6.6.0
[    2.530386][    T1] VFS: Dquot-cache hash table entries: 512 (order 0, 4096 bytes)
[    2.536520][    T1] netfs: FS-Cache loaded
[    2.540063][    T1] CacheFiles: Loaded
[    2.542658][    T1] TOMOYO: 2.6.0
[    2.544297][    T1] Mandatory Access Control activated.
[    2.547272][    T1] pnp: PnP ACPI init
[    2.564936][    T1] pnp: PnP ACPI: found 6 devices
[    2.647801][    T1] clocksource: acpi_pm: mask: 0xffffff max_cycles: 0xffffff, max_idle_ns: 2085701024 ns
[    2.653174][    T1] NET: Registered PF_INET protocol family
[    2.656175][    T1] IP idents hash table entries: 32768 (order: 6, 262144 bytes, linear)
[    2.666038][    T1] tcp_listen_portaddr_hash hash table entries: 1024 (order: 4, 73728 bytes, linear)
[    2.670415][    T1] Table-perturb hash table entries: 65536 (order: 6, 262144 bytes, linear)
[    2.674381][    T1] TCP established hash table entries: 16384 (order: 5, 131072 bytes, linear)
[    2.681265][    T1] TCP bind hash table entries: 16384 (order: 9, 2359296 bytes, linear)
[    2.687513][    T1] TCP: Hash tables configured (established 16384 bind 16384)
[    2.691312][    T1] UDP hash table entries: 1024 (order: 6, 262144 bytes, linear)
[    2.695257][    T1] UDP-Lite hash table entries: 1024 (order: 6, 262144 bytes, linear)
[    2.699973][    T1] NET: Registered PF_UNIX/PF_LOCAL protocol family
[    2.706296][    T1] RPC: Registered named UNIX socket transport module.
[    2.709419][    T1] RPC: Registered udp transport module.
[    2.712108][    T1] RPC: Registered tcp transport module.
[    2.714650][    T1] RPC: Registered tcp-with-tls transport module.
[    2.717581][    T1] RPC: Registered tcp NFSv4.1 backchannel transport module.
[    2.727369][    T1] pci_bus 0000:00: resource 4 [io  0x0000-0x0cf7 window]
[    2.730614][    T1] pci_bus 0000:00: resource 5 [io  0x0d00-0xffff window]
[    2.733955][    T1] pci_bus 0000:00: resource 6 [mem 0x000a0000-0x000bffff window]
[    2.737641][    T1] pci_bus 0000:00: resource 7 [mem 0x80000000-0xfebfffff window]
[    2.741108][    T1] pci_bus 0000:00: resource 8 [mem 0x100000000-0x17fffffff window]
[    2.745987][    T1] pci 0000:00:01.0: PIIX3: Enabling Passive Release
[    2.749044][    T1] pci 0000:00:00.0: Limiting direct PCI/PCI transfers
[    2.752968][    T1] PCI: CLS 0 bytes, default 64
[    2.755855][    T1] ACPI: bus type thunderbolt registered
[    2.828402][    T1] AES CTR mode by8 optimization enabled
[   23.110717][    T1] Initialise system trusted keyrings
[   23.114237][    T1] workingset: timestamp_bits=56 max_order=19 bucket_order=0
[   23.122227][    T1] DLM installed
[   23.127172][    T1] squashfs: version 4.0 (2009/01/31) Phillip Lougher
[   23.135595][    T1] NFS: Registering the id_resolver key type
[   23.138513][    T1] Key type id_resolver registered
[   23.141013][    T1] Key type id_legacy registered
[   23.143398][    T1] nfs4filelayout_init: NFSv4 File Layout Driver Registering...
[   23.147105][    T1] nfs4flexfilelayout_init: NFSv4 Flexfile Layout Driver Registering...
[   23.162763][    T1] Key type cifs.spnego registered
[   23.165397][    T1] Key type cifs.idmap registered
[   23.170986][    T1] ntfs3: Enabled Linux POSIX ACLs support
[   23.173726][    T1] ntfs3: Read-only LZX/Xpress compression included
[   23.177024][    T1] efs: 1.0a - http://aeschi.ch.eu.org/efs/
[   23.180007][    T1] romfs: ROMFS MTD (C) 2007 Red Hat, Inc.
[   23.182919][    T1] QNX4 filesystem 0.2.3 registered.
[   23.185474][    T1] qnx6: QNX6 filesystem 1.0.0 registered.
[   23.189256][    T1] fuse: init (API version 7.41)
[   23.194118][    T1] orangefs_debugfs_init: called with debug mask: :none: :0:
[   23.198652][    T1] orangefs_init: module version upstream loaded
[   23.202069][    T1] JFS: nTxBlock = 8192, nTxLock = 65536
[   23.222938][    T1] SGI XFS with ACLs, security attributes, realtime, quota, no debug enabled
[   23.231158][    T1] 9p: Installing v9fs 9p2000 file system support
[   23.234726][    T1] NILFS version 2 loaded
[   23.236992][    T1] befs: version: 0.9.3
[   23.239770][    T1] ocfs2: Registered cluster interface o2cb
[   23.244411][    T1] ocfs2: Registered cluster interface user
[   23.248216][    T1] OCFS2 User DLM kernel interface loaded
[   23.263889][    T1] gfs2: GFS2 installed
[   23.273446][    T1] ceph: loaded (mds proto 32)
[   23.332350][    T1] NET: Registered PF_ALG protocol family
[   23.335189][    T1] xor: automatically using best checksumming function   avx       
[   23.338723][    T1] async_tx: api initialized (async)
[   23.341427][    T1] Key type asymmetric registered
[   23.343850][    T1] Asymmetric key parser 'x509' registered
[   23.346631][    T1] Asymmetric key parser 'pkcs8' registered
[   23.349298][    T1] Key type pkcs7_test registered
[   23.351979][    T1] Block layer SCSI generic (bsg) driver version 0.4 loaded (major 238)
[   23.356202][    T1] io scheduler mq-deadline registered
[   23.358693][    T1] io scheduler kyber registered
[   23.372239][    T1] input: Power Button as /devices/LNXSYSTM:00/LNXPWRBN:00/input/input0
[   23.377834][    T1] ACPI: button: Power Button [PWRF]
[   23.390600][    T1] ioatdma: Intel(R) QuickData Technology Driver 5.00
[   26.440066][    T1] ACPI: \_SB_.LNKC: Enabled at IRQ 11
[   26.893356][    T1] N_HDLC line discipline registered with maxframe=4096
[   26.896685][    T1] Serial: 8250/16550 driver, 4 ports, IRQ sharing enabled
[   26.902980][    T1] 00:05: ttyS0 at I/O 0x3f8 (irq = 4, base_baud = 115200) is a 16550A
[   26.928751][    T1] Non-volatile memory driver v1.3
[   26.934102][    T1] Linux agpgart interface v0.103
[   26.939045][    T1] usbcore: registered new interface driver xillyusb
[   26.945178][    T1] ACPI: bus type drm_connector registered
[   26.953154][    T1] [drm] Initialized vgem 1.0.0 for vgem on minor 0
[   26.963123][    T1] [drm] Initialized vkms 1.0.0 for vkms on minor 1
[   27.056181][    T1] Console: switching to colour frame buffer device 128x48
[   27.079977][    T1] platform vkms: [drm] fb0: vkmsdrmfb frame buffer device
[   27.083868][    T1] usbcore: registered new interface driver udl
[   27.087242][    T1] bochs-drm 0000:00:02.0: vgaarb: deactivate vga console
[   27.095740][    T1] [drm] Found bochs VGA, ID 0xb0c0.
[   27.098308][    T1] [drm] Framebuffer size 16384 kB @ 0xfd000000, mmio @ 0xfebb0000.
[   27.106490][    T1] [drm] Initialized bochs-drm 1.0.0 for 0000:00:02.0 on minor 2
[   27.137087][    T1] fbcon: bochs-drmdrmfb (fb1) is primary device
[   27.137126][    T1] fbcon: Remapping primary device, fb1, to tty 1-63
[   29.026913][    T1] bochs-drm 0000:00:02.0: [drm] fb1: bochs-drmdrmfb frame buffer device
[   29.031368][    T1] usbcore: registered new interface driver gm12u320
[   29.034839][    T1] usbcore: registered new interface driver gud
[   29.094481][    T1] loop: module loaded
[   29.098630][    T1] usbcore: registered new interface driver viperboard
[   29.102210][    T1] usbcore: registered new interface driver dln2
[   29.108183][    T1] Loading iSCSI transport class v2.0-870.
[   29.131272][    T1] scsi host0: ata_piix
[   29.137225][    T1] scsi host1: ata_piix
[   29.140355][    T1] ata1: PATA max MWDMA2 cmd 0x1f0 ctl 0x3f6 bmdma 0xc060 irq 14 lpm-pol 0
[   29.144953][    T1] ata2: PATA max MWDMA2 cmd 0x170 ctl 0x376 bmdma 0xc068 irq 15 lpm-pol 0
[   29.154272][    T1] Rounding down aligned max_sectors from 4294967295 to 4294967288
[   29.159288][    T1] db_root: cannot open: /etc/target
[   29.178909][    T1] wireguard: WireGuard 1.0.0 loaded. See www.wireguard.com for information.
[   29.182966][    T1] wireguard: Copyright (C) 2015-2019 Jason A. Donenfeld <Jason@zx2c4.com>. All Rights Reserved.
[   29.187919][    T1] eql: Equalizer2002: Simon Janes (simon@ncm.com) and David S. Miller (davem@redhat.com)
[   29.195338][    T1] MACsec IEEE 802.1AE
[   29.208394][    T1] usbcore: registered new interface driver mvusb_mdio
[   29.212273][    T1] tun: Universal TUN/TAP device driver, 1.6
[   29.217220][    T1] e100: Intel(R) PRO/100 Network Driver
[   29.219995][    T1] e100: Copyright(c) 1999-2006 Intel Corporation
[   29.223303][    T1] e1000: Intel(R) PRO/1000 Network Driver
[   29.226219][    T1] e1000: Copyright (c) 1999-2006 Intel Corporation.
[   29.303338][  T107] ata1: found unknown device (class 0)
[   29.307347][  T109] ata2: found unknown device (class 0)
[   29.312758][  T107] ata1.00: ATA-7: QEMU HARDDISK, 2.5+, max UDMA/100
[   29.315996][  T107] ata1.00: 4194304 sectors, multi 16: LBA48 
[   29.319736][  T109] ata2.00: ATAPI: QEMU DVD-ROM, 2.5+, max UDMA/100
[   29.328361][   T81] scsi 0:0:0:0: Direct-Access     ATA      QEMU HARDDISK    2.5+ PQ: 0 ANSI: 5
[   29.340045][   T59] sd 0:0:0:0: [sda] 4194304 512-byte logical blocks: (2.15 GB/2.00 GiB)
[   29.349905][   T81] sd 0:0:0:0: Attached scsi generic sg0 type 0
[   29.353736][   T59] sd 0:0:0:0: [sda] Write Protect is off
[   29.357202][   T59] sd 0:0:0:0: [sda] Write cache: enabled, read cache: enabled, doesn't support DPO or FUA
[   29.359677][   T40] scsi 1:0:0:0: CD-ROM            QEMU     QEMU DVD-ROM     2.5+ PQ: 0 ANSI: 5
[   29.362458][   T59] sd 0:0:0:0: [sda] Preferred minimum I/O size 512 bytes
[   29.393136][   T59] sd 0:0:0:0: [sda] Attached SCSI disk
[   29.399946][   T40] sr 1:0:0:0: [sr0] scsi3-mmc drive: 4x/4x cd/rw xa/form2 tray
[   29.403711][   T40] cdrom: Uniform CD-ROM driver Revision: 3.20
[   29.425534][   T40] sr 1:0:0:0: Attached scsi generic sg1 type 5
[  577.660751][   T45] INFO: task kworker/u20:1:81 blocked for more than 144 seconds.
[  577.664675][   T45]       Not tainted 6.13.0-rc3 #5
[  577.667149][   T45] "echo 0 > /proc/sys/kernel/hung_task_timeout_secs" disables this message.
[  577.671313][   T45] task:kworker/u20:1   state:D stack:26000 pid:81    tgid:81    ppid:2      flags:0x00004000
[  577.676277][   T45] Workqueue: events_unbound idle_cull_fn
[  577.679140][   T45] Call Trace:
[  577.680765][   T45]  <TASK>
[  577.682282][   T45]  __schedule+0xe60/0x4120
[  577.684634][   T45]  ? srso_alias_return_thunk+0x5/0xfbef5
[  577.687348][   T45]  ? lockdep_unlock+0xe7/0x240
[  577.689686][   T45]  ? srso_alias_return_thunk+0x5/0xfbef5
[  577.692437][   T45]  ? __pfx___schedule+0x10/0x10
[  577.694843][   T45]  ? schedule+0x19d/0x210
[  577.696906][   T45]  ? srso_alias_return_thunk+0x5/0xfbef5
[  577.699522][   T45]  ? __pfx_lock_release+0x10/0x10
[  577.702163][   T45]  ? srso_alias_return_thunk+0x5/0xfbef5
[  577.704950][   T45]  ? srso_alias_return_thunk+0x5/0xfbef5
[  577.707681][   T45]  ? write_comp_data+0x29/0x90
[  577.710001][   T45]  schedule+0xd4/0x210
[  577.712117][   T45]  schedule_timeout+0x239/0x280
[  577.714470][   T45]  ? __pfx_schedule_timeout+0x10/0x10
[  577.717182][   T45]  ? srso_alias_return_thunk+0x5/0xfbef5
[  577.719940][   T45]  ? mark_held_locks+0x9e/0xe0
[  577.722363][   T45]  ? __pfx_do_raw_spin_lock+0x10/0x10
[  577.724981][   T45]  ? _raw_spin_unlock_irq+0x23/0x50
[  577.727521][   T45]  ? _raw_spin_unlock_irq+0x23/0x50
[  577.730126][   T45]  ? srso_alias_return_thunk+0x5/0xfbef5
[  577.732865][   T45]  wait_for_completion+0x181/0x2a0
[  577.735328][   T45]  ? __pfx_wait_for_completion+0x10/0x10
[  577.738137][   T45]  ? srso_alias_return_thunk+0x5/0xfbef5
[  577.740903][   T45]  ? __mutex_unlock_slowpath+0x15b/0x660
[  577.743608][   T45]  ? srso_alias_return_thunk+0x5/0xfbef5
[  577.746431][   T45]  ? write_comp_data+0x29/0x90
[  577.748822][   T45]  kthread_stop+0x197/0x660
[  577.751063][   T45]  kthread_stop_put+0x23/0xf0
[  577.753356][   T45]  reap_dying_workers+0x13a/0x210
[  577.755843][   T45]  idle_cull_fn+0x221/0x440
[  577.758119][   T45]  ? __pfx_idle_cull_fn+0x10/0x10
[  577.760601][   T45]  ? write_comp_data+0x29/0x90
[  577.762862][   T45]  ? _raw_spin_unlock_irq+0x23/0x50
[  577.765420][   T45]  ? _raw_spin_unlock_irq+0x23/0x50
[  577.768046][   T45]  process_scheduled_works+0x5ee/0x1ba0
[  577.770866][   T45]  ? __pfx_process_scheduled_works+0x10/0x10
[  577.773815][   T45]  ? __sanitizer_cov_trace_pc+0x20/0x60
[  577.776601][   T45]  ? srso_alias_return_thunk+0x5/0xfbef5
[  577.779328][   T45]  ? srso_alias_return_thunk+0x5/0xfbef5
[  577.782018][   T45]  ? __sanitizer_cov_trace_pc+0x20/0x60
[  577.784729][   T45]  ? srso_alias_return_thunk+0x5/0xfbef5
[  577.787490][   T45]  ? assign_work+0x195/0x240
[  577.789830][   T45]  worker_thread+0x59f/0xcf0
[  577.792184][   T45]  ? srso_alias_return_thunk+0x5/0xfbef5
[  577.794945][   T45]  ? __pfx_worker_thread+0x10/0x10
[  577.797488][   T45]  kthread+0x345/0x450
[  577.799600][   T45]  ? __pfx_kthread+0x10/0x10
[  577.801947][   T45]  ret_from_fork+0x48/0x80
[  577.804146][   T45]  ? __pfx_kthread+0x10/0x10
[  577.806439][   T45]  ret_from_fork_asm+0x1a/0x30
[  577.808813][   T45]  </TASK>
[  577.810483][   T45] 
[  577.810483][   T45] Showing all locks held in the system:
[  577.814201][   T45] 4 locks held by swapper/0/1:
[  577.816608][   T45] 1 lock held by khungtaskd/45:
[  577.818990][   T45]  #0: ffffffff9e31ae20 (rcu_read_lock){....}-{1:3}, at: debug_show_all_locks+0x75/0x340
[  577.823831][   T45] 2 locks held by kworker/u20:1/81:
[  577.826359][   T45]  #0: ff11000001079148 ((wq_completion)events_unbound){+.+.}-{0:0}, at: process_scheduled_works+0x1175/0x1ba0
[  577.832160][   T45]  #1: ffa0000000567d98 ((work_completion)(&pool->idle_cull_work)){+.+.}-{0:0}, at: process_scheduled_works+0x52f/0x1ba0
[  577.838265][   T45] 1 lock held by hwrng/104:
[  577.840470][   T45]  #0: ffffffff9eed1dc8 (reading_mutex){+.+.}-{4:4}, at: hwrng_fillfn+0x86/0x3d0
[  577.845117][   T45] 
[  577.846286][   T45] =============================================
[  577.846286][   T45] 
[  577.850312][   T45] Kernel panic - not syncing: hung_task: blocked tasks
[  577.851276][   T45] CPU: 3 UID: 0 PID: 45 Comm: khungtaskd Not tainted 6.13.0-rc3 #5
[  577.851276][   T45] Hardware name: QEMU Standard PC (i440FX + PIIX, 1996), BIOS 1.13.0-1ubuntu1.1 04/01/2014
[  577.851276][   T45] Call Trace:
[  577.851276][   T45]  <TASK>
[  577.851276][   T45]  dump_stack_lvl+0x3d/0x1b0
[  577.851276][   T45]  panic+0x70b/0x7c0
[  577.851276][   T45]  ? __sanitizer_cov_trace_pc+0x20/0x60
[  577.851276][   T45]  ? __pfx_panic+0x10/0x10
[  577.851276][   T45]  ? srso_alias_return_thunk+0x5/0xfbef5
[  577.851276][   T45]  ? watchdog+0xb29/0x11c0
[  577.851276][   T45]  watchdog+0xb47/0x11c0
[  577.851276][   T45]  ? __pfx_watchdog+0x10/0x10
[  577.851276][   T45]  kthread+0x345/0x450
[  577.851276][   T45]  ? __pfx_kthread+0x10/0x10
[  577.851276][   T45]  ret_from_fork+0x48/0x80
[  577.851276][   T45]  ? __pfx_kthread+0x10/0x10
[  577.851276][   T45]  ret_from_fork_asm+0x1a/0x30
[  577.851276][   T45]  </TASK>
[  577.851276][   T45] Shutting down cpus with NMI
[  577.851276][   T45] Kernel Offset: 0x12800000 from 0xffffffff81000000 (relocation range: 0xffffffff80000000-0xffffffffbfffffff)
[  577.851276][   T45] Rebooting in 86400 seconds..
